Archive member included because of file (symbol)

D:\MyDocuments\GitHub\Sensor-Board/mbed/TARGET_NUCLEO_F401RE/TOOLCHAIN_GCC_ARM\libmbed.a(serial_api.o)
                              D:\MyDocuments\GitHub\Sensor-Board/mbed/TARGET_NUCLEO_F401RE/TOOLCHAIN_GCC_ARM/retarget.o (serial_init)
D:\MyDocuments\GitHub\Sensor-Board/mbed/TARGET_NUCLEO_F401RE/TOOLCHAIN_GCC_ARM\libmbed.a(BusInOut.o)
                              ..\obj\Display.o (mbed::BusInOut::BusInOut(PinName, PinName, PinName, PinName, PinName, PinName, PinName, PinName, PinName, PinName, PinName, PinName, PinName, PinName, PinName, PinName))
D:\MyDocuments\GitHub\Sensor-Board/mbed/TARGET_NUCLEO_F401RE/TOOLCHAIN_GCC_ARM\libmbed.a(FileSystemLike.o)
                              D:\MyDocuments\GitHub\Sensor-Board/mbed/TARGET_NUCLEO_F401RE/TOOLCHAIN_GCC_ARM/retarget.o (mbed::FileSystemLike::opendir())
D:\MyDocuments\GitHub\Sensor-Board/mbed/TARGET_NUCLEO_F401RE/TOOLCHAIN_GCC_ARM\libmbed.a(FilePath.o)
                              D:\MyDocuments\GitHub\Sensor-Board/mbed/TARGET_NUCLEO_F401RE/TOOLCHAIN_GCC_ARM/retarget.o (mbed::FilePath::FilePath(char const*))
D:\MyDocuments\GitHub\Sensor-Board/mbed/TARGET_NUCLEO_F401RE/TOOLCHAIN_GCC_ARM\libmbed.a(SPI.o)
                              ..\obj\W5100.o (mbed::SPI::SPI(PinName, PinName, PinName, PinName))
D:\MyDocuments\GitHub\Sensor-Board/mbed/TARGET_NUCLEO_F401RE/TOOLCHAIN_GCC_ARM\libmbed.a(Stream.o)
                              ..\obj\Display.o (mbed::Stream::close())
D:\MyDocuments\GitHub\Sensor-Board/mbed/TARGET_NUCLEO_F401RE/TOOLCHAIN_GCC_ARM\libmbed.a(Serial.o)
                              ..\obj\main.o (mbed::Serial::Serial(PinName, PinName, char const*))
D:\MyDocuments\GitHub\Sensor-Board/mbed/TARGET_NUCLEO_F401RE/TOOLCHAIN_GCC_ARM\libmbed.a(Timer.o)
                              ..\obj\TCPSocketServer.o (mbed::Timer::Timer())
D:\MyDocuments\GitHub\Sensor-Board/mbed/TARGET_NUCLEO_F401RE/TOOLCHAIN_GCC_ARM\libmbed.a(assert.o)
                              ..\obj\Display.o (mbed_assert_internal)
D:\MyDocuments\GitHub\Sensor-Board/mbed/TARGET_NUCLEO_F401RE/TOOLCHAIN_GCC_ARM\libmbed.a(error.o)
                              D:\MyDocuments\GitHub\Sensor-Board/mbed/TARGET_NUCLEO_F401RE/TOOLCHAIN_GCC_ARM/retarget.o (error)
D:\MyDocuments\GitHub\Sensor-Board/mbed/TARGET_NUCLEO_F401RE/TOOLCHAIN_GCC_ARM\libmbed.a(gpio.o)
                              D:\MyDocuments\GitHub\Sensor-Board/mbed/TARGET_NUCLEO_F401RE/TOOLCHAIN_GCC_ARM\libmbed.a(BusInOut.o) (gpio_init_in)
D:\MyDocuments\GitHub\Sensor-Board/mbed/TARGET_NUCLEO_F401RE/TOOLCHAIN_GCC_ARM\libmbed.a(pinmap_common.o)
                              D:\MyDocuments\GitHub\Sensor-Board/mbed/TARGET_NUCLEO_F401RE/TOOLCHAIN_GCC_ARM\libmbed.a(serial_api.o) (pinmap_pinout)
D:\MyDocuments\GitHub\Sensor-Board/mbed/TARGET_NUCLEO_F401RE/TOOLCHAIN_GCC_ARM\libmbed.a(us_ticker_api.o)
                              D:\MyDocuments\GitHub\Sensor-Board/mbed/TARGET_NUCLEO_F401RE/TOOLCHAIN_GCC_ARM/hal_tick.o (us_ticker_irq_handler)
D:\MyDocuments\GitHub\Sensor-Board/mbed/TARGET_NUCLEO_F401RE/TOOLCHAIN_GCC_ARM\libmbed.a(rtc_time.o)
                              ..\obj\cyassl_int.o (time)
D:\MyDocuments\GitHub\Sensor-Board/mbed/TARGET_NUCLEO_F401RE/TOOLCHAIN_GCC_ARM\libmbed.a(wait_api.o)
                              ..\obj\W5100.o (wait_us)
D:\MyDocuments\GitHub\Sensor-Board/mbed/TARGET_NUCLEO_F401RE/TOOLCHAIN_GCC_ARM\libmbed.a(PeripheralPins.o)
                              D:\MyDocuments\GitHub\Sensor-Board/mbed/TARGET_NUCLEO_F401RE/TOOLCHAIN_GCC_ARM\libmbed.a(serial_api.o) (PinMap_UART_RX)
D:\MyDocuments\GitHub\Sensor-Board/mbed/TARGET_NUCLEO_F401RE/TOOLCHAIN_GCC_ARM\libmbed.a(gpio_api.o)
                              D:\MyDocuments\GitHub\Sensor-Board/mbed/TARGET_NUCLEO_F401RE/TOOLCHAIN_GCC_ARM\libmbed.a(gpio.o) (gpio_init)
D:\MyDocuments\GitHub\Sensor-Board/mbed/TARGET_NUCLEO_F401RE/TOOLCHAIN_GCC_ARM\libmbed.a(pinmap.o)
                              D:\MyDocuments\GitHub\Sensor-Board/mbed/TARGET_NUCLEO_F401RE/TOOLCHAIN_GCC_ARM\libmbed.a(gpio_api.o) (Set_GPIO_Clock)
D:\MyDocuments\GitHub\Sensor-Board/mbed/TARGET_NUCLEO_F401RE/TOOLCHAIN_GCC_ARM\libmbed.a(rtc_api.o)
                              D:\MyDocuments\GitHub\Sensor-Board/mbed/TARGET_NUCLEO_F401RE/TOOLCHAIN_GCC_ARM\libmbed.a(rtc_time.o) (rtc_init)
D:\MyDocuments\GitHub\Sensor-Board/mbed/TARGET_NUCLEO_F401RE/TOOLCHAIN_GCC_ARM\libmbed.a(spi_api.o)
                              D:\MyDocuments\GitHub\Sensor-Board/mbed/TARGET_NUCLEO_F401RE/TOOLCHAIN_GCC_ARM\libmbed.a(SPI.o) (spi_init)
D:\MyDocuments\GitHub\Sensor-Board/mbed/TARGET_NUCLEO_F401RE/TOOLCHAIN_GCC_ARM\libmbed.a(us_ticker.o)
                              D:\MyDocuments\GitHub\Sensor-Board/mbed/TARGET_NUCLEO_F401RE/TOOLCHAIN_GCC_ARM\libmbed.a(us_ticker_api.o) (us_ticker_init)
D:\MyDocuments\GitHub\Sensor-Board/mbed/TARGET_NUCLEO_F401RE/TOOLCHAIN_GCC_ARM\libmbed.a(FileLike.o)
[...]
Memory Configuration

Name             Origin             Length             Attributes
FLASH            0x08000000         0x00080000         xr
RAM              0x20000194         0x00017e6c         xrw
*default*        0x00000000         0xffffffff

Linker script and memory map

LOAD d:/program files (x86)/gnu tools arm embedded/4.9 2014q4/bin/../lib/gcc/arm-none-eabi/4.9.3/armv7e-m/softfp/crti.o
LOAD d:/program files (x86)/gnu tools arm embedded/4.9 2014q4/bin/../lib/gcc/arm-none-eabi/4.9.3/armv7e-m/softfp/crtbegin.o
LOAD d:/program files (x86)/gnu tools arm embedded/4.9 2014q4/bin/../lib/gcc/arm-none-eabi/4.9.3/../../../../arm-none-eabi/lib/armv7e-m/softfp/crt0.o
LOAD D:\MyDocuments\GitHub\Sensor-Board/mbed/TARGET_NUCLEO_F401RE/TOOLCHAIN_GCC_ARM/stm32f4xx_hal_cryp.o
LOAD D:\MyDocuments\GitHub\Sensor-Board/mbed/TARGET_NUCLEO_F401RE/TOOLCHAIN_GCC_ARM/stm32f4xx_hal_tim_ex.o
LOAD D:\MyDocuments\GitHub\Sensor-Board/mbed/TARGET_NUCLEO_F401RE/TOOLCHAIN_GCC_ARM/stm32f4xx_ll_fmc.o
LOAD D:\MyDocuments\GitHub\Sensor-Board/mbed/TARGET_NUCLEO_F401RE/TOOLCHAIN_GCC_ARM/stm32f4xx_hal_rcc.o
LOAD D:\MyDocuments\GitHub\Sensor-Board/mbed/TARGET_NUCLEO_F401RE/TOOLCHAIN_GCC_ARM/stm32f4xx_hal_smartcard.o
LOAD D:\MyDocuments\GitHub\Sensor-Board/mbed/TARGET_NUCLEO_F401RE/TOOLCHAIN_GCC_ARM/stm32f4xx_hal_pwr_ex.o
LOAD D:\MyDocuments\GitHub\Sensor-Board/mbed/TARGET_NUCLEO_F401RE/TOOLCHAIN_GCC_ARM/stm32f4xx_ll_fsmc.o
LOAD D:\MyDocuments\GitHub\Sensor-Board/mbed/TARGET_NUCLEO_F401RE/TOOLCHAIN_GCC_ARM/stm32f4xx_hal_rng.o
LOAD D:\MyDocuments\GitHub\Sensor-Board/mbed/TARGET_NUCLEO_F401RE/TOOLCHAIN_GCC_ARM/stm32f4xx_hal_eth.o
LOAD D:\MyDocuments\GitHub\Sensor-Board/mbed/TARGET_NUCLEO_F401RE/TOOLCHAIN_GCC_ARM/cmsis_nvic.o
LOAD D:\MyDocuments\GitHub\Sensor-Board/mbed/TARGET_NUCLEO_F401RE/TOOLCHAIN_GCC_ARM/stm32f4xx_hal.o
LOAD D:\MyDocuments\GitHub\Sensor-Board/mbed/TARGET_NUCLEO_F401RE/TOOLCHAIN_GCC_ARM/stm32f4xx_hal_dma_ex.o
LOAD D:\MyDocuments\GitHub\Sensor-Board/mbed/TARGET_NUCLEO_F401RE/TOOLCHAIN_GCC_ARM/stm32f4xx_ll_sdmmc.o
LOAD D:\MyDocuments\GitHub\Sensor-Board/mbed/TARGET_NUCLEO_F401RE/TOOLCHAIN_GCC_ARM/stm32f4xx_hal_hcd.o
LOAD D:\MyDocuments\GitHub\Sensor-Board/mbed/TARGET_NUCLEO_F401RE/TOOLCHAIN_GCC_ARM/hal_tick.o
LOAD D:\MyDocuments\GitHub\Sensor-Board/mbed/TARGET_NUCLEO_F401RE/TOOLCHAIN_GCC_ARM/stm32f4xx_hal_pccard.o
LOAD D:\MyDocuments\GitHub\Sensor-Board/mbed/TARGET_NUCLEO_F401RE/TOOLCHAIN_GCC_ARM/stm32f4xx_hal_dac_ex.o
LOAD D:\MyDocuments\GitHub\Sensor-Board/mbed/TARGET_NUCLEO_F401RE/TOOLCHAIN_GCC_ARM/stm32f4xx_hal_irda.o
LOAD D:\MyDocuments\GitHub\Sensor-Board/mbed/TARGET_NUCLEO_F401RE/TOOLCHAIN_GCC_ARM/stm32f4xx_hal_sd.o
LOAD D:\MyDocuments\GitHub\Sensor-Board/mbed/TARGET_NUCLEO_F401RE/TOOLCHAIN_GCC_ARM/stm32f4xx_hal_sai.o
LOAD D:\MyDocuments\GitHub\Sensor-Board/mbed/TARGET_NUCLEO_F401RE/TOOLCHAIN_GCC_ARM/stm32f4xx_hal_i2s_ex.o
LOAD D:\MyDocuments\GitHub\Sensor-Board/mbed/TARGET_NUCLEO_F401RE/TOOLCHAIN_GCC_ARM/stm32f4xx_hal_sram.o
LOAD D:\MyDocuments\GitHub\Sensor-Board/mbed/TARGET_NUCLEO_F401RE/TOOLCHAIN_GCC_ARM/stm32f4xx_hal_spi.o
LOAD D:\MyDocuments\GitHub\Sensor-Board/mbed/TARGET_NUCLEO_F401RE/TOOLCHAIN_GCC_ARM/stm32f4xx_hal_adc_ex.o
LOAD D:\MyDocuments\GitHub\Sensor-Board/mbed/TARGET_NUCLEO_F401RE/TOOLCHAIN_GCC_ARM/stm32f4xx_hal_gpio.o
LOAD D:\MyDocuments\GitHub\Sensor-Board/mbed/TARGET_NUCLEO_F401RE/TOOLCHAIN_GCC_ARM/stm32f4xx_hal_flash.o
LOAD D:\MyDocuments\GitHub\Sensor-Board/mbed/TARGET_NUCLEO_F401RE/TOOLCHAIN_GCC_ARM/stm32f4xx_hal_pcd_ex.o
LOAD D:\MyDocuments\GitHub\Sensor-Board/mbed/TARGET_NUCLEO_F401RE/TOOLCHAIN_GCC_ARM/board.o
LOAD D:\MyDocuments\GitHub\Sensor-Board/mbed/TARGET_NUCLEO_F401RE/TOOLCHAIN_GCC_ARM/stm32f4xx_hal_hash.o
LOAD D:\MyDocuments\GitHub\Sensor-Board/mbed/TARGET_NUCLEO_F401RE/TOOLCHAIN_GCC_ARM/stm32f4xx_hal_adc.o
LOAD D:\MyDocuments\GitHub\Sensor-Board/mbed/TARGET_NUCLEO_F401RE/TOOLCHAIN_GCC_ARM/stm32f4xx_hal_iwdg.o
LOAD D:\MyDocuments\GitHub\Sensor-Board/mbed/TARGET_NUCLEO_F401RE/TOOLCHAIN_GCC_ARM/stm32f4xx_hal_flash_ex.o
LOAD D:\MyDocuments\GitHub\Sensor-Board/mbed/TARGET_NUCLEO_F401RE/TOOLCHAIN_GCC_ARM/stm32f4xx_hal_rtc_ex.o
LOAD D:\MyDocuments\GitHub\Sensor-Board/mbed/TARGET_NUCLEO_F401RE/TOOLCHAIN_GCC_ARM/stm32f4xx_hal_nor.o
LOAD D:\MyDocuments\GitHub\Sensor-Board/mbed/TARGET_NUCLEO_F401RE/TOOLCHAIN_GCC_ARM/stm32f4xx_hal_i2s.o
LOAD D:\MyDocuments\GitHub\Sensor-Board/mbed/TARGET_NUCLEO_F401RE/TOOLCHAIN_GCC_ARM/system_stm32f4xx.o
LOAD D:\MyDocuments\GitHub\Sensor-Board/mbed/TARGET_NUCLEO_F401RE/TOOLCHAIN_GCC_ARM/stm32f4xx_hal_sdram.o
LOAD D:\MyDocuments\GitHub\Sensor-Board/mbed/TARGET_NUCLEO_F401RE/TOOLCHAIN_GCC_ARM/stm32f4xx_hal_pcd.o
LOAD D:\MyDocuments\GitHub\Sensor-Board/mbed/TARGET_NUCLEO_F401RE/TOOLCHAIN_GCC_ARM/stm32f4xx_hal_uart.o
LOAD D:\MyDocuments\GitHub\Sensor-Board/mbed/TARGET_NUCLEO_F401RE/TOOLCHAIN_GCC_ARM/stm32f4xx_hal_i2c.o
LOAD D:\MyDocuments\GitHub\Sensor-Board/mbed/TARGET_NUCLEO_F401RE/TOOLCHAIN_GCC_ARM/stm32f4xx_hal_cortex.o
LOAD D:\MyDocuments\GitHub\Sensor-Board/mbed/TARGET_NUCLEO_F401RE/TOOLCHAIN_GCC_ARM/stm32f4xx_hal_rtc.o
LOAD D:\MyDocuments\GitHub\Sensor-Board/mbed/TARGET_NUCLEO_F401RE/TOOLCHAIN_GCC_ARM/stm32f4xx_hal_ltdc.o
LOAD D:\MyDocuments\GitHub\Sensor-Board/mbed/TARGET_NUCLEO_F401RE/TOOLCHAIN_GCC_ARM/stm32f4xx_hal_tim.o
LOAD D:\MyDocuments\GitHub\Sensor-Board/mbed/TARGET_NUCLEO_F401RE/TOOLCHAIN_GCC_ARM/stm32f4xx_ll_usb.o
LOAD D:\MyDocuments\GitHub\Sensor-Board/mbed/TARGET_NUCLEO_F401RE/TOOLCHAIN_GCC_ARM/stm32f4xx_hal_hash_ex.o
LOAD D:\MyDocuments\GitHub\Sensor-Board/mbed/TARGET_NUCLEO_F401RE/TOOLCHAIN_GCC_ARM/stm32f4xx_hal_rcc_ex.o
LOAD D:\MyDocuments\GitHub\Sensor-Board/mbed/TARGET_NUCLEO_F401RE/TOOLCHAIN_GCC_ARM/retarget.o
LOAD D:\MyDocuments\GitHub\Sensor-Board/mbed/TARGET_NUCLEO_F401RE/TOOLCHAIN_GCC_ARM/startup_stm32f401xe.o
LOAD D:\MyDocuments\GitHub\Sensor-Board/mbed/TARGET_NUCLEO_F401RE/TOOLCHAIN_GCC_ARM/mbed_overrides.o
LOAD D:\MyDocuments\GitHub\Sensor-Board/mbed/TARGET_NUCLEO_F401RE/TOOLCHAIN_GCC_ARM/stm32f4xx_hal_dma.o
LOAD D:\MyDocuments\GitHub\Sensor-Board/mbed/TARGET_NUCLEO_F401RE/TOOLCHAIN_GCC_ARM/stm32f4xx_hal_can.o
LOAD D:\MyDocuments\GitHub\Sensor-Board/mbed/TARGET_NUCLEO_F401RE/TOOLCHAIN_GCC_ARM/stm32f4xx_hal_dma2d.o
LOAD D:\MyDocuments\GitHub\Sensor-Board/mbed/TARGET_NUCLEO_F401RE/TOOLCHAIN_GCC_ARM/stm32f4xx_hal_dac.o
LOAD D:\MyDocuments\GitHub\Sensor-Board/mbed/TARGET_NUCLEO_F401RE/TOOLCHAIN_GCC_ARM/stm32f4xx_hal_flash_ramfunc.o
LOAD D:\MyDocuments\GitHub\Sensor-Board/mbed/TARGET_NUCLEO_F401RE/TOOLCHAIN_GCC_ARM/stm32f4xx_hal_crc.o
LOAD D:\MyDocuments\GitHub\Sensor-Board/mbed/TARGET_NUCLEO_F401RE/TOOLCHAIN_GCC_ARM/stm32f4xx_hal_pwr.o
LOAD D:\MyDocuments\GitHub\Sensor-Board/mbed/TARGET_NUCLEO_F401RE/TOOLCHAIN_GCC_ARM/stm32f4xx_hal_wwdg.o
LOAD D:\MyDocuments\GitHub\Sensor-Board/mbed/TARGET_NUCLEO_F401RE/TOOLCHAIN_GCC_ARM/stm32f4xx_hal_i2c_ex.o
LOAD D:\MyDocuments\GitHub\Sensor-Board/mbed/TARGET_NUCLEO_F401RE/TOOLCHAIN_GCC_ARM/stm32f4xx_hal_cryp_ex.o
LOAD D:\MyDocuments\GitHub\Sensor-Board/mbed/TARGET_NUCLEO_F401RE/TOOLCHAIN_GCC_ARM/stm32f4xx_hal_nand.o
LOAD D:\MyDocuments\GitHub\Sensor-Board/mbed/TARGET_NUCLEO_F401RE/TOOLCHAIN_GCC_ARM/stm32f4xx_hal_usart.o
LOAD D:\MyDocuments\GitHub\Sensor-Board/mbed/TARGET_NUCLEO_F401RE/TOOLCHAIN_GCC_ARM/stm32f4xx_hal_dcmi.o

.text           0x08000000     0x8c94
 *(.isr_vector)
 .isr_vector    0x08000000      0x194 D:\MyDocuments\GitHub\Sensor-Board/mbed/TARGET_NUCLEO_F401RE/TOOLCHAIN_GCC_ARM/startup_stm32f401xe.o
                0x08000000                g_pfnVectors
 *(.text*)
 .text          0x08000194       0x5c d:/program files (x86)/gnu tools arm embedded/4.9 2014q4/bin/../lib/gcc/arm-none-eabi/4.9.3/armv7e-m/softfp/crtbegin.o
 .text          0x080001f0       0x74 d:/program files (x86)/gnu tools arm embedded/4.9 2014q4/bin/../lib/gcc/arm-none-eabi/4.9.3/../../../../arm-none-eabi/lib/armv7e-m/softfp/crt0.o
                0x080001f0                _start
                0x080001f0                _mainCRTStartup
 .text.HAL_RCC_OscConfig
                0x08000264      0x35c D:\MyDocuments\GitHub\Sensor-Board/mbed/TARGET_NUCLEO_F401RE/TOOLCHAIN_GCC_ARM/stm32f4xx_hal_rcc.o
                0x08000264                HAL_RCC_OscConfig
 .text.HAL_RCC_ClockConfig
                0x080005c0      0x1b0 D:\MyDocuments\GitHub\Sensor-Board/mbed/TARGET_NUCLEO_F401RE/TOOLCHAIN_GCC_ARM/stm32f4xx_hal_rcc.o
                0x080005c0                HAL_RCC_ClockConfig
 .text.HAL_RCC_GetSysClockFreq
                0x08000770       0x9c D:\MyDocuments\GitHub\Sensor-Board/mbed/TARGET_NUCLEO_F401RE/TOOLCHAIN_GCC_ARM/stm32f4xx_hal_rcc.o
                0x08000770                HAL_RCC_GetSysClockFreq
 .text.HAL_RCC_GetHCLKFreq
                0x0800080c       0x38 D:\MyDocuments\GitHub\Sensor-Board/mbed/TARGET_NUCLEO_F401RE/TOOLCHAIN_GCC_ARM/stm32f4xx_hal_rcc.o
                0x0800080c                HAL_RCC_GetHCLKFreq
 .text.HAL_RCC_GetPCLK1Freq
                0x08000844       0x30 D:\MyDocuments\GitHub\Sensor-Board/mbed/TARGET_NUCLEO_F401RE/TOOLCHAIN_GCC_ARM/stm32f4xx_hal_rcc.o
                0x08000844                HAL_RCC_GetPCLK1Freq
 .text.HAL_RCC_GetPCLK2Freq
                0x08000874       0x30 D:\MyDocuments\GitHub\Sensor-Board/mbed/TARGET_NUCLEO_F401RE/TOOLCHAIN_GCC_ARM/stm32f4xx_hal_rcc.o
                0x08000874                HAL_RCC_GetPCLK2Freq
 .text.NVIC_SetVector
                0x080008a4       0x48 D:\MyDocuments\GitHub\Sensor-Board/mbed/TARGET_NUCLEO_F401RE/TOOLCHAIN_GCC_ARM/cmsis_nvic.o
                0x080008a4                NVIC_SetVector
 .text.HAL_MspInit
                0x080008ec        0x4 D:\MyDocuments\GitHub\Sensor-Board/mbed/TARGET_NUCLEO_F401RE/TOOLCHAIN_GCC_ARM/stm32f4xx_hal.o
                0x080008ec                HAL_MspInit
 .text.HAL_Init
                0x080008f0       0x34 D:\MyDocuments\GitHub\Sensor-Board/mbed/TARGET_NUCLEO_F401RE/TOOLCHAIN_GCC_ARM/stm32f4xx_hal.o
                0x080008f0                HAL_Init
 .text.HAL_IncTick
                0x08000924       0x10 D:\MyDocuments\GitHub\Sensor-Board/mbed/TARGET_NUCLEO_F401RE/TOOLCHAIN_GCC_ARM/stm32f4xx_hal.o
                0x08000924                HAL_IncTick
 .text.HAL_GetTick
                0x08000934        0xc D:\MyDocuments\GitHub\Sensor-Board/mbed/TARGET_NUCLEO_F401RE/TOOLCHAIN_GCC_ARM/stm32f4xx_hal.o
                0x08000934                HAL_GetTick
 .text.timer_irq_handler
                0x08000940       0x50 D:\MyDocuments\GitHub\Sensor-Board/mbed/TARGET_NUCLEO_F401RE/TOOLCHAIN_GCC_ARM/hal_tick.o
                0x08000940                timer_irq_handler
 .text.HAL_InitTick
                0x08000990       0xa4 D:\MyDocuments\GitHub\Sensor-Board/mbed/TARGET_NUCLEO_F401RE/TOOLCHAIN_GCC_ARM/hal_tick.o
                0x08000990                HAL_InitTick
 .text.HAL_SPI_MspInit
                0x08000a34        0x4 D:\MyDocuments\GitHub\Sensor-Board/mbed/TARGET_NUCLEO_F401RE/TOOLCHAIN_GCC_ARM/stm32f4xx_hal_spi.o
                0x08000a34                HAL_SPI_MspInit
 .text.HAL_SPI_Init
                0x08000a38       0xa4 D:\MyDocuments\GitHub\Sensor-Board/mbed/TARGET_NUCLEO_F401RE/TOOLCHAIN_GCC_ARM/stm32f4xx_hal_spi.o
                0x08000a38                HAL_SPI_Init
 .text.HAL_GPIO_Init
                0x08000adc      0x278 D:\MyDocuments\GitHub\Sensor-Board/mbed/TARGET_NUCLEO_F401RE/TOOLCHAIN_GCC_ARM/stm32f4xx_hal_gpio.o
                0x08000adc                HAL_GPIO_Init
 .text.mbed_die
                0x08000d54       0x14 D:\MyDocuments\GitHub\Sensor-Board/mbed/TARGET_NUCLEO_F401RE/TOOLCHAIN_GCC_ARM/board.o
                0x08000d54                mbed_die
 .text.HAL_IWDG_MspInit
                0x08000d68        0x4 D:\MyDocuments\GitHub\Sensor-Board/mbed/TARGET_NUCLEO_F401RE/TOOLCHAIN_GCC_ARM/stm32f4xx_hal_iwdg.o
                0x08000d68                HAL_IWDG_MspInit
 .text.HAL_IWDG_Init
                0x08000d6c       0x44 D:\MyDocuments\GitHub\Sensor-Board/mbed/TARGET_NUCLEO_F401RE/TOOLCHAIN_GCC_ARM/stm32f4xx_hal_iwdg.o
                0x08000d6c                HAL_IWDG_Init
 .text.HAL_IWDG_Start
                0x08000db0       0x30 D:\MyDocuments\GitHub\Sensor-Board/mbed/TARGET_NUCLEO_F401RE/TOOLCHAIN_GCC_ARM/stm32f4xx_hal_iwdg.o
                0x08000db0                HAL_IWDG_Start
 .text.HAL_IWDG_Refresh
                0x08000de0       0x50 D:\MyDocuments\GitHub\Sensor-Board/mbed/TARGET_NUCLEO_F401RE/TOOLCHAIN_GCC_ARM/stm32f4xx_hal_iwdg.o
                0x08000de0                HAL_IWDG_Refresh
 .text.HAL_IWDG_GetState
                0x08000e30        0x4 D:\MyDocuments\GitHub\Sensor-Board/mbed/TARGET_NUCLEO_F401RE/TOOLCHAIN_GCC_ARM/stm32f4xx_hal_iwdg.o
                0x08000e30                HAL_IWDG_GetState
 .text.SystemCoreClockUpdate
                0x08000e34       0x70 D:\MyDocuments\GitHub\Sensor-Board/mbed/TARGET_NUCLEO_F401RE/TOOLCHAIN_GCC_ARM/system_stm32f4xx.o
                0x08000e34                SystemCoreClockUpdate
 .text.SetSysClock_PLL_HSE
                0x08000ea4       0x84 D:\MyDocuments\GitHub\Sensor-Board/mbed/TARGET_NUCLEO_F401RE/TOOLCHAIN_GCC_ARM/system_stm32f4xx.o
                0x08000ea4                SetSysClock_PLL_HSE
 .text.SetSysClock_PLL_HSI
                0x08000f28       0x84 D:\MyDocuments\GitHub\Sensor-Board/mbed/TARGET_NUCLEO_F401RE/TOOLCHAIN_GCC_ARM/system_stm32f4xx.o
                0x08000f28                SetSysClock_PLL_HSI
 .text.SetSysClock
                0x08000fac       0x20 D:\MyDocuments\GitHub\Sensor-Board/mbed/TARGET_NUCLEO_F401RE/TOOLCHAIN_GCC_ARM/system_stm32f4xx.o
                0x08000fac                SetSysClock
 .text.SystemInit
                0x08000fcc       0x74 D:\MyDocuments\GitHub\Sensor-Board/mbed/TARGET_NUCLEO_F401RE/TOOLCHAIN_GCC_ARM/system_stm32f4xx.o
                0x08000fcc                SystemInit
 .text.UART_SetConfig
                0x08001040      0x1b4 D:\MyDocuments\GitHub\Sensor-Board/mbed/TARGET_NUCLEO_F401RE/TOOLCHAIN_GCC_ARM/stm32f4xx_hal_uart.o
 .text.HAL_UART_MspInit
                0x080011f4        0x4 D:\MyDocuments\GitHub\Sensor-Board/mbed/TARGET_NUCLEO_F401RE/TOOLCHAIN_GCC_ARM/stm32f4xx_hal_uart.o
                0x080011f4                HAL_UART_MspInit
 .text.HAL_UART_Init
                0x080011f8       0x58 D:\MyDocuments\GitHub\Sensor-Board/mbed/TARGET_NUCLEO_F401RE/TOOLCHAIN_GCC_ARM/stm32f4xx_hal_uart.o
                0x080011f8                HAL_UART_Init
 .text.HAL_NVIC_SetPriorityGrouping
                0x08001250       0x24 D:\MyDocuments\GitHub\Sensor-Board/mbed/TARGET_NUCLEO_F401RE/TOOLCHAIN_GCC_ARM/stm32f4xx_hal_cortex.o
                0x08001250                HAL_NVIC_SetPriorityGrouping
 .text.HAL_RTC_MspInit
                0x08001274        0x4 D:\MyDocuments\GitHub\Sensor-Board/mbed/TARGET_NUCLEO_F401RE/TOOLCHAIN_GCC_ARM/stm32f4xx_hal_rtc.o
                0x08001274                HAL_RTC_MspInit
 .text.HAL_RTC_GetTime
                0x08001278       0x5c D:\MyDocuments\GitHub\Sensor-Board/mbed/TARGET_NUCLEO_F401RE/TOOLCHAIN_GCC_ARM/stm32f4xx_hal_rtc.o
                0x08001278                HAL_RTC_GetTime
 .text.HAL_RTC_GetDate
                0x080012d4       0x58 D:\MyDocuments\GitHub\Sensor-Board/mbed/TARGET_NUCLEO_F401RE/TOOLCHAIN_GCC_ARM/stm32f4xx_hal_rtc.o
                0x080012d4                HAL_RTC_GetDate
 .text.HAL_RTC_WaitForSynchro
                0x0800132c       0x34 D:\MyDocuments\GitHub\Sensor-Board/mbed/TARGET_NUCLEO_F401RE/TOOLCHAIN_GCC_ARM/stm32f4xx_hal_rtc.o
                0x0800132c                HAL_RTC_WaitForSynchro
 .text.RTC_EnterInitMode
                0x08001360       0x34 D:\MyDocuments\GitHub\Sensor-Board/mbed/TARGET_NUCLEO_F401RE/TOOLCHAIN_GCC_ARM/stm32f4xx_hal_rtc.o
                0x08001360                RTC_EnterInitMode
 .text.HAL_RTC_Init
                0x08001394       0x98 D:\MyDocuments\GitHub\Sensor-Board/mbed/TARGET_NUCLEO_F401RE/TOOLCHAIN_GCC_ARM/stm32f4xx_hal_rtc.o
                0x08001394                HAL_RTC_Init
 .text.HAL_RTC_SetTime
                0x0800142c      0x148 D:\MyDocuments\GitHub\Sensor-Board/mbed/TARGET_NUCLEO_F401RE/TOOLCHAIN_GCC_ARM/stm32f4xx_hal_rtc.o
                0x0800142c                HAL_RTC_SetTime
 .text.HAL_RTC_SetDate
                0x08001574      0x118 D:\MyDocuments\GitHub\Sensor-Board/mbed/TARGET_NUCLEO_F401RE/TOOLCHAIN_GCC_ARM/stm32f4xx_hal_rtc.o
                0x08001574                HAL_RTC_SetDate
 .text.HAL_TIM_OC_MspInit
                0x0800168c        0x4 D:\MyDocuments\GitHub\Sensor-Board/mbed/TARGET_NUCLEO_F401RE/TOOLCHAIN_GCC_ARM/stm32f4xx_hal_tim.o
                0x0800168c                HAL_TIM_OC_MspInit
 .text.HAL_TIM_OC_Start
                0x08001690       0x40 D:\MyDocuments\GitHub\Sensor-Board/mbed/TARGET_NUCLEO_F401RE/TOOLCHAIN_GCC_ARM/stm32f4xx_hal_tim.o
                0x08001690                HAL_TIM_OC_Start
 .text.TIM_Base_SetConfig
                0x080016d0       0xa0 D:\MyDocuments\GitHub\Sensor-Board/mbed/TARGET_NUCLEO_F401RE/TOOLCHAIN_GCC_ARM/stm32f4xx_hal_tim.o
                0x080016d0                TIM_Base_SetConfig
 .text.HAL_TIM_OC_Init
                0x08001770       0x30 D:\MyDocuments\GitHub\Sensor-Board/mbed/TARGET_NUCLEO_F401RE/TOOLCHAIN_GCC_ARM/stm32f4xx_hal_tim.o
                0x08001770                HAL_TIM_OC_Init
 .text._ZN4mbed10FileHandle4flenEv
                0x080017a0       0x34 D:\MyDocuments\GitHub\Sensor-Board/mbed/TARGET_NUCLEO_F401RE/TOOLCHAIN_GCC_ARM/retarget.o
                0x080017a0                mbed::FileHandle::flen()
 .text._ZN4mbed10FileHandleD2Ev
                0x080017d4       0x2c D:\MyDocuments\GitHub\Sensor-Board/mbed/TARGET_NUCLEO_F401RE/TOOLCHAIN_GCC_ARM/retarget.o
                0x080017d4                mbed::FileHandle::~FileHandle()
                0x080017d4                mbed::FileHandle::~FileHandle()
 .text._ZN4mbed10FileHandleD0Ev
                0x08001800       0x34 D:\MyDocuments\GitHub\Sensor-Board/mbed/TARGET_NUCLEO_F401RE/TOOLCHAIN_GCC_ARM/retarget.o
                0x08001800                mbed::FileHandle::~FileHandle()
 .text._ZL11init_serialv.part.0
                0x08001834       0x10 D:\MyDocuments\GitHub\Sensor-Board/mbed/TARGET_NUCLEO_F401RE/TOOLCHAIN_GCC_ARM/retarget.o
 .text._open    0x08001844       0xf8 D:\MyDocuments\GitHub\Sensor-Board/mbed/TARGET_NUCLEO_F401RE/TOOLCHAIN_GCC_ARM/retarget.o
                0x08001844                _open
 .text._close   0x0800193c       0x2c D:\MyDocuments\GitHub\Sensor-Board/mbed/TARGET_NUCLEO_F401RE/TOOLCHAIN_GCC_ARM/retarget.o
                0x0800193c                _close
 .text._write   0x08001968       0x50 D:\MyDocuments\GitHub\Sensor-Board/mbed/TARGET_NUCLEO_F401RE/TOOLCHAIN_GCC_ARM/retarget.o
                0x08001968                _write
 .text._read    0x080019b8       0x4c D:\MyDocuments\GitHub\Sensor-Board/mbed/TARGET_NUCLEO_F401RE/TOOLCHAIN_GCC_ARM/retarget.o
                0x080019b8                _read
 .text._isatty  0x08001a04       0x28 D:\MyDocuments\GitHub\Sensor-Board/mbed/TARGET_NUCLEO_F401RE/TOOLCHAIN_GCC_ARM/retarget.o
                0x08001a04                _isatty
 .text._lseek   0x08001a2c       0x28 D:\MyDocuments\GitHub\Sensor-Board/mbed/TARGET_NUCLEO_F401RE/TOOLCHAIN_GCC_ARM/retarget.o
                0x08001a2c                _lseek
 .text._fstat   0x08001a54       0x20 D:\MyDocuments\GitHub\Sensor-Board/mbed/TARGET_NUCLEO_F401RE/TOOLCHAIN_GCC_ARM/retarget.o
                0x08001a54                _fstat
 .text.__cxa_pure_virtual
                0x08001a74        0x8 D:\MyDocuments\GitHub\Sensor-Board/mbed/TARGET_NUCLEO_F401RE/TOOLCHAIN_GCC_ARM/retarget.o
                0x08001a74                __cxa_pure_virtual
 .text.mbed_main
                0x08001a7c        0x4 D:\MyDocuments\GitHub\Sensor-Board/mbed/TARGET_NUCLEO_F401RE/TOOLCHAIN_GCC_ARM/retarget.o
                0x08001a7c                mbed_main
 .text.__wrap_main
                0x08001a80       0x14 D:\MyDocuments\GitHub\Sensor-Board/mbed/TARGET_NUCLEO_F401RE/TOOLCHAIN_GCC_ARM/retarget.o
                0x08001a80                __wrap_main
 .text._sbrk    0x08001a94       0x28 D:\MyDocuments\GitHub\Sensor-Board/mbed/TARGET_NUCLEO_F401RE/TOOLCHAIN_GCC_ARM/retarget.o
                0x08001a94                _sbrk
 .text._exit    0x08001abc       0x24 D:\MyDocuments\GitHub\Sensor-Board/mbed/TARGET_NUCLEO_F401RE/TOOLCHAIN_GCC_ARM/retarget.o
                0x08001abc                _exit
 .text._ZN4mbed26mbed_set_unbuffered_streamEP7__sFILE
                0x08001ae0        0x8 D:\MyDocuments\GitHub\Sensor-Board/mbed/TARGET_NUCLEO_F401RE/TOOLCHAIN_GCC_ARM/retarget.o
                0x08001ae0                mbed::mbed_set_unbuffered_stream(__sFILE*)
 .text.Reset_Handler
                0x08001ae8       0x54 D:\MyDocuments\GitHub\Sensor-Board/mbed/TARGET_NUCLEO_F401RE/TOOLCHAIN_GCC_ARM/startup_stm32f401xe.o
                0x08001ae8                Reset_Handler
 .text.Default_Handler
                0x08001b3c        0x4 D:\MyDocuments\GitHub\Sensor-Board/mbed/TARGET_NUCLEO_F401RE/TOOLCHAIN_GCC_ARM/startup_stm32f401xe.o
                0x08001b3c                RTC_Alarm_IRQHandler
                0x08001b3c                EXTI2_IRQHandler
                0x08001b3c                DebugMon_Handler
                0x08001b3c                SPI4_IRQHandler
                0x08001b3c                TIM1_CC_IRQHandler
                0x08001b3c                DMA2_Stream5_IRQHandler
                0x08001b3c                HardFault_Handler
                0x08001b3c                DMA1_Stream5_IRQHandler
                0x08001b3c                PVD_IRQHandler
                0x08001b3c                SDIO_IRQHandler
                0x08001b3c                TAMP_STAMP_IRQHandler
                0x08001b3c                NMI_Handler
                0x08001b3c                EXTI3_IRQHandler
                0x08001b3c                TIM1_UP_TIM10_IRQHandler
                0x08001b3c                I2C3_ER_IRQHandler
                0x08001b3c                EXTI0_IRQHandler
                0x08001b3c                I2C2_EV_IRQHandler
                0x08001b3c                DMA1_Stream2_IRQHandler
                0x08001b3c                FPU_IRQHandler
                0x08001b3c                UsageFault_Handler
                0x08001b3c                DMA2_Stream2_IRQHandler
                0x08001b3c                SPI1_IRQHandler
                0x08001b3c                TIM1_BRK_TIM9_IRQHandler
                0x08001b3c                DMA2_Stream3_IRQHandler
                0x08001b3c                USART6_IRQHandler
                0x08001b3c                DMA2_Stream0_IRQHandler
                0x08001b3c                TIM4_IRQHandler
                0x08001b3c                I2C1_EV_IRQHandler
                0x08001b3c                DMA1_Stream6_IRQHandler
                0x08001b3c                DMA1_Stream1_IRQHandler
                0x08001b3c                TIM3_IRQHandler
                0x08001b3c                RCC_IRQHandler
                0x08001b3c                Default_Handler
                0x08001b3c                EXTI15_10_IRQHandler
                0x08001b3c                ADC_IRQHandler
                0x08001b3c                DMA1_Stream7_IRQHandler
                0x08001b3c                TIM5_IRQHandler
                0x08001b3c                DMA2_Stream7_IRQHandler
                0x08001b3c                I2C3_EV_IRQHandler
                0x08001b3c                EXTI9_5_IRQHandler
                0x08001b3c                RTC_WKUP_IRQHandler
                0x08001b3c                SPI2_IRQHandler
                0x08001b3c                MemManage_Handler
                0x08001b3c                DMA1_Stream0_IRQHandler
                0x08001b3c                EXTI4_IRQHandler
                0x08001b3c                WWDG_IRQHandler
                0x08001b3c                TIM2_IRQHandler
                0x08001b3c                OTG_FS_WKUP_IRQHandler
                0x08001b3c                TIM1_TRG_COM_TIM11_IRQHandler
                0x08001b3c                EXTI1_IRQHandler
                0x08001b3c                USART2_IRQHandler
                0x08001b3c                I2C2_ER_IRQHandler
                0x08001b3c                DMA2_Stream1_IRQHandler
                0x08001b3c                FLASH_IRQHandler
                0x08001b3c                DMA2_Stream4_IRQHandler
                0x08001b3c                BusFault_Handler
                0x08001b3c                USART1_IRQHandler
                0x08001b3c                OTG_FS_IRQHandler
                0x08001b3c                SPI3_IRQHandler
                0x08001b3c                DMA1_Stream4_IRQHandler
                0x08001b3c                I2C1_ER_IRQHandler
                0x08001b3c                DMA2_Stream6_IRQHandler
                0x08001b3c                DMA1_Stream3_IRQHandler
 .text.mbed_sdk_init
                0x08001b40       0x10 D:\MyDocuments\GitHub\Sensor-Board/mbed/TARGET_NUCLEO_F401RE/TOOLCHAIN_GCC_ARM/mbed_overrides.o
                0x08001b40                mbed_sdk_init
 .text.HAL_PWR_EnableBkUpAccess
                0x08001b50        0xc D:\MyDocuments\GitHub\Sensor-Board/mbed/TARGET_NUCLEO_F401RE/TOOLCHAIN_GCC_ARM/stm32f4xx_hal_pwr.o
                0x08001b50                HAL_PWR_EnableBkUpAccess
 .text.os_idle_demon
                0x08001b5c        0x2 ..\obj\RTX_Conf_CM.o
                0x08001b5c                os_idle_demon
 .text.os_error
                0x08001b5e        0x4 ..\obj\RTX_Conf_CM.o
                0x08001b5e                os_error
 .text.sysThreadError
                0x08001b62        0x8 ..\obj\RTX_Conf_CM.o
                0x08001b62                sysThreadError
 *fill*         0x08001b6a        0x2 
 .text.set_main_stack
                0x08001b6c       0x1c ..\obj\RTX_Conf_CM.o
                0x08001b6c                set_main_stack
 .text.software_init_hook
                0x08001b88       0x38 ..\obj\RTX_Conf_CM.o
                0x08001b88                software_init_hook
 .text.rt_init_robin
                0x08001bc0       0x18 ..\obj\rt_Robin.o
                0x08001bc0                rt_init_robin
 .text.rt_chk_robin
                0x08001bd8       0x50 ..\obj\rt_Robin.o
                0x08001bd8                rt_chk_robin
 .text._ZN4rtos5MutexC2Ev
                0x08001c28       0x30 ..\obj\Mutex.o
                0x08001c28                rtos::Mutex::Mutex()
                0x08001c28                rtos::Mutex::Mutex()
 .text._ZN4rtos5MutexD2Ev
                0x08001c58        0xe ..\obj\Mutex.o
                0x08001c58                rtos::Mutex::~Mutex()
                0x08001c58                rtos::Mutex::~Mutex()
 .text._ZN4mbed10DigitalOutC2E7PinName
                0x08001c66       0x1a ..\obj\Display.o
                0x08001c66                mbed::DigitalOut::DigitalOut(PinName)
                0x08001c66                mbed::DigitalOut::DigitalOut(PinName)
 .text.rt_psh_req
                0x08001c80       0x24 ..\obj\rt_System.o
                0x08001c80                rt_psh_req
 .text.rt_pop_req
                0x08001ca4       0x74 ..\obj\rt_System.o
                0x08001ca4                rt_pop_req
 .text.os_tick_init
                0x08001d18       0x30 ..\obj\rt_System.o
                0x08001d18                os_tick_init
 .text.os_tick_irqack
                0x08001d48        0x2 ..\obj\rt_System.o
                0x08001d48                os_tick_irqack
 *fill*         0x08001d4a        0x2 
 .text.rt_systick
                0x08001d4c       0x40 ..\obj\rt_System.o
                0x08001d4c                rt_systick
 .text.rt_stk_check
                0x08001d8c       0x2c ..\obj\rt_System.o
                0x08001d8c                rt_stk_check
 .text.rt_dispatch.part.0
                0x08001db8       0x1c ..\obj\rt_Task.o
 .text.rt_get_TID
                0x08001dd4       0x24 ..\obj\rt_Task.o
                0x08001dd4                rt_get_TID
 .text.rt_init_context
                0x08001df8       0x2a ..\obj\rt_Task.o
                0x08001df8                rt_init_context
 *fill*         0x08001e22        0x2 
 .text.rt_switch_req
                0x08001e24       0x10 ..\obj\rt_Task.o
                0x08001e24                rt_switch_req
 .text.rt_dispatch
                0x08001e34       0x44 ..\obj\rt_Task.o
                0x08001e34                rt_dispatch
 .text.rt_block
                0x08001e78       0x34 ..\obj\rt_Task.o
                0x08001e78                rt_block
 .text.rt_tsk_self
                0x08001eac       0x10 ..\obj\rt_Task.o
                0x08001eac                rt_tsk_self
 .text.rt_tsk_prio
                0x08001ebc       0x74 ..\obj\rt_Task.o
                0x08001ebc                rt_tsk_prio
 .text.rt_tsk_delete
                0x08001f30       0x70 ..\obj\rt_Task.o
                0x08001f30                rt_tsk_delete
 .text.rt_sys_init
                0x08001fa0       0xdc ..\obj\rt_Task.o
                0x08001fa0                rt_sys_init
 .text.rt_sys_start
                0x0800207c       0x3c ..\obj\rt_Task.o
                0x0800207c                rt_sys_start
 .text._ZN4mbed10SerialBaseD2Ev
                0x080020b8        0x2 ..\obj\main.o
                0x080020b8                mbed::SerialBase::~SerialBase()
                0x080020b8                mbed::SerialBase::~SerialBase()
 *fill*         0x080020ba        0x2 
 .text.gpio_read
                0x080020bc       0x30 ..\obj\main.o
 .text.gpio_write
                0x080020ec       0x30 ..\obj\main.o
 .text._ZN15TCPSocketServerD2Ev
                0x0800211c        0xc ..\obj\main.o
                0x0800211c                TCPSocketServer::~TCPSocketServer()
                0x0800211c                TCPSocketServer::~TCPSocketServer()
 .text._ZN4mbed6SerialD2Ev
                0x08002128       0x20 ..\obj\main.o
                0x08002128                mbed::Serial::~Serial()
                0x08002128                mbed::Serial::~Serial()
 .text._ZN4mbed6SerialD1Ev
                0x08002148       0x10 ..\obj\main.o
                0x08002148                non-virtual thunk to mbed::Serial::~Serial()
                0x08002150                non-virtual thunk to mbed::Serial::~Serial()
 .text._ZN4mbed10SerialBaseD0Ev
                0x08002158        0xc ..\obj\main.o
                0x08002158                mbed::SerialBase::~SerialBase()
 .text._Z13watchdog_initv
                0x08002164       0x1c ..\obj\main.o
                0x08002164                watchdog_init()
 .text._Z14watchdog_startv
                0x08002180        0xc ..\obj\main.o
                0x08002180                watchdog_start()
 .text._Z16watchdog_refreshv
                0x0800218c        0xc ..\obj\main.o
                0x0800218c                watchdog_refresh()
 .text._Z11t_led_blinkPKv
                0x08002198       0x28 ..\obj\main.o
                0x08002198                t_led_blink(void const*)
 .text._Z12t_led_blink2PKv
                0x080021c0       0x28 ..\obj\main.o
                0x080021c0                t_led_blink2(void const*)
 .text._Z15watchdog_statusv
                0x080021e8       0x60 ..\obj\main.o
                0x080021e8                watchdog_status()
 .text._Z15f_ethernet_initv
                0x08002248       0xcc ..\obj\main.o
                0x08002248                f_ethernet_init()
 .text.startup.main
                0x08002314       0x44 ..\obj\main.o
                0x08002314                main
 .text._ZN4mbed6SerialD0Ev
                0x08002358       0x1e ..\obj\main.o
                0x08002358                mbed::Serial::~Serial()
                0x0800236a                non-virtual thunk to mbed::Serial::~Serial()
                0x08002370                non-virtual thunk to mbed::Serial::~Serial()
 *fill*         0x08002376        0x2 
 .text.startup._GLOBAL__sub_I_pc
                0x08002378       0xc8 ..\obj\main.o
 .text.rt_evt_psh
                0x08002440       0x54 ..\obj\rt_Event.o
                0x08002440                rt_evt_psh
 .text._ZN4rtos6ThreadC2EPFvPKvEPv10osPrioritymPh
                0x08002494       0x4c ..\obj\Thread.o
                0x08002494                rtos::Thread::Thread(void (*)(void const*), void*, osPriority, unsigned long, unsigned char*)
                0x08002494                rtos::Thread::Thread(void (*)(void const*), void*, osPriority, unsigned long, unsigned char*)
 .text._ZN4rtos6Thread9terminateEv
                0x080024e0        0x6 ..\obj\Thread.o
                0x080024e0                rtos::Thread::terminate()
 *fill*         0x080024e6        0x2 
 .text._ZN4rtos6ThreadD2Ev
                0x080024e8       0x24 ..\obj\Thread.o
                0x080024e8                rtos::Thread::~Thread()
                0x080024e8                rtos::Thread::~Thread()
 .text._ZN4rtos6ThreadD0Ev
                0x0800250c       0x12 ..\obj\Thread.o
                0x0800250c                rtos::Thread::~Thread()
 .text._ZN4rtos6Thread4waitEm
                0x0800251e        0x4 ..\obj\Thread.o
                0x0800251e                rtos::Thread::wait(unsigned long)
 .text.rt_mut_init
                0x08002522       0x10 ..\obj\rt_Mutex.o
                0x08002522                rt_mut_init
 *fill*         0x08002532        0x2 
 .text.rt_mut_delete
                0x08002534       0x74 ..\obj\rt_Mutex.o
                0x08002534                rt_mut_delete
 .text.rt_sem_psh
                0x080025a8       0x34 ..\obj\rt_Semaphore.o
                0x080025a8                rt_sem_psh
 .text._ZN15WIZnetInterfaceC2E7PinNameS0_S0_S0_S0_
                0x080025dc       0x20 ..\obj\WIZnetInterface.o
                0x080025dc                WIZnetInterface::WIZnetInterface(PinName, PinName, PinName, PinName, PinName)
                0x080025dc                WIZnetInterface::WIZnetInterface(PinName, PinName, PinName, PinName, PinName)
 .text._ZN15WIZnetInterface4initEPh
                0x080025fc       0x1a ..\obj\WIZnetInterface.o
                0x080025fc                WIZnetInterface::init(unsigned char*)
 *fill*         0x08002616        0x2 
 .text._ZN15WIZnetInterface13getMACAddressEv
                0x08002618       0x48 ..\obj\WIZnetInterface.o
                0x08002618                WIZnetInterface::getMACAddress()
 .text._ZN15WIZnetInterface7IPrenewEi
                0x08002660       0xa8 ..\obj\WIZnetInterface.o
                0x08002660                WIZnetInterface::IPrenew(int)
 .text._ZN15WIZnetInterface7connectEv
                0x08002708       0x26 ..\obj\WIZnetInterface.o
                0x08002708                WIZnetInterface::connect()
 .text._ZN11WIZnet_Chip6reg_rdImEET_t
                0x0800272e       0x32 ..\obj\WIZnetInterface.o
                0x0800272e                unsigned long WIZnet_Chip::reg_rd<unsigned long>(unsigned short)
 .text._ZN15WIZnetInterface12getIPAddressEv
                0x08002760       0x34 ..\obj\WIZnetInterface.o
                0x08002760                WIZnetInterface::getIPAddress()
 .text._ZN15WIZnetInterface14getNetworkMaskEv
                0x08002794       0x34 ..\obj\WIZnetInterface.o
                0x08002794                WIZnetInterface::getNetworkMask()
 .text._ZN15WIZnetInterface10getGatewayEv
                0x080027c8       0x34 ..\obj\WIZnetInterface.o
                0x080027c8                WIZnetInterface::getGateway()
 .text.rt_dly_wait
                0x080027fc        0x6 ..\obj\rt_Time.o
                0x080027fc                rt_dly_wait
 .text._ZN15TCPSocketServerC2Ev
                0x08002802        0xc ..\obj\TCPSocketServer.o
                0x08002802                TCPSocketServer::TCPSocketServer()
                0x08002802                TCPSocketServer::TCPSocketServer()
 *fill*         0x0800280e        0x2 
 .text          0x08002810      0x180 ..\obj\HAL_CM4.o
                0x08002810                rt_set_PSP
                0x08002816                rt_get_PSP
                0x0800281c                os_set_env
                0x08002834                _alloc_box
                0x08002850                _free_box
                0x0800286c                SVC_Handler
                0x08002900                PendSV_Handler
                0x08002906                Sys_Switch
                0x08002960                SysTick_Handler
                0x0800296a                OS_Tick_Handler
 .text.rt_put_prio
                0x08002990       0x30 ..\obj\rt_List.o
                0x08002990                rt_put_prio
 .text.rt_get_first
                0x080029c0       0x24 ..\obj\rt_List.o
                0x080029c0                rt_get_first
 .text.rt_put_rdy_first
                0x080029e4       0x14 ..\obj\rt_List.o
                0x080029e4                rt_put_rdy_first
 .text.rt_put_dly
                0x080029f8       0x4c ..\obj\rt_List.o
                0x080029f8                rt_put_dly
 .text.rt_dec_dly
                0x08002a44       0x78 ..\obj\rt_List.o
                0x08002a44                rt_dec_dly
 .text.rt_rmv_list
                0x08002abc       0x2c ..\obj\rt_List.o
                0x08002abc                rt_rmv_list
 .text.rt_resort_prio
                0x08002ae8       0x34 ..\obj\rt_List.o
                0x08002ae8                rt_resort_prio
 .text.rt_rmv_dly
                0x08002b1c       0x26 ..\obj\rt_List.o
                0x08002b1c                rt_rmv_dly
 *fill*         0x08002b42        0x2 
 .text.rt_psq_enq
                0x08002b44       0x40 ..\obj\rt_List.o
                0x08002b44                rt_psq_enq
 .text._ZN9DNSClientD2Ev
                0x08002b84       0x20 ..\obj\DNSClient.o
                0x08002b84                DNSClient::~DNSClient()
                0x08002b84                DNSClient::~DNSClient()
 .text._ZN9DNSClientD0Ev
                0x08002ba4       0x12 ..\obj\DNSClient.o
                0x08002ba4                DNSClient::~DNSClient()
 .text._ZN11pico_stringC2Ev
                0x08002bb6       0x18 ..\obj\DNSClient.o
                0x08002bb6                pico_string::pico_string()
                0x08002bb6                pico_string::pico_string()
 .text._ZN11pico_stringD2Ev
                0x08002bce       0x10 ..\obj\DNSClient.o
                0x08002bce                pico_string::~pico_string()
                0x08002bce                pico_string::~pico_string()
 .text._ZN11pico_string6appendEPKci
                0x08002bde       0x44 ..\obj\DNSClient.o
                0x08002bde                pico_string::append(char const*, int)
 *fill*         0x08002c22        0x2 
 .text._ZN7dnsname6decodeEi
                0x08002c24       0x54 ..\obj\DNSClient.o
                0x08002c24                dnsname::decode(int)
 .text._ZN9DNSClientC2EPKc
                0x08002c78       0x24 ..\obj\DNSClient.o
                0x08002c78                DNSClient::DNSClient(char const*)
                0x08002c78                DNSClient::DNSClient(char const*)
 .text._ZN9DNSClient8responseEPhi
                0x08002c9c       0xa6 ..\obj\DNSClient.o
                0x08002c9c                DNSClient::response(unsigned char*, int)
 .text._ZN9DNSClient8callbackEv
                0x08002d42       0x50 ..\obj\DNSClient.o
                0x08002d42                DNSClient::callback()
 *fill*         0x08002d92        0x2 
 .text._ZN9DNSClient5queryEPhiPKc
                0x08002d94       0xbc ..\obj\DNSClient.o
                0x08002d94                DNSClient::query(unsigned char*, int, char const*)
 .text._ZN9DNSClient7resolveEPKc
                0x08002e50       0x84 ..\obj\DNSClient.o
                0x08002e50                DNSClient::resolve(char const*)
 .text._ZN9DNSClient4pollEv
                0x08002ed4       0x4c ..\obj\DNSClient.o
                0x08002ed4                DNSClient::poll()
 .text._ZN9DNSClient6lookupEPKc
                0x08002f20       0x28 ..\obj\DNSClient.o
                0x08002f20                DNSClient::lookup(char const*)
 .text.rt_mbx_init
                0x08002f48       0x1a ..\obj\rt_Mailbox.o
                0x08002f48                rt_mbx_init
 *fill*         0x08002f62        0x2 
 .text.rt_mbx_wait
                0x08002f64       0xa8 ..\obj\rt_Mailbox.o
                0x08002f64                rt_mbx_wait
 .text.rt_mbx_check
                0x0800300c        0x8 ..\obj\rt_Mailbox.o
                0x0800300c                rt_mbx_check
 .text.isr_mbx_send
                0x08003014        0xe ..\obj\rt_Mailbox.o
                0x08003014                isr_mbx_send
 .text.isr_mbx_receive
                0x08003022       0x4c ..\obj\rt_Mailbox.o
                0x08003022                isr_mbx_receive
 *fill*         0x0800306e        0x2 
 .text.rt_mbx_psh
                0x08003070       0xdc ..\obj\rt_Mailbox.o
                0x08003070                rt_mbx_psh
 .text._ZN9UDPSocketC2Ev
                0x0800314c        0xc ..\obj\UDPSocket.o
                0x0800314c                UDPSocket::UDPSocket()
                0x0800314c                UDPSocket::UDPSocket()
 .text._ZN9UDPSocket4initEv
                0x08003158       0x26 ..\obj\UDPSocket.o
                0x08003158                UDPSocket::init()
 *fill*         0x0800317e        0x2 
 .text._ZN9UDPSocket12readEndpointER8EndpointPh
                0x08003180       0x38 ..\obj\UDPSocket.o
                0x08003180                UDPSocket::readEndpoint(Endpoint&, unsigned char*)
 .text._ZN9UDPSocket11receiveFromER8EndpointPci
                0x080031b8       0x68 ..\obj\UDPSocket.o
                0x080031b8                UDPSocket::receiveFrom(Endpoint&, char*, int)
 .text._ZN11WIZnet_Chip4sregItEEvitT_
                0x08003220       0x1e ..\obj\UDPSocket.o
                0x08003220                void WIZnet_Chip::sreg<unsigned short>(int, unsigned short, unsigned short)
 *fill*         0x0800323e        0x2 
 .text._ZN9UDPSocket4bindEi
                0x08003240       0x60 ..\obj\UDPSocket.o
                0x08003240                UDPSocket::bind(int)
 .text._ZN9UDPSocket12confEndpointER8Endpoint
                0x080032a0       0x72 ..\obj\UDPSocket.o
                0x080032a0                UDPSocket::confEndpoint(Endpoint&)
 .text._ZN9UDPSocket6sendToER8EndpointPci
                0x08003312       0x46 ..\obj\UDPSocket.o
                0x08003312                UDPSocket::sendTo(Endpoint&, char*, int)
 .text.rt_init_stack
                0x08003358       0x50 ..\obj\HAL_CM.o
                0x08003358                rt_init_stack
 .text.rt_ret_val
                0x080033a8       0x12 ..\obj\HAL_CM.o
                0x080033a8                rt_ret_val
 .text.rt_ret_val2
                0x080033ba       0x16 ..\obj\HAL_CM.o
                0x080033ba                rt_ret_val2
 .text._ZN6SocketC2Ev
                0x080033d0       0x30 ..\obj\Socket.o
                0x080033d0                Socket::Socket()
                0x080033d0                Socket::Socket()
 .text._ZN6Socket12set_blockingEbj
                0x08003400        0x6 ..\obj\Socket.o
                0x08003400                Socket::set_blocking(bool, unsigned int)
 .text._ZN6Socket5closeEv
                0x08003406       0x16 ..\obj\Socket.o
                0x08003406                Socket::close()
 .text._ZN6SocketD2Ev
                0x0800341c        0xc ..\obj\Socket.o
                0x0800341c                Socket::~Socket()
                0x0800341c                Socket::~Socket()
 .text._ZN10DHCPClient5offerEPhi
                0x08003428       0x76 ..\obj\DHCPClient.o
                0x08003428                DHCPClient::offer(unsigned char*, int)
 .text._ZN10DHCPClient6verifyEPhi
                0x0800349e       0x26 ..\obj\DHCPClient.o
                0x0800349e                DHCPClient::verify(unsigned char*, int)
 .text._ZN10DHCPClient7add_bufEPhi
                0x080034c4       0x22 ..\obj\DHCPClient.o
                0x080034c4                DHCPClient::add_buf(unsigned char*, int)
 .text._ZN10DHCPClient8fill_bufEih
                0x080034e6       0x1c ..\obj\DHCPClient.o
                0x080034e6                DHCPClient::fill_buf(int, unsigned char)
 *fill*         0x08003502        0x2 
 .text._ZN10DHCPClient8discoverEv
                0x08003504       0xa8 ..\obj\DHCPClient.o
                0x08003504                DHCPClient::discover()
 .text._ZN10DHCPClient10add_optionEhPhi
                0x080035ac       0x32 ..\obj\DHCPClient.o
                0x080035ac                DHCPClient::add_option(unsigned char, unsigned char*, int)
 *fill*         0x080035de        0x2 
 .text._ZN10DHCPClient7requestEv
                0x080035e0       0xc0 ..\obj\DHCPClient.o
                0x080035e0                DHCPClient::request()
 .text._ZN10DHCPClient8callbackEv
                0x080036a0       0x66 ..\obj\DHCPClient.o
                0x080036a0                DHCPClient::callback()
 *fill*         0x08003706        0x2 
 .text._ZN10DHCPClient5setupEi
                0x08003708      0x110 ..\obj\DHCPClient.o
                0x08003708                DHCPClient::setup(int)
 .text._ZN10DHCPClientC2Ev
                0x08003818       0x16 ..\obj\DHCPClient.o
                0x08003818                DHCPClient::DHCPClient()
                0x08003818                DHCPClient::DHCPClient()
 *fill*         0x0800382e        0x2 
 .text.gpio_write
                0x08003830       0x30 ..\obj\W5100.o
 .text._ZN11WIZnet_ChipC2E7PinNameS0_S0_S0_S0_
                0x08003860       0x78 ..\obj\W5100.o
                0x08003860                WIZnet_Chip::WIZnet_Chip(PinName, PinName, PinName, PinName, PinName)
                0x08003860                WIZnet_Chip::WIZnet_Chip(PinName, PinName, PinName, PinName, PinName)
 .text._ZN11WIZnet_Chip9spi_writeEtPKht
                0x080038d8       0x5e ..\obj\W5100.o
                0x080038d8                WIZnet_Chip::spi_write(unsigned short, unsigned char const*, unsigned short)
 .text._ZN11WIZnet_Chip8spi_readEtPht
                0x08003936       0x60 ..\obj\W5100.o
                0x08003936                WIZnet_Chip::spi_read(unsigned short, unsigned char*, unsigned short)
 .text._Z9str_to_ipPKc
                0x08003996       0x2a ..\obj\W5100.o
                0x08003996                str_to_ip(char const*)
 .text._ZN11WIZnet_Chip6reg_wrImEEvtT_
                0x080039c0       0x2a ..\obj\W5100.o
                0x080039c0                void WIZnet_Chip::reg_wr<unsigned long>(unsigned short, unsigned long)
 .text._ZN11WIZnet_Chip5setipEv
                0x080039ea       0x24 ..\obj\W5100.o
                0x080039ea                WIZnet_Chip::setip()
 .text._ZN11WIZnet_Chip6reg_wrIhEEvtT_
                0x08003a0e       0x16 ..\obj\W5100.o
                0x08003a0e                void WIZnet_Chip::reg_wr<unsigned char>(unsigned short, unsigned char)
 .text._ZN11WIZnet_Chip5resetEv
                0x08003a24       0x46 ..\obj\W5100.o
                0x08003a24                WIZnet_Chip::reset()
 .text._ZN11WIZnet_Chip11setProtocolEi8Protocol
                0x08003a6a       0x1c ..\obj\W5100.o
                0x08003a6a                WIZnet_Chip::setProtocol(int, Protocol)
 .text._ZN11WIZnet_Chip4sregItEET_it
                0x08003a86       0x2a ..\obj\W5100.o
                0x08003a86                unsigned short WIZnet_Chip::sreg<unsigned short>(int, unsigned short)
 .text._ZN11WIZnet_Chip13wait_readableEiii
                0x08003ab0       0x6a ..\obj\W5100.o
                0x08003ab0                WIZnet_Chip::wait_readable(int, int, int)
 .text._ZN11WIZnet_Chip14wait_writeableEiii
                0x08003b1a       0x4a ..\obj\W5100.o
                0x08003b1a                WIZnet_Chip::wait_writeable(int, int, int)
 .text._ZN11WIZnet_Chip6reg_rdIhEET_t
                0x08003b64       0x14 ..\obj\W5100.o
                0x08003b64                unsigned char WIZnet_Chip::reg_rd<unsigned char>(unsigned short)
 .text._ZN11WIZnet_Chip4scmdEi7Command
                0x08003b78       0x20 ..\obj\W5100.o
                0x08003b78                WIZnet_Chip::scmd(int, Command)
 .text._ZN11WIZnet_Chip5closeEi
                0x08003b98       0x3a ..\obj\W5100.o
                0x08003b98                WIZnet_Chip::close(int)
 .text._ZN11WIZnet_Chip4sendEiPKci
                0x08003bd2       0x88 ..\obj\W5100.o
                0x08003bd2                WIZnet_Chip::send(int, char const*, int)
 .text._ZN11WIZnet_Chip4recvEiPci
                0x08003c5a       0x88 ..\obj\W5100.o
                0x08003c5a                WIZnet_Chip::recv(int, char*, int)
 .text._ZN11WIZnet_Chip10new_socketEv
                0x08003ce2       0x26 ..\obj\W5100.o
                0x08003ce2                WIZnet_Chip::new_socket()
 .text._ZN11WIZnet_Chip13gethostbynameEPKcPm
                0x08003d08       0x64 ..\obj\W5100.o
                0x08003d08                WIZnet_Chip::gethostbyname(char const*, unsigned long*)
 .text.rt_alloc_box
                0x08003d6c       0x1a ..\obj\rt_MemBox.o
                0x08003d6c                rt_alloc_box
 .text.rt_free_box
                0x08003d86       0x28 ..\obj\rt_MemBox.o
                0x08003d86                rt_free_box
 .text._ZN8EndpointC2Ev
                0x08003dae        0x8 ..\obj\Endpoint.o
                0x08003dae                Endpoint::Endpoint()
                0x08003dae                Endpoint::Endpoint()
 .text._ZN8EndpointD2Ev
                0x08003db6        0x2 ..\obj\Endpoint.o
                0x08003db6                Endpoint::~Endpoint()
                0x08003db6                Endpoint::~Endpoint()
 .text._ZN8Endpoint11set_addressEPKci
                0x08003db8       0x4c ..\obj\Endpoint.o
                0x08003db8                Endpoint::set_address(char const*, int)
 .text._ZN8Endpoint11get_addressEv
                0x08003e04        0x2 ..\obj\Endpoint.o
                0x08003e04                Endpoint::get_address()
 .text._ZN8Endpoint8get_portEv
                0x08003e06        0x4 ..\obj\Endpoint.o
                0x08003e06                Endpoint::get_port()
 .text.rt_tid2ptcb
                0x08003e0a       0x14 ..\obj\rt_CMSIS.o
 *fill*         0x08003e1e        0x2 
 .text.osThreadExit
                0x08003e20       0x18 ..\obj\rt_CMSIS.o
                0x08003e20                osThreadExit
 .text.rt_timer_insert
                0x08003e38       0x34 ..\obj\rt_CMSIS.o
 .text.rt_ms2tick
                0x08003e6c       0x3c ..\obj\rt_CMSIS.o
 .text.svcKernelInitialize
                0x08003ea8       0x2c ..\obj\rt_CMSIS.o
                0x08003ea8                svcKernelInitialize
 .text.osKernelInitialize
                0x08003ed4       0x28 ..\obj\rt_CMSIS.o
                0x08003ed4                osKernelInitialize
 .text.osKernelStart
                0x08003efc       0x6c ..\obj\rt_CMSIS.o
                0x08003efc                osKernelStart
 .text.svcThreadCreate
                0x08003f68       0x70 ..\obj\rt_CMSIS.o
                0x08003f68                svcThreadCreate
 .text.svcThreadGetId
                0x08003fd8       0x18 ..\obj\rt_CMSIS.o
                0x08003fd8                svcThreadGetId
 .text.svcThreadTerminate
                0x08003ff0       0x1c ..\obj\rt_CMSIS.o
                0x08003ff0                svcThreadTerminate
 .text.osThreadCreate
                0x0800400c       0x3c ..\obj\rt_CMSIS.o
                0x0800400c                osThreadCreate
 .text.osThreadTerminate
                0x08004048       0x18 ..\obj\rt_CMSIS.o
                0x08004048                osThreadTerminate
 .text.svcDelay
                0x08004060       0x14 ..\obj\rt_CMSIS.o
                0x08004060                svcDelay
 .text.osDelay  0x08004074       0x18 ..\obj\rt_CMSIS.o
                0x08004074                osDelay
 .text.svcTimerCall
                0x0800408c       0x1a ..\obj\rt_CMSIS.o
                0x0800408c                svcTimerCall
 *fill*         0x080040a6        0x2 
 .text.sysTimerTick
                0x080040a8       0x58 ..\obj\rt_CMSIS.o
                0x080040a8                sysTimerTick
 .text.osTimerCall
                0x08004100       0x18 ..\obj\rt_CMSIS.o
                0x08004100                osTimerCall
 .text.svcMutexCreate
                0x08004118       0x24 ..\obj\rt_CMSIS.o
                0x08004118                svcMutexCreate
 .text.svcMutexDelete
                0x0800413c       0x1c ..\obj\rt_CMSIS.o
                0x0800413c                svcMutexDelete
 .text.osMutexCreate
                0x08004158       0x38 ..\obj\rt_CMSIS.o
                0x08004158                osMutexCreate
 .text.osMutexDelete
                0x08004190       0x18 ..\obj\rt_CMSIS.o
                0x08004190                osMutexDelete
 .text.svcMessageCreate
                0x080041a8       0x2c ..\obj\rt_CMSIS.o
                0x080041a8                svcMessageCreate
 .text.svcKernelStart
                0x080041d4       0x5c ..\obj\rt_CMSIS.o
                0x080041d4                svcKernelStart
 .text.svcMessageGet
                0x08004230       0x68 ..\obj\rt_CMSIS.o
                0x08004230                svcMessageGet
 .text.osMessageGet
                0x08004298       0x50 ..\obj\rt_CMSIS.o
                0x08004298                osMessageGet
 .text.osTimerThread
                0x080042e8       0x30 ..\obj\rt_CMSIS.o
                0x080042e8                osTimerThread
 .text.init_uart
                0x08004318       0x4c D:\MyDocuments\GitHub\Sensor-Board/mbed/TARGET_NUCLEO_F401RE/TOOLCHAIN_GCC_ARM\libmbed.a(serial_api.o)
 .text.serial_init
                0x08004364      0x100 D:\MyDocuments\GitHub\Sensor-Board/mbed/TARGET_NUCLEO_F401RE/TOOLCHAIN_GCC_ARM\libmbed.a(serial_api.o)
                0x08004364                serial_init
 .text.serial_irq_handler
                0x08004464       0x1c D:\MyDocuments\GitHub\Sensor-Board/mbed/TARGET_NUCLEO_F401RE/TOOLCHAIN_GCC_ARM\libmbed.a(serial_api.o)
                0x08004464                serial_irq_handler
 .text.serial_getc
                0x08004480       0x18 D:\MyDocuments\GitHub\Sensor-Board/mbed/TARGET_NUCLEO_F401RE/TOOLCHAIN_GCC_ARM\libmbed.a(serial_api.o)
                0x08004480                serial_getc
 .text.serial_putc
                0x08004498       0x18 D:\MyDocuments\GitHub\Sensor-Board/mbed/TARGET_NUCLEO_F401RE/TOOLCHAIN_GCC_ARM\libmbed.a(serial_api.o)
                0x08004498                serial_putc
 .text._ZN4mbed8FilePathC2EPKc
                0x080044b0       0x58 D:\MyDocuments\GitHub\Sensor-Board/mbed/TARGET_NUCLEO_F401RE/TOOLCHAIN_GCC_ARM\libmbed.a(FilePath.o)
                0x080044b0                mbed::FilePath::FilePath(char const*)
                0x080044b0                mbed::FilePath::FilePath(char const*)
 .text._ZN4mbed8FilePath8fileNameEv
                0x08004508        0x4 D:\MyDocuments\GitHub\Sensor-Board/mbed/TARGET_NUCLEO_F401RE/TOOLCHAIN_GCC_ARM\libmbed.a(FilePath.o)
                0x08004508                mbed::FilePath::fileName()
 .text._ZN4mbed8FilePath10fileSystemEv
                0x0800450c       0x18 D:\MyDocuments\GitHub\Sensor-Board/mbed/TARGET_NUCLEO_F401RE/TOOLCHAIN_GCC_ARM\libmbed.a(FilePath.o)
                0x0800450c                mbed::FilePath::fileSystem()
 .text._ZN4mbed8FilePath6isFileEv
                0x08004524       0x14 D:\MyDocuments\GitHub\Sensor-Board/mbed/TARGET_NUCLEO_F401RE/TOOLCHAIN_GCC_ARM\libmbed.a(FilePath.o)
                0x08004524                mbed::FilePath::isFile()
 .text._ZN4mbed8FilePath4fileEv
                0x08004538       0x1c D:\MyDocuments\GitHub\Sensor-Board/mbed/TARGET_NUCLEO_F401RE/TOOLCHAIN_GCC_ARM\libmbed.a(FilePath.o)
                0x08004538                mbed::FilePath::file()
 .text._ZN4mbed8FilePath6existsEv
                0x08004554        0xc D:\MyDocuments\GitHub\Sensor-Board/mbed/TARGET_NUCLEO_F401RE/TOOLCHAIN_GCC_ARM\libmbed.a(FilePath.o)
                0x08004554                mbed::FilePath::exists()
 .text._ZN4mbed3SPID2Ev
                0x08004560        0xc D:\MyDocuments\GitHub\Sensor-Board/mbed/TARGET_NUCLEO_F401RE/TOOLCHAIN_GCC_ARM\libmbed.a(SPI.o)
                0x08004560                mbed::SPI::~SPI()
                0x08004560                mbed::SPI::~SPI()
 .text._ZN4mbed3SPID0Ev
                0x0800456c       0x14 D:\MyDocuments\GitHub\Sensor-Board/mbed/TARGET_NUCLEO_F401RE/TOOLCHAIN_GCC_ARM\libmbed.a(SPI.o)
                0x0800456c                mbed::SPI::~SPI()
 .text._ZN4mbed3SPIC2E7PinNameS1_S1_S1_
                0x08004580       0x68 D:\MyDocuments\GitHub\Sensor-Board/mbed/TARGET_NUCLEO_F401RE/TOOLCHAIN_GCC_ARM\libmbed.a(SPI.o)
                0x08004580                mbed::SPI::SPI(PinName, PinName, PinName, PinName)
                0x08004580                mbed::SPI::SPI(PinName, PinName, PinName, PinName)
 .text._ZN4mbed3SPI6aquireEv
                0x080045e8       0x2c D:\MyDocuments\GitHub\Sensor-Board/mbed/TARGET_NUCLEO_F401RE/TOOLCHAIN_GCC_ARM\libmbed.a(SPI.o)
                0x080045e8                mbed::SPI::aquire()
 .text._ZN4mbed3SPI6formatEii
                0x08004614       0x18 D:\MyDocuments\GitHub\Sensor-Board/mbed/TARGET_NUCLEO_F401RE/TOOLCHAIN_GCC_ARM\libmbed.a(SPI.o)
                0x08004614                mbed::SPI::format(int, int)
 .text._ZN4mbed3SPI9frequencyEi
                0x0800462c       0x10 D:\MyDocuments\GitHub\Sensor-Board/mbed/TARGET_NUCLEO_F401RE/TOOLCHAIN_GCC_ARM\libmbed.a(SPI.o)
                0x0800462c                mbed::SPI::frequency(int)
 .text._ZN4mbed3SPI5writeEi
                0x0800463c       0x18 D:\MyDocuments\GitHub\Sensor-Board/mbed/TARGET_NUCLEO_F401RE/TOOLCHAIN_GCC_ARM\libmbed.a(SPI.o)
                0x0800463c                mbed::SPI::write(int)
 .text._ZN4mbed6Stream5closeEv
                0x08004654        0x4 D:\MyDocuments\GitHub\Sensor-Board/mbed/TARGET_NUCLEO_F401RE/TOOLCHAIN_GCC_ARM\libmbed.a(Stream.o)
                0x08004654                mbed::Stream::close()
 .text._ZN4mbed6Stream5writeEPKvj
                0x08004658       0x30 D:\MyDocuments\GitHub\Sensor-Board/mbed/TARGET_NUCLEO_F401RE/TOOLCHAIN_GCC_ARM\libmbed.a(Stream.o)
                0x08004658                mbed::Stream::write(void const*, unsigned int)
 .text._ZN4mbed6Stream4readEPvj
                0x08004688       0x30 D:\MyDocuments\GitHub\Sensor-Board/mbed/TARGET_NUCLEO_F401RE/TOOLCHAIN_GCC_ARM\libmbed.a(Stream.o)
                0x08004688                mbed::Stream::read(void*, unsigned int)
 .text._ZN4mbed6Stream5lseekEli
                0x080046b8        0x4 D:\MyDocuments\GitHub\Sensor-Board/mbed/TARGET_NUCLEO_F401RE/TOOLCHAIN_GCC_ARM\libmbed.a(Stream.o)
                0x080046b8                mbed::Stream::lseek(long, int)
 .text._ZN4mbed6Stream6isattyEv
                0x080046bc        0x4 D:\MyDocuments\GitHub\Sensor-Board/mbed/TARGET_NUCLEO_F401RE/TOOLCHAIN_GCC_ARM\libmbed.a(Stream.o)
                0x080046bc                mbed::Stream::isatty()
 .text._ZN4mbed6Stream5fsyncEv
                0x080046c0        0x4 D:\MyDocuments\GitHub\Sensor-Board/mbed/TARGET_NUCLEO_F401RE/TOOLCHAIN_GCC_ARM\libmbed.a(Stream.o)
                0x080046c0                mbed::Stream::fsync()
 .text._ZN4mbed6Stream4flenEv
                0x080046c4        0x4 D:\MyDocuments\GitHub\Sensor-Board/mbed/TARGET_NUCLEO_F401RE/TOOLCHAIN_GCC_ARM\libmbed.a(Stream.o)
                0x080046c4                mbed::Stream::flen()
 .text._ZN4mbed6StreamD2Ev
                0x080046c8       0x24 D:\MyDocuments\GitHub\Sensor-Board/mbed/TARGET_NUCLEO_F401RE/TOOLCHAIN_GCC_ARM\libmbed.a(Stream.o)
                0x080046c8                mbed::Stream::~Stream()
                0x080046c8                mbed::Stream::~Stream()
 .text._ZThn4_N4mbed6StreamD1Ev
                0x080046ec        0x8 D:\MyDocuments\GitHub\Sensor-Board/mbed/TARGET_NUCLEO_F401RE/TOOLCHAIN_GCC_ARM\libmbed.a(Stream.o)
                0x080046ec                non-virtual thunk to mbed::Stream::~Stream()
 .text._ZN4mbed6StreamD0Ev
                0x080046f4       0x14 D:\MyDocuments\GitHub\Sensor-Board/mbed/TARGET_NUCLEO_F401RE/TOOLCHAIN_GCC_ARM\libmbed.a(Stream.o)
                0x080046f4                mbed::Stream::~Stream()
 .text._ZThn4_N4mbed6StreamD0Ev
                0x08004708        0x8 D:\MyDocuments\GitHub\Sensor-Board/mbed/TARGET_NUCLEO_F401RE/TOOLCHAIN_GCC_ARM\libmbed.a(Stream.o)
                0x08004708                non-virtual thunk to mbed::Stream::~Stream()
 .text._ZN4mbed6StreamC2EPKc
                0x08004710       0x44 D:\MyDocuments\GitHub\Sensor-Board/mbed/TARGET_NUCLEO_F401RE/TOOLCHAIN_GCC_ARM\libmbed.a(Stream.o)
                0x08004710                mbed::Stream::Stream(char const*)
                0x08004710                mbed::Stream::Stream(char const*)
 .text._ZN4mbed6Stream6printfEPKcz
                0x08004754       0x2c D:\MyDocuments\GitHub\Sensor-Board/mbed/TARGET_NUCLEO_F401RE/TOOLCHAIN_GCC_ARM\libmbed.a(Stream.o)
                0x08004754                mbed::Stream::printf(char const*, ...)
 .text._ZN4mbed6Serial5_getcEv
                0x08004780        0x4 D:\MyDocuments\GitHub\Sensor-Board/mbed/TARGET_NUCLEO_F401RE/TOOLCHAIN_GCC_ARM\libmbed.a(Serial.o)
                0x08004780                mbed::Serial::_getc()
 .text._ZThn92_N4mbed6Serial5_getcEv
                0x08004784        0x8 D:\MyDocuments\GitHub\Sensor-Board/mbed/TARGET_NUCLEO_F401RE/TOOLCHAIN_GCC_ARM\libmbed.a(Serial.o)
                0x08004784                non-virtual thunk to mbed::Serial::_getc()
 .text._ZN4mbed6Serial5_putcEi
                0x0800478c        0x4 D:\MyDocuments\GitHub\Sensor-Board/mbed/TARGET_NUCLEO_F401RE/TOOLCHAIN_GCC_ARM\libmbed.a(Serial.o)
                0x0800478c                mbed::Serial::_putc(int)
 .text._ZThn92_N4mbed6Serial5_putcEi
                0x08004790        0x8 D:\MyDocuments\GitHub\Sensor-Board/mbed/TARGET_NUCLEO_F401RE/TOOLCHAIN_GCC_ARM\libmbed.a(Serial.o)
                0x08004790                non-virtual thunk to mbed::Serial::_putc(int)
 .text._ZN4mbed6SerialC2E7PinNameS1_PKc
                0x08004798       0x30 D:\MyDocuments\GitHub\Sensor-Board/mbed/TARGET_NUCLEO_F401RE/TOOLCHAIN_GCC_ARM\libmbed.a(Serial.o)
                0x08004798                mbed::Serial::Serial(PinName, PinName, char const*)
                0x08004798                mbed::Serial::Serial(PinName, PinName, char const*)
 .text._ZN4mbed5TimerC2Ev
                0x080047c8       0x18 D:\MyDocuments\GitHub\Sensor-Board/mbed/TARGET_NUCLEO_F401RE/TOOLCHAIN_GCC_ARM\libmbed.a(Timer.o)
                0x080047c8                mbed::Timer::Timer()
                0x080047c8                mbed::Timer::Timer()
 .text._ZN4mbed5Timer5startEv
                0x080047e0       0x14 D:\MyDocuments\GitHub\Sensor-Board/mbed/TARGET_NUCLEO_F401RE/TOOLCHAIN_GCC_ARM\libmbed.a(Timer.o)
                0x080047e0                mbed::Timer::start()
 .text._ZN4mbed5Timer4stopEv
                0x080047f4       0x1c D:\MyDocuments\GitHub\Sensor-Board/mbed/TARGET_NUCLEO_F401RE/TOOLCHAIN_GCC_ARM\libmbed.a(Timer.o)
                0x080047f4                mbed::Timer::stop()
 .text._ZN4mbed5Timer7read_msEv
                0x08004810       0x28 D:\MyDocuments\GitHub\Sensor-Board/mbed/TARGET_NUCLEO_F401RE/TOOLCHAIN_GCC_ARM\libmbed.a(Timer.o)
                0x08004810                mbed::Timer::read_ms()
 .text._ZN4mbed5Timer5resetEv
                0x08004838       0x10 D:\MyDocuments\GitHub\Sensor-Board/mbed/TARGET_NUCLEO_F401RE/TOOLCHAIN_GCC_ARM\libmbed.a(Timer.o)
                0x08004838                mbed::Timer::reset()
 .text.mbed_assert_internal
                0x08004848       0x2c D:\MyDocuments\GitHub\Sensor-Board/mbed/TARGET_NUCLEO_F401RE/TOOLCHAIN_GCC_ARM\libmbed.a(assert.o)
                0x08004848                mbed_assert_internal
 .text.error    0x08004874       0x24 D:\MyDocuments\GitHub\Sensor-Board/mbed/TARGET_NUCLEO_F401RE/TOOLCHAIN_GCC_ARM\libmbed.a(error.o)
                0x08004874                error
 .text.gpio_init_out
                0x08004898       0x48 D:\MyDocuments\GitHub\Sensor-Board/mbed/TARGET_NUCLEO_F401RE/TOOLCHAIN_GCC_ARM\libmbed.a(gpio.o)
                0x08004898                gpio_init_out
 .text.gpio_init_out_ex
                0x080048e0       0x58 D:\MyDocuments\GitHub\Sensor-Board/mbed/TARGET_NUCLEO_F401RE/TOOLCHAIN_GCC_ARM\libmbed.a(gpio.o)
                0x080048e0                gpio_init_out_ex
 .text.pinmap_pinout
                0x08004938       0x44 D:\MyDocuments\GitHub\Sensor-Board/mbed/TARGET_NUCLEO_F401RE/TOOLCHAIN_GCC_ARM\libmbed.a(pinmap_common.o)
                0x08004938                pinmap_pinout
 .text.pinmap_merge
                0x0800497c       0x24 D:\MyDocuments\GitHub\Sensor-Board/mbed/TARGET_NUCLEO_F401RE/TOOLCHAIN_GCC_ARM\libmbed.a(pinmap_common.o)
                0x0800497c                pinmap_merge
 .text.pinmap_peripheral
                0x080049a0       0x34 D:\MyDocuments\GitHub\Sensor-Board/mbed/TARGET_NUCLEO_F401RE/TOOLCHAIN_GCC_ARM\libmbed.a(pinmap_common.o)
                0x080049a0                pinmap_peripheral
 .text.us_ticker_irq_handler
                0x080049d4       0x48 D:\MyDocuments\GitHub\Sensor-Board/mbed/TARGET_NUCLEO_F401RE/TOOLCHAIN_GCC_ARM\libmbed.a(us_ticker_api.o)
                0x080049d4                us_ticker_irq_handler
 .text.time     0x08004a1c       0x24 D:\MyDocuments\GitHub\Sensor-Board/mbed/TARGET_NUCLEO_F401RE/TOOLCHAIN_GCC_ARM\libmbed.a(rtc_time.o)
                0x08004a1c                time
 .text.wait_us  0x08004a40       0x18 D:\MyDocuments\GitHub\Sensor-Board/mbed/TARGET_NUCLEO_F401RE/TOOLCHAIN_GCC_ARM\libmbed.a(wait_api.o)
                0x08004a40                wait_us
 .text.wait     0x08004a58       0x1c D:\MyDocuments\GitHub\Sensor-Board/mbed/TARGET_NUCLEO_F401RE/TOOLCHAIN_GCC_ARM\libmbed.a(wait_api.o)
                0x08004a58                wait
 .text.wait_ms  0x08004a74        0xc D:\MyDocuments\GitHub\Sensor-Board/mbed/TARGET_NUCLEO_F401RE/TOOLCHAIN_GCC_ARM\libmbed.a(wait_api.o)
                0x08004a74                wait_ms
 .text.gpio_set
                0x08004a80       0x30 D:\MyDocuments\GitHub\Sensor-Board/mbed/TARGET_NUCLEO_F401RE/TOOLCHAIN_GCC_ARM\libmbed.a(gpio_api.o)
                0x08004a80                gpio_set
 .text.gpio_init
                0x08004ab0       0x30 D:\MyDocuments\GitHub\Sensor-Board/mbed/TARGET_NUCLEO_F401RE/TOOLCHAIN_GCC_ARM\libmbed.a(gpio_api.o)
                0x08004ab0                gpio_init
 .text.gpio_mode
                0x08004ae0        0x8 D:\MyDocuments\GitHub\Sensor-Board/mbed/TARGET_NUCLEO_F401RE/TOOLCHAIN_GCC_ARM\libmbed.a(gpio_api.o)
                0x08004ae0                gpio_mode
 .text.gpio_dir
                0x08004ae8       0x40 D:\MyDocuments\GitHub\Sensor-Board/mbed/TARGET_NUCLEO_F401RE/TOOLCHAIN_GCC_ARM\libmbed.a(gpio_api.o)
                0x08004ae8                gpio_dir
 .text.Set_GPIO_Clock
                0x08004b28       0x90 D:\MyDocuments\GitHub\Sensor-Board/mbed/TARGET_NUCLEO_F401RE/TOOLCHAIN_GCC_ARM\libmbed.a(pinmap.o)
                0x08004b28                Set_GPIO_Clock
 .text.pin_function
                0x08004bb8       0x60 D:\MyDocuments\GitHub\Sensor-Board/mbed/TARGET_NUCLEO_F401RE/TOOLCHAIN_GCC_ARM\libmbed.a(pinmap.o)
                0x08004bb8                pin_function
 .text.pin_mode
                0x08004c18       0x50 D:\MyDocuments\GitHub\Sensor-Board/mbed/TARGET_NUCLEO_F401RE/TOOLCHAIN_GCC_ARM\libmbed.a(pinmap.o)
                0x08004c18                pin_mode
 .text.rtc_init
                0x08004c68       0xdc D:\MyDocuments\GitHub\Sensor-Board/mbed/TARGET_NUCLEO_F401RE/TOOLCHAIN_GCC_ARM\libmbed.a(rtc_api.o)
                0x08004c68                rtc_init
 .text.rtc_isenabled
                0x08004d44        0xc D:\MyDocuments\GitHub\Sensor-Board/mbed/TARGET_NUCLEO_F401RE/TOOLCHAIN_GCC_ARM\libmbed.a(rtc_api.o)
                0x08004d44                rtc_isenabled
 .text.rtc_read
                0x08004d50       0x60 D:\MyDocuments\GitHub\Sensor-Board/mbed/TARGET_NUCLEO_F401RE/TOOLCHAIN_GCC_ARM\libmbed.a(rtc_api.o)
                0x08004d50                rtc_read
 .text.rtc_write
                0x08004db0       0x74 D:\MyDocuments\GitHub\Sensor-Board/mbed/TARGET_NUCLEO_F401RE/TOOLCHAIN_GCC_ARM\libmbed.a(rtc_api.o)
                0x08004db0                rtc_write
 .text.init_spi
                0x08004e24       0x54 D:\MyDocuments\GitHub\Sensor-Board/mbed/TARGET_NUCLEO_F401RE/TOOLCHAIN_GCC_ARM\libmbed.a(spi_api.o)
 .text.spi_init
                0x08004e78      0x148 D:\MyDocuments\GitHub\Sensor-Board/mbed/TARGET_NUCLEO_F401RE/TOOLCHAIN_GCC_ARM\libmbed.a(spi_api.o)
                0x08004e78                spi_init
 .text.spi_format
                0x08004fc0       0x54 D:\MyDocuments\GitHub\Sensor-Board/mbed/TARGET_NUCLEO_F401RE/TOOLCHAIN_GCC_ARM\libmbed.a(spi_api.o)
                0x08004fc0                spi_format
 .text.spi_frequency
                0x08005014       0xa8 D:\MyDocuments\GitHub\Sensor-Board/mbed/TARGET_NUCLEO_F401RE/TOOLCHAIN_GCC_ARM\libmbed.a(spi_api.o)
                0x08005014                spi_frequency
 .text.spi_master_write
                0x080050bc       0x20 D:\MyDocuments\GitHub\Sensor-Board/mbed/TARGET_NUCLEO_F401RE/TOOLCHAIN_GCC_ARM\libmbed.a(spi_api.o)
                0x080050bc                spi_master_write
 .text.us_ticker_init
                0x080050dc       0x24 D:\MyDocuments\GitHub\Sensor-Board/mbed/TARGET_NUCLEO_F401RE/TOOLCHAIN_GCC_ARM\libmbed.a(us_ticker.o)
                0x080050dc                us_ticker_init
 .text.us_ticker_read
                0x08005100       0x1c D:\MyDocuments\GitHub\Sensor-Board/mbed/TARGET_NUCLEO_F401RE/TOOLCHAIN_GCC_ARM\libmbed.a(us_ticker.o)
                0x08005100                us_ticker_read
 .text.us_ticker_set_interrupt
                0x0800511c       0x14 D:\MyDocuments\GitHub\Sensor-Board/mbed/TARGET_NUCLEO_F401RE/TOOLCHAIN_GCC_ARM\libmbed.a(us_ticker.o)
                0x0800511c                us_ticker_set_interrupt
 .text.us_ticker_disable_interrupt
                0x08005130       0x14 D:\MyDocuments\GitHub\Sensor-Board/mbed/TARGET_NUCLEO_F401RE/TOOLCHAIN_GCC_ARM\libmbed.a(us_ticker.o)
                0x08005130                us_ticker_disable_interrupt
 .text.us_ticker_clear_interrupt
                0x08005144       0x10 D:\MyDocuments\GitHub\Sensor-Board/mbed/TARGET_NUCLEO_F401RE/TOOLCHAIN_GCC_ARM\libmbed.a(us_ticker.o)
                0x08005144                us_ticker_clear_interrupt
 .text._ZN4mbed8FileLikeD2Ev
                0x08005154       0x24 D:\MyDocuments\GitHub\Sensor-Board/mbed/TARGET_NUCLEO_F401RE/TOOLCHAIN_GCC_ARM\libmbed.a(FileLike.o)
                0x08005154                mbed::FileLike::~FileLike()
                0x08005154                mbed::FileLike::~FileLike()
 .text._ZThn4_N4mbed8FileLikeD1Ev
                0x08005178        0x8 D:\MyDocuments\GitHub\Sensor-Board/mbed/TARGET_NUCLEO_F401RE/TOOLCHAIN_GCC_ARM\libmbed.a(FileLike.o)
                0x08005178                non-virtual thunk to mbed::FileLike::~FileLike()
 .text._ZN4mbed8FileLikeD0Ev
                0x08005180       0x2c D:\MyDocuments\GitHub\Sensor-Board/mbed/TARGET_NUCLEO_F401RE/TOOLCHAIN_GCC_ARM\libmbed.a(FileLike.o)
                0x08005180                mbed::FileLike::~FileLike()
 .text._ZThn4_N4mbed8FileLikeD0Ev
                0x080051ac        0x8 D:\MyDocuments\GitHub\Sensor-Board/mbed/TARGET_NUCLEO_F401RE/TOOLCHAIN_GCC_ARM\libmbed.a(FileLike.o)
                0x080051ac                non-virtual thunk to mbed::FileLike::~FileLike()
 .text._ZN4mbed8FileLikeC2EPKc
                0x080051b4       0x28 D:\MyDocuments\GitHub\Sensor-Board/mbed/TARGET_NUCLEO_F401RE/TOOLCHAIN_GCC_ARM\libmbed.a(FileLike.o)
                0x080051b4                mbed::FileLike::FileLike(char const*)
                0x080051b4                mbed::FileLike::FileLike(char const*)
 .text._ZN4mbed8FileBaseD2Ev
                0x080051dc       0x30 D:\MyDocuments\GitHub\Sensor-Board/mbed/TARGET_NUCLEO_F401RE/TOOLCHAIN_GCC_ARM\libmbed.a(FileBase.o)
                0x080051dc                mbed::FileBase::~FileBase()
                0x080051dc                mbed::FileBase::~FileBase()
 .text._ZN4mbed8FileBaseD0Ev
                0x0800520c       0x3c D:\MyDocuments\GitHub\Sensor-Board/mbed/TARGET_NUCLEO_F401RE/TOOLCHAIN_GCC_ARM\libmbed.a(FileBase.o)
                0x0800520c                mbed::FileBase::~FileBase()
 .text._ZN4mbed8FileBaseC2EPKcNS_8PathTypeE
                0x08005248       0x20 D:\MyDocuments\GitHub\Sensor-Board/mbed/TARGET_NUCLEO_F401RE/TOOLCHAIN_GCC_ARM\libmbed.a(FileBase.o)
                0x08005248                mbed::FileBase::FileBase(char const*, mbed::PathType)
                0x08005248                mbed::FileBase::FileBase(char const*, mbed::PathType)
 .text._ZN4mbed8FileBase6lookupEPKcj
                0x08005268       0x3c D:\MyDocuments\GitHub\Sensor-Board/mbed/TARGET_NUCLEO_F401RE/TOOLCHAIN_GCC_ARM\libmbed.a(FileBase.o)
                0x08005268                mbed::FileBase::lookup(char const*, unsigned int)
 .text._ZN4mbed8FileBase11getPathTypeEv
                0x080052a4        0x4 D:\MyDocuments\GitHub\Sensor-Board/mbed/TARGET_NUCLEO_F401RE/TOOLCHAIN_GCC_ARM\libmbed.a(FileBase.o)
                0x080052a4                mbed::FileBase::getPathType()
 .text._ZN4mbed10SerialBase12_irq_handlerEm9SerialIrq
                0x080052a8       0x10 D:\MyDocuments\GitHub\Sensor-Board/mbed/TARGET_NUCLEO_F401RE/TOOLCHAIN_GCC_ARM\libmbed.a(SerialBase.o)
                0x080052a8                mbed::SerialBase::_irq_handler(unsigned long, SerialIrq)
 .text._ZN4mbed10SerialBaseC2E7PinNameS1_
                0x080052b8       0x58 D:\MyDocuments\GitHub\Sensor-Board/mbed/TARGET_NUCLEO_F401RE/TOOLCHAIN_GCC_ARM\libmbed.a(SerialBase.o)
                0x080052b8                mbed::SerialBase::SerialBase(PinName, PinName)
                0x080052b8                mbed::SerialBase::SerialBase(PinName, PinName)
 .text._ZN4mbed10SerialBase10_base_getcEv
                0x08005310        0x8 D:\MyDocuments\GitHub\Sensor-Board/mbed/TARGET_NUCLEO_F401RE/TOOLCHAIN_GCC_ARM\libmbed.a(SerialBase.o)
                0x08005310                mbed::SerialBase::_base_getc()
 .text._ZN4mbed10SerialBase10_base_putcEi
                0x08005318       0x10 D:\MyDocuments\GitHub\Sensor-Board/mbed/TARGET_NUCLEO_F401RE/TOOLCHAIN_GCC_ARM\libmbed.a(SerialBase.o)
                0x08005318                mbed::SerialBase::_base_putc(int)
 .text._ZN4mbed15FunctionPointerC2EPFvvE
                0x08005328        0xc D:\MyDocuments\GitHub\Sensor-Board/mbed/TARGET_NUCLEO_F401RE/TOOLCHAIN_GCC_ARM\libmbed.a(FunctionPointer.o)
                0x08005328                mbed::FunctionPointer::FunctionPointer(void (*)())
                0x08005328                mbed::FunctionPointer::FunctionPointer(void (*)())
 .text._ZN4mbed15FunctionPointer4callEv
                0x08005334       0x18 D:\MyDocuments\GitHub\Sensor-Board/mbed/TARGET_NUCLEO_F401RE/TOOLCHAIN_GCC_ARM\libmbed.a(FunctionPointer.o)
                0x08005334                mbed::FunctionPointer::call()
 .text._Znwj    0x0800534c       0x22 d:/program files (x86)/gnu tools arm embedded/4.9 2014q4/bin/../lib/gcc/arm-none-eabi/4.9.3/../../../../arm-none-eabi/lib/armv7e-m/softfp\libstdc++_nano.a(new_op.o)
                0x0800534c                operator new(unsigned int)
 .text._ZdlPv   0x0800536e        0x4 d:/program files (x86)/gnu tools arm embedded/4.9 2014q4/bin/../lib/gcc/arm-none-eabi/4.9.3/../../../../arm-none-eabi/lib/armv7e-m/softfp\libstdc++_nano.a(del_op.o)
                0x0800536e                operator delete(void*)
 *fill*         0x08005372        0x2 
 .text._ZSt15get_new_handlerv
                0x08005374       0x10 d:/program files (x86)/gnu tools arm embedded/4.9 2014q4/bin/../lib/gcc/arm-none-eabi/4.9.3/../../../../arm-none-eabi/lib/armv7e-m/softfp\libstdc++_nano.a(new_handler.o)
                0x08005374                std::get_new_handler()
 .text.__aeabi_atexit
                0x08005384        0xa d:/program files (x86)/gnu tools arm embedded/4.9 2014q4/bin/../lib/gcc/arm-none-eabi/4.9.3/../../../../arm-none-eabi/lib/armv7e-m/softfp\libstdc++_nano.a(atexit_arm.o)
                0x08005384                __aeabi_atexit
 .text._ZdaPv   0x0800538e        0x4 d:/program files (x86)/gnu tools arm embedded/4.9 2014q4/bin/../lib/gcc/arm-none-eabi/4.9.3/../../../../arm-none-eabi/lib/armv7e-m/softfp\libstdc++_nano.a(del_opv.o)
                0x0800538e                operator delete[](void*)
 .text._Znaj    0x08005392        0x4 d:/program files (x86)/gnu tools arm embedded/4.9 2014q4/bin/../lib/gcc/arm-none-eabi/4.9.3/../../../../arm-none-eabi/lib/armv7e-m/softfp\libstdc++_nano.a(new_opv.o)
                0x08005392                operator new[](unsigned int)
 .text.abort    0x08005396        0xe d:/program files (x86)/gnu tools arm embedded/4.9 2014q4/bin/../lib/gcc/arm-none-eabi/4.9.3/../../../../arm-none-eabi/lib/armv7e-m/softfp\libc_nano.a(lib_a-abort.o)
                0x08005396                abort
 .text.atexit   0x080053a4        0xc d:/program files (x86)/gnu tools arm embedded/4.9 2014q4/bin/../lib/gcc/arm-none-eabi/4.9.3/../../../../arm-none-eabi/lib/armv7e-m/softfp\libc_nano.a(lib_a-atexit.o)
                0x080053a4                atexit
 .text.atoi     0x080053b0        0x8 d:/program files (x86)/gnu tools arm embedded/4.9 2014q4/bin/../lib/gcc/arm-none-eabi/4.9.3/../../../../arm-none-eabi/lib/armv7e-m/softfp\libc_nano.a(lib_a-atoi.o)
                0x080053b0                atoi
 .text.__cxa_atexit
                0x080053b8       0x1c d:/program files (x86)/gnu tools arm embedded/4.9 2014q4/bin/../lib/gcc/arm-none-eabi/4.9.3/../../../../arm-none-eabi/lib/armv7e-m/softfp\libc_nano.a(lib_a-cxa_atexit.o)
                0x080053b8                __cxa_atexit
 .text.__errno  0x080053d4        0xc d:/program files (x86)/gnu tools arm embedded/4.9 2014q4/bin/../lib/gcc/arm-none-eabi/4.9.3/../../../../arm-none-eabi/lib/armv7e-m/softfp\libc_nano.a(lib_a-errno.o)
                0x080053d4                __errno
 .text.exit     0x080053e0       0x28 d:/program files (x86)/gnu tools arm embedded/4.9 2014q4/bin/../lib/gcc/arm-none-eabi/4.9.3/../../../../arm-none-eabi/lib/armv7e-m/softfp\libc_nano.a(lib_a-exit.o)
                0x080053e0                exit
 .text._fclose_r
                0x08005408       0xa4 d:/program files (x86)/gnu tools arm embedded/4.9 2014q4/bin/../lib/gcc/arm-none-eabi/4.9.3/../../../../arm-none-eabi/lib/armv7e-m/softfp\libc_nano.a(lib_a-fclose.o)
                0x08005408                _fclose_r
 .text.fclose   0x080054ac       0x10 d:/program files (x86)/gnu tools arm embedded/4.9 2014q4/bin/../lib/gcc/arm-none-eabi/4.9.3/../../../../arm-none-eabi/lib/armv7e-m/softfp\libc_nano.a(lib_a-fclose.o)
                0x080054ac                fclose
 .text.__sflush_r
                0x080054bc      0x108 d:/program files (x86)/gnu tools arm embedded/4.9 2014q4/bin/../lib/gcc/arm-none-eabi/4.9.3/../../../../arm-none-eabi/lib/armv7e-m/softfp\libc_nano.a(lib_a-fflush.o)
                0x080054bc                __sflush_r
 .text._fflush_r
                0x080055c4       0x54 d:/program files (x86)/gnu tools arm embedded/4.9 2014q4/bin/../lib/gcc/arm-none-eabi/4.9.3/../../../../arm-none-eabi/lib/armv7e-m/softfp\libc_nano.a(lib_a-fflush.o)
                0x080055c4                _fflush_r
 .text.fflush   0x08005618       0x24 d:/program files (x86)/gnu tools arm embedded/4.9 2014q4/bin/../lib/gcc/arm-none-eabi/4.9.3/../../../../arm-none-eabi/lib/armv7e-m/softfp\libc_nano.a(lib_a-fflush.o)
                0x08005618                fflush
 .text._cleanup_r
                0x0800563c        0xc d:/program files (x86)/gnu tools arm embedded/4.9 2014q4/bin/../lib/gcc/arm-none-eabi/4.9.3/../../../../arm-none-eabi/lib/armv7e-m/softfp\libc_nano.a(lib_a-findfp.o)
                0x0800563c                _cleanup_r
 .text.std.isra.0
                0x08005648       0x48 d:/program files (x86)/gnu tools arm embedded/4.9 2014q4/bin/../lib/gcc/arm-none-eabi/4.9.3/../../../../arm-none-eabi/lib/armv7e-m/softfp\libc_nano.a(lib_a-findfp.o)
 .text.__sfmoreglue
                0x08005690       0x2c d:/program files (x86)/gnu tools arm embedded/4.9 2014q4/bin/../lib/gcc/arm-none-eabi/4.9.3/../../../../arm-none-eabi/lib/armv7e-m/softfp\libc_nano.a(lib_a-findfp.o)
                0x08005690                __sfmoreglue
 .text.__sinit  0x080056bc       0x60 d:/program files (x86)/gnu tools arm embedded/4.9 2014q4/bin/../lib/gcc/arm-none-eabi/4.9.3/../../../../arm-none-eabi/lib/armv7e-m/softfp\libc_nano.a(lib_a-findfp.o)
                0x080056bc                __sinit
 .text.__sfp    0x0800571c       0x74 d:/program files (x86)/gnu tools arm embedded/4.9 2014q4/bin/../lib/gcc/arm-none-eabi/4.9.3/../../../../arm-none-eabi/lib/armv7e-m/softfp\libc_nano.a(lib_a-findfp.o)
                0x0800571c                __sfp
 .text.__sfp_lock_acquire
                0x08005790        0x2 d:/program files (x86)/gnu tools arm embedded/4.9 2014q4/bin/../lib/gcc/arm-none-eabi/4.9.3/../../../../arm-none-eabi/lib/armv7e-m/softfp\libc_nano.a(lib_a-findfp.o)
                0x08005790                __sfp_lock_acquire
 .text.__sfp_lock_release
                0x08005792        0x2 d:/program files (x86)/gnu tools arm embedded/4.9 2014q4/bin/../lib/gcc/arm-none-eabi/4.9.3/../../../../arm-none-eabi/lib/armv7e-m/softfp\libc_nano.a(lib_a-findfp.o)
                0x08005792                __sfp_lock_release
 .text.__libc_fini_array
                0x08005794       0x28 d:/program files (x86)/gnu tools arm embedded/4.9 2014q4/bin/../lib/gcc/arm-none-eabi/4.9.3/../../../../arm-none-eabi/lib/armv7e-m/softfp\libc_nano.a(lib_a-fini.o)
                0x08005794                __libc_fini_array
 .text._fopen_r
                0x080057bc       0x80 d:/program files (x86)/gnu tools arm embedded/4.9 2014q4/bin/../lib/gcc/arm-none-eabi/4.9.3/../../../../arm-none-eabi/lib/armv7e-m/softfp\libc_nano.a(lib_a-fopen.o)
                0x080057bc                _fopen_r
 .text.fopen    0x0800583c       0x14 d:/program files (x86)/gnu tools arm embedded/4.9 2014q4/bin/../lib/gcc/arm-none-eabi/4.9.3/../../../../arm-none-eabi/lib/armv7e-m/softfp\libc_nano.a(lib_a-fopen.o)
                0x0800583c                fopen
 .text.fprintf  0x08005850       0x24 d:/program files (x86)/gnu tools arm embedded/4.9 2014q4/bin/../lib/gcc/arm-none-eabi/4.9.3/../../../../arm-none-eabi/lib/armv7e-m/softfp\libc_nano.a(lib_a-fprintf.o)
                0x08005850                fiprintf
                0x08005850                fprintf
 .text._fseek_r
                0x08005874        0x4 d:/program files (x86)/gnu tools arm embedded/4.9 2014q4/bin/../lib/gcc/arm-none-eabi/4.9.3/../../../../arm-none-eabi/lib/armv7e-m/softfp\libc_nano.a(lib_a-fseek.o)
                0x08005874                _fseek_r
 .text._fseeko_r
                0x08005878      0x118 d:/program files (x86)/gnu tools arm embedded/4.9 2014q4/bin/../lib/gcc/arm-none-eabi/4.9.3/../../../../arm-none-eabi/lib/armv7e-m/softfp\libc_nano.a(lib_a-fseeko.o)
                0x08005878                _fseeko_r
 .text._fwalk_reent
                0x08005990       0x3c d:/program files (x86)/gnu tools arm embedded/4.9 2014q4/bin/../lib/gcc/arm-none-eabi/4.9.3/../../../../arm-none-eabi/lib/armv7e-m/softfp\libc_nano.a(lib_a-fwalk.o)
                0x08005990                _fwalk_reent
 .text.gmtime_r
                0x080059cc       0xf8 d:/program files (x86)/gnu tools arm embedded/4.9 2014q4/bin/../lib/gcc/arm-none-eabi/4.9.3/../../../../arm-none-eabi/lib/armv7e-m/softfp\libc_nano.a(lib_a-gmtime_r.o)
                0x080059cc                gmtime_r
 .text.__libc_init_array
                0x08005ac4       0x4c d:/program files (x86)/gnu tools arm embedded/4.9 2014q4/bin/../lib/gcc/arm-none-eabi/4.9.3/../../../../arm-none-eabi/lib/armv7e-m/softfp\libc_nano.a(lib_a-init.o)
                0x08005ac4                __libc_init_array
 .text.localtime
                0x08005b10       0x24 d:/program files (x86)/gnu tools arm embedded/4.9 2014q4/bin/../lib/gcc/arm-none-eabi/4.9.3/../../../../arm-none-eabi/lib/armv7e-m/softfp\libc_nano.a(lib_a-lcltime.o)
                0x08005b10                localtime
 .text.localtime_r
                0x08005b34      0x1c8 d:/program files (x86)/gnu tools arm embedded/4.9 2014q4/bin/../lib/gcc/arm-none-eabi/4.9.3/../../../../arm-none-eabi/lib/armv7e-m/softfp\libc_nano.a(lib_a-lcltime_r.o)
                0x08005b34                localtime_r
 .text.__smakebuf_r
                0x08005cfc       0x9c d:/program files (x86)/gnu tools arm embedded/4.9 2014q4/bin/../lib/gcc/arm-none-eabi/4.9.3/../../../../arm-none-eabi/lib/armv7e-m/softfp\libc_nano.a(lib_a-makebuf.o)
                0x08005cfc                __smakebuf_r
 .text.malloc   0x08005d98       0x10 d:/program files (x86)/gnu tools arm embedded/4.9 2014q4/bin/../lib/gcc/arm-none-eabi/4.9.3/../../../../arm-none-eabi/lib/armv7e-m/softfp\libc_nano.a(lib_a-malloc.o)
                0x08005d98                malloc
 .text.free     0x08005da8       0x10 d:/program files (x86)/gnu tools arm embedded/4.9 2014q4/bin/../lib/gcc/arm-none-eabi/4.9.3/../../../../arm-none-eabi/lib/armv7e-m/softfp\libc_nano.a(lib_a-malloc.o)
                0x08005da8                free
 .text.memchr   0x08005db8       0x1e d:/program files (x86)/gnu tools arm embedded/4.9 2014q4/bin/../lib/gcc/arm-none-eabi/4.9.3/../../../../arm-none-eabi/lib/armv7e-m/softfp\libc_nano.a(lib_a-memchr.o)
                0x08005db8                memchr
 .text.memcmp   0x08005dd6       0x20 d:/program files (x86)/gnu tools arm embedded/4.9 2014q4/bin/../lib/gcc/arm-none-eabi/4.9.3/../../../../arm-none-eabi/lib/armv7e-m/softfp\libc_nano.a(lib_a-memcmp.o)
                0x08005dd6                memcmp
 .text.memcpy   0x08005df6       0x16 d:/program files (x86)/gnu tools arm embedded/4.9 2014q4/bin/../lib/gcc/arm-none-eabi/4.9.3/../../../../arm-none-eabi/lib/armv7e-m/softfp\libc_nano.a(lib_a-memcpy.o)
                0x08005df6                memcpy
 .text.memmove  0x08005e0c       0x36 d:/program files (x86)/gnu tools arm embedded/4.9 2014q4/bin/../lib/gcc/arm-none-eabi/4.9.3/../../../../arm-none-eabi/lib/armv7e-m/softfp\libc_nano.a(lib_a-memmove.o)
                0x08005e0c                memmove
 .text.memset   0x08005e42       0x10 d:/program files (x86)/gnu tools arm embedded/4.9 2014q4/bin/../lib/gcc/arm-none-eabi/4.9.3/../../../../arm-none-eabi/lib/armv7e-m/softfp\libc_nano.a(lib_a-memset.o)
                0x08005e42                memset
 *fill*         0x08005e52        0x2 
 .text.validate_structure
                0x08005e54      0x1ac d:/program files (x86)/gnu tools arm embedded/4.9 2014q4/bin/../lib/gcc/arm-none-eabi/4.9.3/../../../../arm-none-eabi/lib/armv7e-m/softfp\libc_nano.a(lib_a-mktime.o)
 .text.mktime   0x08006000      0x2f4 d:/program files (x86)/gnu tools arm embedded/4.9 2014q4/bin/../lib/gcc/arm-none-eabi/4.9.3/../../../../arm-none-eabi/lib/armv7e-m/softfp\libc_nano.a(lib_a-mktime.o)
                0x08006000                mktime
 .text._free_r  0x080062f4       0x88 d:/program files (x86)/gnu tools arm embedded/4.9 2014q4/bin/../lib/gcc/arm-none-eabi/4.9.3/../../../../arm-none-eabi/lib/armv7e-m/softfp\libc_nano.a(lib_a-nano-freer.o)
                0x080062f4                _free_r
 .text._malloc_r
                0x0800637c       0xac d:/program files (x86)/gnu tools arm embedded/4.9 2014q4/bin/../lib/gcc/arm-none-eabi/4.9.3/../../../../arm-none-eabi/lib/armv7e-m/softfp\libc_nano.a(lib_a-nano-mallocr.o)
                0x0800637c                _malloc_r
 .text.__sfputc_r
                0x08006428       0x2c d:/program files (x86)/gnu tools arm embedded/4.9 2014q4/bin/../lib/gcc/arm-none-eabi/4.9.3/../../../../arm-none-eabi/lib/armv7e-m/softfp\libc_nano.a(lib_a-nano-vfprintf.o)
 .text.__sfputs_r
                0x08006454       0x24 d:/program files (x86)/gnu tools arm embedded/4.9 2014q4/bin/../lib/gcc/arm-none-eabi/4.9.3/../../../../arm-none-eabi/lib/armv7e-m/softfp\libc_nano.a(lib_a-nano-vfprintf.o)
                0x08006454                __sfputs_r
 .text._vfprintf_r
                0x08006478      0x210 d:/program files (x86)/gnu tools arm embedded/4.9 2014q4/bin/../lib/gcc/arm-none-eabi/4.9.3/../../../../arm-none-eabi/lib/armv7e-m/softfp\libc_nano.a(lib_a-nano-vfprintf.o)
                0x08006478                _vfprintf_r
                0x08006478                _vfiprintf_r
 .text.vfprintf
                0x08006688       0x1c d:/program files (x86)/gnu tools arm embedded/4.9 2014q4/bin/../lib/gcc/arm-none-eabi/4.9.3/../../../../arm-none-eabi/lib/armv7e-m/softfp\libc_nano.a(lib_a-nano-vfprintf.o)
                0x08006688                vfprintf
                0x08006688                vfiprintf
 .text._printf_common
                0x080066a4       0xea d:/program files (x86)/gnu tools arm embedded/4.9 2014q4/bin/../lib/gcc/arm-none-eabi/4.9.3/../../../../arm-none-eabi/lib/armv7e-m/softfp\libc_nano.a(lib_a-nano-vfprintf_i.o)
                0x080066a4                _printf_common
 *fill*         0x0800678e        0x2 
 .text._printf_i
                0x08006790      0x234 d:/program files (x86)/gnu tools arm embedded/4.9 2014q4/bin/../lib/gcc/arm-none-eabi/4.9.3/../../../../arm-none-eabi/lib/armv7e-m/softfp\libc_nano.a(lib_a-nano-vfprintf_i.o)
                0x08006790                _printf_i
 .text._scanf_chars
                0x080069c4       0xc0 d:/program files (x86)/gnu tools arm embedded/4.9 2014q4/bin/../lib/gcc/arm-none-eabi/4.9.3/../../../../arm-none-eabi/lib/armv7e-m/softfp\libc_nano.a(lib_a-nano-vfscanf_i.o)
                0x080069c4                _scanf_chars
 .text._scanf_i
                0x08006a84      0x1e4 d:/program files (x86)/gnu tools arm embedded/4.9 2014q4/bin/../lib/gcc/arm-none-eabi/4.9.3/../../../../arm-none-eabi/lib/armv7e-m/softfp\libc_nano.a(lib_a-nano-vfscanf_i.o)
                0x08006a84                _scanf_i
 .text._open_r  0x08006c68       0x24 d:/program files (x86)/gnu tools arm embedded/4.9 2014q4/bin/../lib/gcc/arm-none-eabi/4.9.3/../../../../arm-none-eabi/lib/armv7e-m/softfp\libc_nano.a(lib_a-openr.o)
                0x08006c68                _open_r
 .text.rand     0x08006c8c       0x74 d:/program files (x86)/gnu tools arm embedded/4.9 2014q4/bin/../lib/gcc/arm-none-eabi/4.9.3/../../../../arm-none-eabi/lib/armv7e-m/softfp\libc_nano.a(lib_a-rand.o)
                0x08006c8c                rand
 .text._sbrk_r  0x08006d00       0x20 d:/program files (x86)/gnu tools arm embedded/4.9 2014q4/bin/../lib/gcc/arm-none-eabi/4.9.3/../../../../arm-none-eabi/lib/armv7e-m/softfp\libc_nano.a(lib_a-sbrkr.o)
                0x08006d00                _sbrk_r
 .text.__sccl   0x08006d20       0x64 d:/program files (x86)/gnu tools arm embedded/4.9 2014q4/bin/../lib/gcc/arm-none-eabi/4.9.3/../../../../arm-none-eabi/lib/armv7e-m/softfp\libc_nano.a(lib_a-sccl.o)
                0x08006d20                __sccl
 .text.setbuf   0x08006d84       0x10 d:/program files (x86)/gnu tools arm embedded/4.9 2014q4/bin/../lib/gcc/arm-none-eabi/4.9.3/../../../../arm-none-eabi/lib/armv7e-m/softfp\libc_nano.a(lib_a-setbuf.o)
                0x08006d84                setbuf
 .text.setvbuf  0x08006d94      0x110 d:/program files (x86)/gnu tools arm embedded/4.9 2014q4/bin/../lib/gcc/arm-none-eabi/4.9.3/../../../../arm-none-eabi/lib/armv7e-m/softfp\libc_nano.a(lib_a-setvbuf.o)
                0x08006d94                setvbuf
 .text._raise_r
                0x08006ea4       0x50 d:/program files (x86)/gnu tools arm embedded/4.9 2014q4/bin/../lib/gcc/arm-none-eabi/4.9.3/../../../../arm-none-eabi/lib/armv7e-m/softfp\libc_nano.a(lib_a-signal.o)
                0x08006ea4                _raise_r
 .text.raise    0x08006ef4       0x10 d:/program files (x86)/gnu tools arm embedded/4.9 2014q4/bin/../lib/gcc/arm-none-eabi/4.9.3/../../../../arm-none-eabi/lib/armv7e-m/softfp\libc_nano.a(lib_a-signal.o)
                0x08006ef4                raise
 .text._kill_r  0x08006f04       0x24 d:/program files (x86)/gnu tools arm embedded/4.9 2014q4/bin/../lib/gcc/arm-none-eabi/4.9.3/../../../../arm-none-eabi/lib/armv7e-m/softfp\libc_nano.a(lib_a-signalr.o)
                0x08006f04                _kill_r
 .text._getpid_r
                0x08006f28        0x4 d:/program files (x86)/gnu tools arm embedded/4.9 2014q4/bin/../lib/gcc/arm-none-eabi/4.9.3/../../../../arm-none-eabi/lib/armv7e-m/softfp\libc_nano.a(lib_a-signalr.o)
                0x08006f28                _getpid_r
 .text.snprintf
                0x08006f2c       0x64 d:/program files (x86)/gnu tools arm embedded/4.9 2014q4/bin/../lib/gcc/arm-none-eabi/4.9.3/../../../../arm-none-eabi/lib/armv7e-m/softfp\libc_nano.a(lib_a-snprintf.o)
                0x08006f2c                sniprintf
                0x08006f2c                snprintf
 .text.sprintf  0x08006f90       0x48 d:/program files (x86)/gnu tools arm embedded/4.9 2014q4/bin/../lib/gcc/arm-none-eabi/4.9.3/../../../../arm-none-eabi/lib/armv7e-m/softfp\libc_nano.a(lib_a-sprintf.o)
                0x08006f90                siprintf
                0x08006f90                sprintf
 .text.sscanf   0x08006fd8       0x54 d:/program files (x86)/gnu tools arm embedded/4.9 2014q4/bin/../lib/gcc/arm-none-eabi/4.9.3/../../../../arm-none-eabi/lib/armv7e-m/softfp\libc_nano.a(lib_a-sscanf.o)
                0x08006fd8                siscanf
                0x08006fd8                sscanf
 .text.__sread  0x0800702c       0x22 d:/program files (x86)/gnu tools arm embedded/4.9 2014q4/bin/../lib/gcc/arm-none-eabi/4.9.3/../../../../arm-none-eabi/lib/armv7e-m/softfp\libc_nano.a(lib_a-stdio.o)
                0x0800702c                __sread
 .text.__seofread
                0x0800704e        0x4 d:/program files (x86)/gnu tools arm embedded/4.9 2014q4/bin/../lib/gcc/arm-none-eabi/4.9.3/../../../../arm-none-eabi/lib/armv7e-m/softfp\libc_nano.a(lib_a-stdio.o)
                0x0800704e                __seofread
 .text.__swrite
                0x08007052       0x38 d:/program files (x86)/gnu tools arm embedded/4.9 2014q4/bin/../lib/gcc/arm-none-eabi/4.9.3/../../../../arm-none-eabi/lib/armv7e-m/softfp\libc_nano.a(lib_a-stdio.o)
                0x08007052                __swrite