Archive member included because of file (symbol)

D:\MyDocuments\GitHub\Sensor-Board/mbed/TARGET_NUCLEO_F401RE/TOOLCHAIN_GCC_ARM\libmbed.a(serial_api.o)
                              D:\MyDocuments\GitHub\Sensor-Board/mbed/TARGET_NUCLEO_F401RE/TOOLCHAIN_GCC_ARM/retarget.o (serial_init)
D:\MyDocuments\GitHub\Sensor-Board/mbed/TARGET_NUCLEO_F401RE/TOOLCHAIN_GCC_ARM\libmbed.a(BusInOut.o)
                              ..\obj\Display.o (mbed::BusInOut::BusInOut(PinName, PinName, PinName, PinName, PinName, PinName, PinName, PinName, PinName, PinName, PinName, PinName, PinName, PinName, PinName, PinName))
D:\MyDocuments\GitHub\Sensor-Board/mbed/TARGET_NUCLEO_F401RE/TOOLCHAIN_GCC_ARM\libmbed.a(FileSystemLike.o)
                              D:\MyDocuments\GitHub\Sensor-Board/mbed/TARGET_NUCLEO_F401RE/TOOLCHAIN_GCC_ARM/retarget.o (mbed::FileSystemLike::opendir())
D:\MyDocuments\GitHub\Sensor-Board/mbed/TARGET_NUCLEO_F401RE/TOOLCHAIN_GCC_ARM\libmbed.a(FilePath.o)
                              D:\MyDocuments\GitHub\Sensor-Board/mbed/TARGET_NUCLEO_F401RE/TOOLCHAIN_GCC_ARM/retarget.o (mbed::FilePath::FilePath(char const*))
D:\MyDocuments\GitHub\Sensor-Board/mbed/TARGET_NUCLEO_F401RE/TOOLCHAIN_GCC_ARM\libmbed.a(SPI.o)
                              ..\obj\W5500.o (mbed::SPI::SPI(PinName, PinName, PinName, PinName))
D:\MyDocuments\GitHub\Sensor-Board/mbed/TARGET_NUCLEO_F401RE/TOOLCHAIN_GCC_ARM\libmbed.a(Stream.o)
                              ..\obj\Display.o (mbed::Stream::close())
D:\MyDocuments\GitHub\Sensor-Board/mbed/TARGET_NUCLEO_F401RE/TOOLCHAIN_GCC_ARM\libmbed.a(Timer.o)
                              ..\obj\TCPSocketServer.o (mbed::Timer::Timer())
D:\MyDocuments\GitHub\Sensor-Board/mbed/TARGET_NUCLEO_F401RE/TOOLCHAIN_GCC_ARM\libmbed.a(assert.o)
                              ..\obj\Display.o (mbed_assert_internal)
D:\MyDocuments\GitHub\Sensor-Board/mbed/TARGET_NUCLEO_F401RE/TOOLCHAIN_GCC_ARM\libmbed.a(error.o)
                              D:\MyDocuments\GitHub\Sensor-Board/mbed/TARGET_NUCLEO_F401RE/TOOLCHAIN_GCC_ARM/retarget.o (error)
D:\MyDocuments\GitHub\Sensor-Board/mbed/TARGET_NUCLEO_F401RE/TOOLCHAIN_GCC_ARM\libmbed.a(gpio.o)
                              D:\MyDocuments\GitHub\Sensor-Board/mbed/TARGET_NUCLEO_F401RE/TOOLCHAIN_GCC_ARM\libmbed.a(BusInOut.o) (gpio_init_in)
D:\MyDocuments\GitHub\Sensor-Board/mbed/TARGET_NUCLEO_F401RE/TOOLCHAIN_GCC_ARM\libmbed.a(pinmap_common.o)
                              D:\MyDocuments\GitHub\Sensor-Board/mbed/TARGET_NUCLEO_F401RE/TOOLCHAIN_GCC_ARM\libmbed.a(serial_api.o) (pinmap_pinout)
D:\MyDocuments\GitHub\Sensor-Board/mbed/TARGET_NUCLEO_F401RE/TOOLCHAIN_GCC_ARM\libmbed.a(us_ticker_api.o)
                              D:\MyDocuments\GitHub\Sensor-Board/mbed/TARGET_NUCLEO_F401RE/TOOLCHAIN_GCC_ARM/hal_tick.o (us_ticker_irq_handler)
D:\MyDocuments\GitHub\Sensor-Board/mbed/TARGET_NUCLEO_F401RE/TOOLCHAIN_GCC_ARM\libmbed.a(rtc_time.o)
                              ..\obj\cyassl_int.o (time)
D:\MyDocuments\GitHub\Sensor-Board/mbed/TARGET_NUCLEO_F401RE/TOOLCHAIN_GCC_ARM\libmbed.a(wait_api.o)
                              ..\obj\W5500.o (wait_us)
D:\MyDocuments\GitHub\Sensor-Board/mbed/TARGET_NUCLEO_F401RE/TOOLCHAIN_GCC_ARM\libmbed.a(PeripheralPins.o)
                              D:\MyDocuments\GitHub\Sensor-Board/mbed/TARGET_NUCLEO_F401RE/TOOLCHAIN_GCC_ARM\libmbed.a(serial_api.o) (PinMap_UART_RX)
D:\MyDocuments\GitHub\Sensor-Board/mbed/TARGET_NUCLEO_F401RE/TOOLCHAIN_GCC_ARM\libmbed.a(gpio_api.o)
                              D:\MyDocuments\GitHub\Sensor-Board/mbed/TARGET_NUCLEO_F401RE/TOOLCHAIN_GCC_ARM\libmbed.a(gpio.o) (gpio_init)
D:\MyDocuments\GitHub\Sensor-Board/mbed/TARGET_NUCLEO_F401RE/TOOLCHAIN_GCC_ARM\libmbed.a(pinmap.o)
                              D:\MyDocuments\GitHub\Sensor-Board/mbed/TARGET_NUCLEO_F401RE/TOOLCHAIN_GCC_ARM\libmbed.a(gpio_api.o) (Set_GPIO_Clock)
D:\MyDocuments\GitHub\Sensor-Board/mbed/TARGET_NUCLEO_F401RE/TOOLCHAIN_GCC_ARM\libmbed.a(rtc_api.o)
                              D:\MyDocuments\GitHub\Sensor-Board/mbed/TARGET_NUCLEO_F401RE/TOOLCHAIN_GCC_ARM\libmbed.a(rtc_time.o) (rtc_init)
D:\MyDocuments\GitHub\Sensor-Board/mbed/TARGET_NUCLEO_F401RE/TOOLCHAIN_GCC_ARM\libmbed.a(spi_api.o)
                              D:\MyDocuments\GitHub\Sensor-Board/mbed/TARGET_NUCLEO_F401RE/TOOLCHAIN_GCC_ARM\libmbed.a(SPI.o) (spi_init)
D:\MyDocuments\GitHub\Sensor-Board/mbed/TARGET_NUCLEO_F401RE/TOOLCHAIN_GCC_ARM\libmbed.a(us_ticker.o)
                              D:\MyDocuments\GitHub\Sensor-Board/mbed/TARGET_NUCLEO_F401RE/TOOLCHAIN_GCC_ARM\libmbed.a(us_ticker_api.o) (us_ticker_init)
D:\MyDocuments\GitHub\Sensor-Board/mbed/TARGET_NUCLEO_F401RE/TOOLCHAIN_GCC_ARM\libmbed.a(FileLike.o)
                              D:\MyDocuments\GitHub\Sensor-Board/mbed/TARGET_NUCLEO_F401RE/TOOLCHAIN_GCC_ARM\libmbed.a(Stream.o) (mbed::FileLike::~FileLike())
D:\MyDocuments\GitHub\Sensor-Board/mbed/TARGET_NUCLEO_F401RE/TOOLCHAIN_GCC_ARM\libmbed.a(FileBase.o)
[...]
Memory Configuration

Name             Origin             Length             Attributes
FLASH            0x08000000         0x00080000         xr
RAM              0x20000194         0x00017e6c         xrw
*default*        0x00000000         0xffffffff

Linker script and memory map

LOAD d:/program files (x86)/gnu tools arm embedded/4.9 2014q4/bin/../lib/gcc/arm-none-eabi/4.9.3/armv7e-m/softfp/crti.o
LOAD d:/program files (x86)/gnu tools arm embedded/4.9 2014q4/bin/../lib/gcc/arm-none-eabi/4.9.3/armv7e-m/softfp/crtbegin.o
LOAD d:/program files (x86)/gnu tools arm embedded/4.9 2014q4/bin/../lib/gcc/arm-none-eabi/4.9.3/../../../../arm-none-eabi/lib/armv7e-m/softfp/crt0.o
LOAD D:\MyDocuments\GitHub\Sensor-Board/mbed/TARGET_NUCLEO_F401RE/TOOLCHAIN_GCC_ARM/stm32f4xx_hal_cryp.o
LOAD D:\MyDocuments\GitHub\Sensor-Board/mbed/TARGET_NUCLEO_F401RE/TOOLCHAIN_GCC_ARM/stm32f4xx_hal_tim_ex.o
LOAD D:\MyDocuments\GitHub\Sensor-Board/mbed/TARGET_NUCLEO_F401RE/TOOLCHAIN_GCC_ARM/stm32f4xx_ll_fmc.o
LOAD D:\MyDocuments\GitHub\Sensor-Board/mbed/TARGET_NUCLEO_F401RE/TOOLCHAIN_GCC_ARM/stm32f4xx_hal_rcc.o
LOAD D:\MyDocuments\GitHub\Sensor-Board/mbed/TARGET_NUCLEO_F401RE/TOOLCHAIN_GCC_ARM/stm32f4xx_hal_smartcard.o
LOAD D:\MyDocuments\GitHub\Sensor-Board/mbed/TARGET_NUCLEO_F401RE/TOOLCHAIN_GCC_ARM/stm32f4xx_hal_pwr_ex.o
LOAD D:\MyDocuments\GitHub\Sensor-Board/mbed/TARGET_NUCLEO_F401RE/TOOLCHAIN_GCC_ARM/stm32f4xx_ll_fsmc.o
LOAD D:\MyDocuments\GitHub\Sensor-Board/mbed/TARGET_NUCLEO_F401RE/TOOLCHAIN_GCC_ARM/stm32f4xx_hal_rng.o
LOAD D:\MyDocuments\GitHub\Sensor-Board/mbed/TARGET_NUCLEO_F401RE/TOOLCHAIN_GCC_ARM/stm32f4xx_hal_eth.o
LOAD D:\MyDocuments\GitHub\Sensor-Board/mbed/TARGET_NUCLEO_F401RE/TOOLCHAIN_GCC_ARM/cmsis_nvic.o
LOAD D:\MyDocuments\GitHub\Sensor-Board/mbed/TARGET_NUCLEO_F401RE/TOOLCHAIN_GCC_ARM/stm32f4xx_hal.o
LOAD D:\MyDocuments\GitHub\Sensor-Board/mbed/TARGET_NUCLEO_F401RE/TOOLCHAIN_GCC_ARM/stm32f4xx_hal_dma_ex.o
LOAD D:\MyDocuments\GitHub\Sensor-Board/mbed/TARGET_NUCLEO_F401RE/TOOLCHAIN_GCC_ARM/stm32f4xx_ll_sdmmc.o
LOAD D:\MyDocuments\GitHub\Sensor-Board/mbed/TARGET_NUCLEO_F401RE/TOOLCHAIN_GCC_ARM/stm32f4xx_hal_hcd.o
LOAD D:\MyDocuments\GitHub\Sensor-Board/mbed/TARGET_NUCLEO_F401RE/TOOLCHAIN_GCC_ARM/hal_tick.o
LOAD D:\MyDocuments\GitHub\Sensor-Board/mbed/TARGET_NUCLEO_F401RE/TOOLCHAIN_GCC_ARM/stm32f4xx_hal_pccard.o
LOAD D:\MyDocuments\GitHub\Sensor-Board/mbed/TARGET_NUCLEO_F401RE/TOOLCHAIN_GCC_ARM/stm32f4xx_hal_dac_ex.o
LOAD D:\MyDocuments\GitHub\Sensor-Board/mbed/TARGET_NUCLEO_F401RE/TOOLCHAIN_GCC_ARM/stm32f4xx_hal_irda.o
LOAD D:\MyDocuments\GitHub\Sensor-Board/mbed/TARGET_NUCLEO_F401RE/TOOLCHAIN_GCC_ARM/stm32f4xx_hal_sd.o
LOAD D:\MyDocuments\GitHub\Sensor-Board/mbed/TARGET_NUCLEO_F401RE/TOOLCHAIN_GCC_ARM/stm32f4xx_hal_sai.o
LOAD D:\MyDocuments\GitHub\Sensor-Board/mbed/TARGET_NUCLEO_F401RE/TOOLCHAIN_GCC_ARM/stm32f4xx_hal_i2s_ex.o
LOAD D:\MyDocuments\GitHub\Sensor-Board/mbed/TARGET_NUCLEO_F401RE/TOOLCHAIN_GCC_ARM/stm32f4xx_hal_sram.o
LOAD D:\MyDocuments\GitHub\Sensor-Board/mbed/TARGET_NUCLEO_F401RE/TOOLCHAIN_GCC_ARM/stm32f4xx_hal_spi.o
LOAD D:\MyDocuments\GitHub\Sensor-Board/mbed/TARGET_NUCLEO_F401RE/TOOLCHAIN_GCC_ARM/stm32f4xx_hal_adc_ex.o
LOAD D:\MyDocuments\GitHub\Sensor-Board/mbed/TARGET_NUCLEO_F401RE/TOOLCHAIN_GCC_ARM/stm32f4xx_hal_gpio.o
LOAD D:\MyDocuments\GitHub\Sensor-Board/mbed/TARGET_NUCLEO_F401RE/TOOLCHAIN_GCC_ARM/stm32f4xx_hal_flash.o
LOAD D:\MyDocuments\GitHub\Sensor-Board/mbed/TARGET_NUCLEO_F401RE/TOOLCHAIN_GCC_ARM/stm32f4xx_hal_pcd_ex.o
LOAD D:\MyDocuments\GitHub\Sensor-Board/mbed/TARGET_NUCLEO_F401RE/TOOLCHAIN_GCC_ARM/board.o
LOAD D:\MyDocuments\GitHub\Sensor-Board/mbed/TARGET_NUCLEO_F401RE/TOOLCHAIN_GCC_ARM/stm32f4xx_hal_hash.o
LOAD D:\MyDocuments\GitHub\Sensor-Board/mbed/TARGET_NUCLEO_F401RE/TOOLCHAIN_GCC_ARM/stm32f4xx_hal_adc.o
LOAD D:\MyDocuments\GitHub\Sensor-Board/mbed/TARGET_NUCLEO_F401RE/TOOLCHAIN_GCC_ARM/stm32f4xx_hal_iwdg.o
LOAD D:\MyDocuments\GitHub\Sensor-Board/mbed/TARGET_NUCLEO_F401RE/TOOLCHAIN_GCC_ARM/stm32f4xx_hal_flash_ex.o
LOAD D:\MyDocuments\GitHub\Sensor-Board/mbed/TARGET_NUCLEO_F401RE/TOOLCHAIN_GCC_ARM/stm32f4xx_hal_rtc_ex.o
LOAD D:\MyDocuments\GitHub\Sensor-Board/mbed/TARGET_NUCLEO_F401RE/TOOLCHAIN_GCC_ARM/stm32f4xx_hal_nor.o
LOAD D:\MyDocuments\GitHub\Sensor-Board/mbed/TARGET_NUCLEO_F401RE/TOOLCHAIN_GCC_ARM/stm32f4xx_hal_i2s.o
LOAD D:\MyDocuments\GitHub\Sensor-Board/mbed/TARGET_NUCLEO_F401RE/TOOLCHAIN_GCC_ARM/system_stm32f4xx.o
LOAD D:\MyDocuments\GitHub\Sensor-Board/mbed/TARGET_NUCLEO_F401RE/TOOLCHAIN_GCC_ARM/stm32f4xx_hal_sdram.o
LOAD D:\MyDocuments\GitHub\Sensor-Board/mbed/TARGET_NUCLEO_F401RE/TOOLCHAIN_GCC_ARM/stm32f4xx_hal_pcd.o
LOAD D:\MyDocuments\GitHub\Sensor-Board/mbed/TARGET_NUCLEO_F401RE/TOOLCHAIN_GCC_ARM/stm32f4xx_hal_uart.o
LOAD D:\MyDocuments\GitHub\Sensor-Board/mbed/TARGET_NUCLEO_F401RE/TOOLCHAIN_GCC_ARM/stm32f4xx_hal_i2c.o
LOAD D:\MyDocuments\GitHub\Sensor-Board/mbed/TARGET_NUCLEO_F401RE/TOOLCHAIN_GCC_ARM/stm32f4xx_hal_cortex.o
LOAD D:\MyDocuments\GitHub\Sensor-Board/mbed/TARGET_NUCLEO_F401RE/TOOLCHAIN_GCC_ARM/stm32f4xx_hal_rtc.o
LOAD D:\MyDocuments\GitHub\Sensor-Board/mbed/TARGET_NUCLEO_F401RE/TOOLCHAIN_GCC_ARM/stm32f4xx_hal_ltdc.o
LOAD D:\MyDocuments\GitHub\Sensor-Board/mbed/TARGET_NUCLEO_F401RE/TOOLCHAIN_GCC_ARM/stm32f4xx_hal_tim.o
LOAD D:\MyDocuments\GitHub\Sensor-Board/mbed/TARGET_NUCLEO_F401RE/TOOLCHAIN_GCC_ARM/stm32f4xx_ll_usb.o
LOAD D:\MyDocuments\GitHub\Sensor-Board/mbed/TARGET_NUCLEO_F401RE/TOOLCHAIN_GCC_ARM/stm32f4xx_hal_hash_ex.o
LOAD D:\MyDocuments\GitHub\Sensor-Board/mbed/TARGET_NUCLEO_F401RE/TOOLCHAIN_GCC_ARM/stm32f4xx_hal_rcc_ex.o
LOAD D:\MyDocuments\GitHub\Sensor-Board/mbed/TARGET_NUCLEO_F401RE/TOOLCHAIN_GCC_ARM/retarget.o
LOAD D:\MyDocuments\GitHub\Sensor-Board/mbed/TARGET_NUCLEO_F401RE/TOOLCHAIN_GCC_ARM/startup_stm32f401xe.o
LOAD D:\MyDocuments\GitHub\Sensor-Board/mbed/TARGET_NUCLEO_F401RE/TOOLCHAIN_GCC_ARM/mbed_overrides.o
LOAD D:\MyDocuments\GitHub\Sensor-Board/mbed/TARGET_NUCLEO_F401RE/TOOLCHAIN_GCC_ARM/stm32f4xx_hal_dma.o
LOAD D:\MyDocuments\GitHub\Sensor-Board/mbed/TARGET_NUCLEO_F401RE/TOOLCHAIN_GCC_ARM/stm32f4xx_hal_can.o
LOAD D:\MyDocuments\GitHub\Sensor-Board/mbed/TARGET_NUCLEO_F401RE/TOOLCHAIN_GCC_ARM/stm32f4xx_hal_dma2d.o
LOAD D:\MyDocuments\GitHub\Sensor-Board/mbed/TARGET_NUCLEO_F401RE/TOOLCHAIN_GCC_ARM/stm32f4xx_hal_dac.o
LOAD D:\MyDocuments\GitHub\Sensor-Board/mbed/TARGET_NUCLEO_F401RE/TOOLCHAIN_GCC_ARM/stm32f4xx_hal_flash_ramfunc.o
LOAD D:\MyDocuments\GitHub\Sensor-Board/mbed/TARGET_NUCLEO_F401RE/TOOLCHAIN_GCC_ARM/stm32f4xx_hal_crc.o
LOAD D:\MyDocuments\GitHub\Sensor-Board/mbed/TARGET_NUCLEO_F401RE/TOOLCHAIN_GCC_ARM/stm32f4xx_hal_pwr.o
LOAD D:\MyDocuments\GitHub\Sensor-Board/mbed/TARGET_NUCLEO_F401RE/TOOLCHAIN_GCC_ARM/stm32f4xx_hal_wwdg.o
LOAD D:\MyDocuments\GitHub\Sensor-Board/mbed/TARGET_NUCLEO_F401RE/TOOLCHAIN_GCC_ARM/stm32f4xx_hal_i2c_ex.o
LOAD D:\MyDocuments\GitHub\Sensor-Board/mbed/TARGET_NUCLEO_F401RE/TOOLCHAIN_GCC_ARM/stm32f4xx_hal_cryp_ex.o
LOAD D:\MyDocuments\GitHub\Sensor-Board/mbed/TARGET_NUCLEO_F401RE/TOOLCHAIN_GCC_ARM/stm32f4xx_hal_nand.o
LOAD D:\MyDocuments\GitHub\Sensor-Board/mbed/TARGET_NUCLEO_F401RE/TOOLCHAIN_GCC_ARM/stm32f4xx_hal_usart.o
LOAD D:\MyDocuments\GitHub\Sensor-Board/mbed/TARGET_NUCLEO_F401RE/TOOLCHAIN_GCC_ARM/stm32f4xx_hal_dcmi.o

.text           0x08000000     0x416c
 *(.isr_vector)
 .isr_vector    0x08000000      0x194 D:\MyDocuments\GitHub\Sensor-Board/mbed/TARGET_NUCLEO_F401RE/TOOLCHAIN_GCC_ARM/startup_stm32f401xe.o
                0x08000000                g_pfnVectors
 *(.text*)
 .text          0x08000194       0x5c d:/program files (x86)/gnu tools arm embedded/4.9 2014q4/bin/../lib/gcc/arm-none-eabi/4.9.3/armv7e-m/softfp/crtbegin.o
 .text          0x080001f0       0x74 d:/program files (x86)/gnu tools arm embedded/4.9 2014q4/bin/../lib/gcc/arm-none-eabi/4.9.3/../../../../arm-none-eabi/lib/armv7e-m/softfp/crt0.o
                0x080001f0                _start
                0x080001f0                _mainCRTStartup
 .text.HAL_RCC_OscConfig
                0x08000264      0x35c D:\MyDocuments\GitHub\Sensor-Board/mbed/TARGET_NUCLEO_F401RE/TOOLCHAIN_GCC_ARM/stm32f4xx_hal_rcc.o
                0x08000264                HAL_RCC_OscConfig
 .text.HAL_RCC_ClockConfig
                0x080005c0      0x1b0 D:\MyDocuments\GitHub\Sensor-Board/mbed/TARGET_NUCLEO_F401RE/TOOLCHAIN_GCC_ARM/stm32f4xx_hal_rcc.o
                0x080005c0                HAL_RCC_ClockConfig
 .text.HAL_RCC_GetSysClockFreq
                0x08000770       0x9c D:\MyDocuments\GitHub\Sensor-Board/mbed/TARGET_NUCLEO_F401RE/TOOLCHAIN_GCC_ARM/stm32f4xx_hal_rcc.o
                0x08000770                HAL_RCC_GetSysClockFreq
 .text.HAL_RCC_GetHCLKFreq
                0x0800080c       0x38 D:\MyDocuments\GitHub\Sensor-Board/mbed/TARGET_NUCLEO_F401RE/TOOLCHAIN_GCC_ARM/stm32f4xx_hal_rcc.o
                0x0800080c                HAL_RCC_GetHCLKFreq
 .text.HAL_RCC_GetPCLK1Freq
                0x08000844       0x30 D:\MyDocuments\GitHub\Sensor-Board/mbed/TARGET_NUCLEO_F401RE/TOOLCHAIN_GCC_ARM/stm32f4xx_hal_rcc.o
                0x08000844                HAL_RCC_GetPCLK1Freq
 .text.HAL_RCC_GetPCLK2Freq
                0x08000874       0x30 D:\MyDocuments\GitHub\Sensor-Board/mbed/TARGET_NUCLEO_F401RE/TOOLCHAIN_GCC_ARM/stm32f4xx_hal_rcc.o
                0x08000874                HAL_RCC_GetPCLK2Freq
 .text.NVIC_SetVector
                0x080008a4       0x48 D:\MyDocuments\GitHub\Sensor-Board/mbed/TARGET_NUCLEO_F401RE/TOOLCHAIN_GCC_ARM/cmsis_nvic.o
                0x080008a4                NVIC_SetVector
 .text.HAL_MspInit
                0x080008ec        0x4 D:\MyDocuments\GitHub\Sensor-Board/mbed/TARGET_NUCLEO_F401RE/TOOLCHAIN_GCC_ARM/stm32f4xx_hal.o
                0x080008ec                HAL_MspInit
 .text.HAL_Init
                0x080008f0       0x34 D:\MyDocuments\GitHub\Sensor-Board/mbed/TARGET_NUCLEO_F401RE/TOOLCHAIN_GCC_ARM/stm32f4xx_hal.o
                0x080008f0                HAL_Init
 .text.HAL_IncTick
                0x08000924       0x10 D:\MyDocuments\GitHub\Sensor-Board/mbed/TARGET_NUCLEO_F401RE/TOOLCHAIN_GCC_ARM/stm32f4xx_hal.o
                0x08000924                HAL_IncTick
 .text.HAL_GetTick
                0x08000934        0xc D:\MyDocuments\GitHub\Sensor-Board/mbed/TARGET_NUCLEO_F401RE/TOOLCHAIN_GCC_ARM/stm32f4xx_hal.o
                0x08000934                HAL_GetTick
 .text.timer_irq_handler
                0x08000940       0x50 D:\MyDocuments\GitHub\Sensor-Board/mbed/TARGET_NUCLEO_F401RE/TOOLCHAIN_GCC_ARM/hal_tick.o
                0x08000940                timer_irq_handler
 .text.HAL_InitTick
                0x08000990       0xa4 D:\MyDocuments\GitHub\Sensor-Board/mbed/TARGET_NUCLEO_F401RE/TOOLCHAIN_GCC_ARM/hal_tick.o
                0x08000990                HAL_InitTick
 .text.HAL_GPIO_Init
                0x08000a34      0x278 D:\MyDocuments\GitHub\Sensor-Board/mbed/TARGET_NUCLEO_F401RE/TOOLCHAIN_GCC_ARM/stm32f4xx_hal_gpio.o
                0x08000a34                HAL_GPIO_Init
 .text.mbed_die
                0x08000cac       0x14 D:\MyDocuments\GitHub\Sensor-Board/mbed/TARGET_NUCLEO_F401RE/TOOLCHAIN_GCC_ARM/board.o
                0x08000cac                mbed_die
 .text.SystemCoreClockUpdate
                0x08000cc0       0x70 D:\MyDocuments\GitHub\Sensor-Board/mbed/TARGET_NUCLEO_F401RE/TOOLCHAIN_GCC_ARM/system_stm32f4xx.o
                0x08000cc0                SystemCoreClockUpdate
 .text.SetSysClock_PLL_HSE
                0x08000d30       0x84 D:\MyDocuments\GitHub\Sensor-Board/mbed/TARGET_NUCLEO_F401RE/TOOLCHAIN_GCC_ARM/system_stm32f4xx.o
                0x08000d30                SetSysClock_PLL_HSE
 .text.SetSysClock_PLL_HSI
                0x08000db4       0x84 D:\MyDocuments\GitHub\Sensor-Board/mbed/TARGET_NUCLEO_F401RE/TOOLCHAIN_GCC_ARM/system_stm32f4xx.o
                0x08000db4                SetSysClock_PLL_HSI
 .text.SetSysClock
                0x08000e38       0x20 D:\MyDocuments\GitHub\Sensor-Board/mbed/TARGET_NUCLEO_F401RE/TOOLCHAIN_GCC_ARM/system_stm32f4xx.o
                0x08000e38                SetSysClock
 .text.SystemInit
                0x08000e58       0x74 D:\MyDocuments\GitHub\Sensor-Board/mbed/TARGET_NUCLEO_F401RE/TOOLCHAIN_GCC_ARM/system_stm32f4xx.o
                0x08000e58                SystemInit
 .text.UART_SetConfig
                0x08000ecc      0x1b4 D:\MyDocuments\GitHub\Sensor-Board/mbed/TARGET_NUCLEO_F401RE/TOOLCHAIN_GCC_ARM/stm32f4xx_hal_uart.o
 .text.HAL_UART_MspInit
                0x08001080        0x4 D:\MyDocuments\GitHub\Sensor-Board/mbed/TARGET_NUCLEO_F401RE/TOOLCHAIN_GCC_ARM/stm32f4xx_hal_uart.o
                0x08001080                HAL_UART_MspInit
 .text.HAL_UART_Init
                0x08001084       0x58 D:\MyDocuments\GitHub\Sensor-Board/mbed/TARGET_NUCLEO_F401RE/TOOLCHAIN_GCC_ARM/stm32f4xx_hal_uart.o
                0x08001084                HAL_UART_Init
 .text.HAL_NVIC_SetPriorityGrouping
                0x080010dc       0x24 D:\MyDocuments\GitHub\Sensor-Board/mbed/TARGET_NUCLEO_F401RE/TOOLCHAIN_GCC_ARM/stm32f4xx_hal_cortex.o
                0x080010dc                HAL_NVIC_SetPriorityGrouping
 .text.HAL_TIM_OC_MspInit
                0x08001100        0x4 D:\MyDocuments\GitHub\Sensor-Board/mbed/TARGET_NUCLEO_F401RE/TOOLCHAIN_GCC_ARM/stm32f4xx_hal_tim.o
                0x08001100                HAL_TIM_OC_MspInit
 .text.HAL_TIM_OC_Start
                0x08001104       0x40 D:\MyDocuments\GitHub\Sensor-Board/mbed/TARGET_NUCLEO_F401RE/TOOLCHAIN_GCC_ARM/stm32f4xx_hal_tim.o
                0x08001104                HAL_TIM_OC_Start
 .text.TIM_Base_SetConfig
                0x08001144       0xa0 D:\MyDocuments\GitHub\Sensor-Board/mbed/TARGET_NUCLEO_F401RE/TOOLCHAIN_GCC_ARM/stm32f4xx_hal_tim.o
                0x08001144                TIM_Base_SetConfig
 .text.HAL_TIM_OC_Init
                0x080011e4       0x30 D:\MyDocuments\GitHub\Sensor-Board/mbed/TARGET_NUCLEO_F401RE/TOOLCHAIN_GCC_ARM/stm32f4xx_hal_tim.o
                0x080011e4                HAL_TIM_OC_Init
 .text._ZL11init_serialv.part.0
                0x08001214       0x10 D:\MyDocuments\GitHub\Sensor-Board/mbed/TARGET_NUCLEO_F401RE/TOOLCHAIN_GCC_ARM/retarget.o
 .text._close   0x08001224       0x2c D:\MyDocuments\GitHub\Sensor-Board/mbed/TARGET_NUCLEO_F401RE/TOOLCHAIN_GCC_ARM/retarget.o
                0x08001224                _close
 .text._write   0x08001250       0x50 D:\MyDocuments\GitHub\Sensor-Board/mbed/TARGET_NUCLEO_F401RE/TOOLCHAIN_GCC_ARM/retarget.o
                0x08001250                _write
 .text._read    0x080012a0       0x4c D:\MyDocuments\GitHub\Sensor-Board/mbed/TARGET_NUCLEO_F401RE/TOOLCHAIN_GCC_ARM/retarget.o
                0x080012a0                _read
 .text._isatty  0x080012ec       0x28 D:\MyDocuments\GitHub\Sensor-Board/mbed/TARGET_NUCLEO_F401RE/TOOLCHAIN_GCC_ARM/retarget.o
                0x080012ec                _isatty
 .text._lseek   0x08001314       0x28 D:\MyDocuments\GitHub\Sensor-Board/mbed/TARGET_NUCLEO_F401RE/TOOLCHAIN_GCC_ARM/retarget.o
                0x08001314                _lseek
 .text._fstat   0x0800133c       0x20 D:\MyDocuments\GitHub\Sensor-Board/mbed/TARGET_NUCLEO_F401RE/TOOLCHAIN_GCC_ARM/retarget.o
                0x0800133c                _fstat
 .text.mbed_main
                0x0800135c        0x4 D:\MyDocuments\GitHub\Sensor-Board/mbed/TARGET_NUCLEO_F401RE/TOOLCHAIN_GCC_ARM/retarget.o
                0x0800135c                mbed_main
 .text.__wrap_main
                0x08001360       0x14 D:\MyDocuments\GitHub\Sensor-Board/mbed/TARGET_NUCLEO_F401RE/TOOLCHAIN_GCC_ARM/retarget.o
                0x08001360                __wrap_main
 .text._sbrk    0x08001374       0x28 D:\MyDocuments\GitHub\Sensor-Board/mbed/TARGET_NUCLEO_F401RE/TOOLCHAIN_GCC_ARM/retarget.o
                0x08001374                _sbrk
 .text._exit    0x0800139c       0x24 D:\MyDocuments\GitHub\Sensor-Board/mbed/TARGET_NUCLEO_F401RE/TOOLCHAIN_GCC_ARM/retarget.o
                0x0800139c                _exit
 .text.Reset_Handler
                0x080013c0       0x54 D:\MyDocuments\GitHub\Sensor-Board/mbed/TARGET_NUCLEO_F401RE/TOOLCHAIN_GCC_ARM/startup_stm32f401xe.o
                0x080013c0                Reset_Handler
 .text.Default_Handler
                0x08001414        0x4 D:\MyDocuments\GitHub\Sensor-Board/mbed/TARGET_NUCLEO_F401RE/TOOLCHAIN_GCC_ARM/startup_stm32f401xe.o
                0x08001414                RTC_Alarm_IRQHandler
                0x08001414                EXTI2_IRQHandler
                0x08001414                DebugMon_Handler
                0x08001414                SPI4_IRQHandler
                0x08001414                TIM1_CC_IRQHandler
                0x08001414                DMA2_Stream5_IRQHandler
                0x08001414                HardFault_Handler
                0x08001414                DMA1_Stream5_IRQHandler
                0x08001414                PVD_IRQHandler
                0x08001414                SDIO_IRQHandler
                0x08001414                TAMP_STAMP_IRQHandler
                0x08001414                NMI_Handler
                0x08001414                EXTI3_IRQHandler
                0x08001414                TIM1_UP_TIM10_IRQHandler
                0x08001414                I2C3_ER_IRQHandler
                0x08001414                EXTI0_IRQHandler
                0x08001414                I2C2_EV_IRQHandler
                0x08001414                DMA1_Stream2_IRQHandler
                0x08001414                FPU_IRQHandler
                0x08001414                UsageFault_Handler
                0x08001414                DMA2_Stream2_IRQHandler
                0x08001414                SPI1_IRQHandler
                0x08001414                TIM1_BRK_TIM9_IRQHandler
                0x08001414                DMA2_Stream3_IRQHandler
                0x08001414                USART6_IRQHandler
                0x08001414                DMA2_Stream0_IRQHandler
                0x08001414                TIM4_IRQHandler
                0x08001414                I2C1_EV_IRQHandler
                0x08001414                DMA1_Stream6_IRQHandler
                0x08001414                DMA1_Stream1_IRQHandler
                0x08001414                TIM3_IRQHandler
                0x08001414                RCC_IRQHandler
                0x08001414                Default_Handler
                0x08001414                EXTI15_10_IRQHandler
                0x08001414                ADC_IRQHandler
                0x08001414                DMA1_Stream7_IRQHandler
                0x08001414                TIM5_IRQHandler
                0x08001414                DMA2_Stream7_IRQHandler
                0x08001414                I2C3_EV_IRQHandler
                0x08001414                EXTI9_5_IRQHandler
                0x08001414                RTC_WKUP_IRQHandler
                0x08001414                SPI2_IRQHandler
                0x08001414                MemManage_Handler
                0x08001414                DMA1_Stream0_IRQHandler
                0x08001414                EXTI4_IRQHandler
                0x08001414                WWDG_IRQHandler
                0x08001414                TIM2_IRQHandler
                0x08001414                OTG_FS_WKUP_IRQHandler
                0x08001414                TIM1_TRG_COM_TIM11_IRQHandler
                0x08001414                EXTI1_IRQHandler
                0x08001414                USART2_IRQHandler
                0x08001414                I2C2_ER_IRQHandler
                0x08001414                DMA2_Stream1_IRQHandler
                0x08001414                FLASH_IRQHandler
                0x08001414                DMA2_Stream4_IRQHandler
                0x08001414                BusFault_Handler
                0x08001414                USART1_IRQHandler
                0x08001414                OTG_FS_IRQHandler
                0x08001414                SPI3_IRQHandler
                0x08001414                DMA1_Stream4_IRQHandler
                0x08001414                I2C1_ER_IRQHandler
                0x08001414                DMA2_Stream6_IRQHandler
                0x08001414                DMA1_Stream3_IRQHandler
 .text.mbed_sdk_init
                0x08001418       0x10 D:\MyDocuments\GitHub\Sensor-Board/mbed/TARGET_NUCLEO_F401RE/TOOLCHAIN_GCC_ARM/mbed_overrides.o
                0x08001418                mbed_sdk_init
 .text.os_idle_demon
                0x08001428        0x2 ..\obj\RTX_Conf_CM.o
                0x08001428                os_idle_demon
 .text.os_error
                0x0800142a        0x4 ..\obj\RTX_Conf_CM.o
                0x0800142a                os_error
 .text.sysThreadError
                0x0800142e        0x8 ..\obj\RTX_Conf_CM.o
                0x0800142e                sysThreadError
 *fill*         0x08001436        0x2 
 .text.set_main_stack
                0x08001438       0x1c ..\obj\RTX_Conf_CM.o
                0x08001438                set_main_stack
 .text.software_init_hook
                0x08001454       0x38 ..\obj\RTX_Conf_CM.o
                0x08001454                software_init_hook
 .text.rt_init_robin
                0x0800148c       0x18 ..\obj\rt_Robin.o
                0x0800148c                rt_init_robin
 .text.rt_chk_robin
                0x080014a4       0x50 ..\obj\rt_Robin.o
                0x080014a4                rt_chk_robin
 .text.rt_psh_req
                0x080014f4       0x24 ..\obj\rt_System.o
                0x080014f4                rt_psh_req
 .text.rt_pop_req
                0x08001518       0x74 ..\obj\rt_System.o
                0x08001518                rt_pop_req
 .text.os_tick_init
                0x0800158c       0x30 ..\obj\rt_System.o
                0x0800158c                os_tick_init
 .text.os_tick_irqack
                0x080015bc        0x2 ..\obj\rt_System.o
                0x080015bc                os_tick_irqack
 *fill*         0x080015be        0x2 
 .text.rt_systick
                0x080015c0       0x40 ..\obj\rt_System.o
                0x080015c0                rt_systick
 .text.rt_stk_check
                0x08001600       0x2c ..\obj\rt_System.o
                0x08001600                rt_stk_check
 .text.rt_dispatch.part.0
                0x0800162c       0x1c ..\obj\rt_Task.o
 .text.rt_get_TID
                0x08001648       0x24 ..\obj\rt_Task.o
                0x08001648                rt_get_TID
 .text.rt_init_context
                0x0800166c       0x2a ..\obj\rt_Task.o
                0x0800166c                rt_init_context
 *fill*         0x08001696        0x2 
 .text.rt_switch_req
                0x08001698       0x10 ..\obj\rt_Task.o
                0x08001698                rt_switch_req
 .text.rt_dispatch
                0x080016a8       0x44 ..\obj\rt_Task.o
                0x080016a8                rt_dispatch
 .text.rt_block
                0x080016ec       0x34 ..\obj\rt_Task.o
                0x080016ec                rt_block
 .text.rt_tsk_self
                0x08001720       0x10 ..\obj\rt_Task.o
                0x08001720                rt_tsk_self
 .text.rt_tsk_prio
                0x08001730       0x74 ..\obj\rt_Task.o
                0x08001730                rt_tsk_prio
 .text.rt_tsk_delete
                0x080017a4       0x70 ..\obj\rt_Task.o
                0x080017a4                rt_tsk_delete
 .text.rt_sys_init
                0x08001814       0xdc ..\obj\rt_Task.o
                0x08001814                rt_sys_init
 .text.rt_sys_start
                0x080018f0       0x3c ..\obj\rt_Task.o
                0x080018f0                rt_sys_start
 .text.gpio_read
                0x0800192c       0x30 ..\obj\main.o
 .text.gpio_write
                0x0800195c       0x30 ..\obj\main.o
 .text._Z11led2_threadPKv
                0x0800198c       0x24 ..\obj\main.o
                0x0800198c                led2_thread(void const*)
 .text.startup.main
                0x080019b0       0x3c ..\obj\main.o
                0x080019b0                main
 .text.startup._GLOBAL__sub_I_led1
                0x080019ec       0x38 ..\obj\main.o
 .text.rt_evt_psh
                0x08001a24       0x54 ..\obj\rt_Event.o
                0x08001a24                rt_evt_psh
 .text._ZN4rtos6ThreadC2EPFvPKvEPv10osPrioritymPh
                0x08001a78       0x4c ..\obj\Thread.o
                0x08001a78                rtos::Thread::Thread(void (*)(void const*), void*, osPriority, unsigned long, unsigned char*)
                0x08001a78                rtos::Thread::Thread(void (*)(void const*), void*, osPriority, unsigned long, unsigned char*)
 .text._ZN4rtos6Thread9terminateEv
                0x08001ac4        0x6 ..\obj\Thread.o
                0x08001ac4                rtos::Thread::terminate()
 *fill*         0x08001aca        0x2 
 .text._ZN4rtos6ThreadD2Ev
                0x08001acc       0x24 ..\obj\Thread.o
                0x08001acc                rtos::Thread::~Thread()
                0x08001acc                rtos::Thread::~Thread()
 .text._ZN4rtos6ThreadD0Ev
                0x08001af0       0x12 ..\obj\Thread.o
                0x08001af0                rtos::Thread::~Thread()
 .text._ZN4rtos6Thread4waitEm
                0x08001b02        0x4 ..\obj\Thread.o
                0x08001b02                rtos::Thread::wait(unsigned long)
 *fill*         0x08001b06        0x2 
 .text.rt_sem_psh
                0x08001b08       0x34 ..\obj\rt_Semaphore.o
                0x08001b08                rt_sem_psh
 .text.rt_dly_wait
                0x08001b3c        0x6 ..\obj\rt_Time.o
                0x08001b3c                rt_dly_wait
 *fill*         0x08001b42        0x2 
 .text          0x08001b44      0x180 ..\obj\HAL_CM4.o
                0x08001b44                rt_set_PSP
                0x08001b4a                rt_get_PSP
                0x08001b50                os_set_env
                0x08001b68                _alloc_box
                0x08001b84                _free_box
                0x08001ba0                SVC_Handler
                0x08001c34                PendSV_Handler
                0x08001c3a                Sys_Switch
                0x08001c94                SysTick_Handler
                0x08001c9e                OS_Tick_Handler
 .text.rt_put_prio
                0x08001cc4       0x30 ..\obj\rt_List.o
                0x08001cc4                rt_put_prio
 .text.rt_get_first
                0x08001cf4       0x24 ..\obj\rt_List.o
                0x08001cf4                rt_get_first
 .text.rt_put_rdy_first
                0x08001d18       0x14 ..\obj\rt_List.o
                0x08001d18                rt_put_rdy_first
 .text.rt_put_dly
                0x08001d2c       0x4c ..\obj\rt_List.o
                0x08001d2c                rt_put_dly
 .text.rt_dec_dly
                0x08001d78       0x78 ..\obj\rt_List.o
                0x08001d78                rt_dec_dly
 .text.rt_rmv_list
                0x08001df0       0x2c ..\obj\rt_List.o
                0x08001df0                rt_rmv_list
 .text.rt_resort_prio
                0x08001e1c       0x34 ..\obj\rt_List.o
                0x08001e1c                rt_resort_prio
 .text.rt_rmv_dly
                0x08001e50       0x26 ..\obj\rt_List.o
                0x08001e50                rt_rmv_dly
 *fill*         0x08001e76        0x2 
 .text.rt_psq_enq
                0x08001e78       0x40 ..\obj\rt_List.o
                0x08001e78                rt_psq_enq
 .text.rt_mbx_init
                0x08001eb8       0x1a ..\obj\rt_Mailbox.o
                0x08001eb8                rt_mbx_init
 *fill*         0x08001ed2        0x2 
 .text.rt_mbx_wait
                0x08001ed4       0xa8 ..\obj\rt_Mailbox.o
                0x08001ed4                rt_mbx_wait
 .text.rt_mbx_check
                0x08001f7c        0x8 ..\obj\rt_Mailbox.o
                0x08001f7c                rt_mbx_check
 .text.isr_mbx_send
                0x08001f84        0xe ..\obj\rt_Mailbox.o
                0x08001f84                isr_mbx_send
 .text.isr_mbx_receive
                0x08001f92       0x4c ..\obj\rt_Mailbox.o
                0x08001f92                isr_mbx_receive
 *fill*         0x08001fde        0x2 
 .text.rt_mbx_psh
                0x08001fe0       0xdc ..\obj\rt_Mailbox.o
                0x08001fe0                rt_mbx_psh
 .text.rt_init_stack
                0x080020bc       0x50 ..\obj\HAL_CM.o
                0x080020bc                rt_init_stack
 .text.rt_ret_val
                0x0800210c       0x12 ..\obj\HAL_CM.o
                0x0800210c                rt_ret_val
 .text.rt_ret_val2
                0x0800211e       0x16 ..\obj\HAL_CM.o
                0x0800211e                rt_ret_val2
 .text.rt_alloc_box
                0x08002134       0x1a ..\obj\rt_MemBox.o
                0x08002134                rt_alloc_box
 .text.rt_free_box
                0x0800214e       0x28 ..\obj\rt_MemBox.o
                0x0800214e                rt_free_box
 .text.rt_tid2ptcb
                0x08002176       0x14 ..\obj\rt_CMSIS.o
 *fill*         0x0800218a        0x2 
 .text.osThreadExit
                0x0800218c       0x18 ..\obj\rt_CMSIS.o
                0x0800218c                osThreadExit
 .text.rt_timer_insert
                0x080021a4       0x34 ..\obj\rt_CMSIS.o
 .text.rt_ms2tick
                0x080021d8       0x3c ..\obj\rt_CMSIS.o
 .text.svcKernelInitialize
                0x08002214       0x2c ..\obj\rt_CMSIS.o
                0x08002214                svcKernelInitialize
 .text.osKernelInitialize
                0x08002240       0x28 ..\obj\rt_CMSIS.o
                0x08002240                osKernelInitialize
 .text.osKernelStart
                0x08002268       0x6c ..\obj\rt_CMSIS.o
                0x08002268                osKernelStart
 .text.svcThreadCreate
                0x080022d4       0x70 ..\obj\rt_CMSIS.o
                0x080022d4                svcThreadCreate
 .text.svcThreadGetId
                0x08002344       0x18 ..\obj\rt_CMSIS.o
                0x08002344                svcThreadGetId
 .text.svcThreadTerminate
                0x0800235c       0x1c ..\obj\rt_CMSIS.o
                0x0800235c                svcThreadTerminate
 .text.osThreadCreate
                0x08002378       0x3c ..\obj\rt_CMSIS.o
                0x08002378                osThreadCreate
 .text.osThreadTerminate
                0x080023b4       0x18 ..\obj\rt_CMSIS.o
                0x080023b4                osThreadTerminate
 .text.svcDelay
                0x080023cc       0x14 ..\obj\rt_CMSIS.o
                0x080023cc                svcDelay
 .text.osDelay  0x080023e0       0x18 ..\obj\rt_CMSIS.o
                0x080023e0                osDelay
 .text.svcTimerCall
                0x080023f8       0x1a ..\obj\rt_CMSIS.o
                0x080023f8                svcTimerCall
 *fill*         0x08002412        0x2 
 .text.sysTimerTick
                0x08002414       0x58 ..\obj\rt_CMSIS.o
                0x08002414                sysTimerTick
 .text.osTimerCall
                0x0800246c       0x18 ..\obj\rt_CMSIS.o
                0x0800246c                osTimerCall
 .text.svcMessageCreate
                0x08002484       0x2c ..\obj\rt_CMSIS.o
                0x08002484                svcMessageCreate
 .text.svcKernelStart
                0x080024b0       0x5c ..\obj\rt_CMSIS.o
                0x080024b0                svcKernelStart
 .text.svcMessageGet
                0x0800250c       0x68 ..\obj\rt_CMSIS.o
                0x0800250c                svcMessageGet
 .text.osMessageGet
                0x08002574       0x50 ..\obj\rt_CMSIS.o
                0x08002574                osMessageGet
 .text.osTimerThread
                0x080025c4       0x30 ..\obj\rt_CMSIS.o
                0x080025c4                osTimerThread
 .text.init_uart
                0x080025f4       0x4c D:\MyDocuments\GitHub\Sensor-Board/mbed/TARGET_NUCLEO_F401RE/TOOLCHAIN_GCC_ARM\libmbed.a(serial_api.o)
 .text.serial_init
                0x08002640      0x100 D:\MyDocuments\GitHub\Sensor-Board/mbed/TARGET_NUCLEO_F401RE/TOOLCHAIN_GCC_ARM\libmbed.a(serial_api.o)
                0x08002640                serial_init
 .text.serial_getc
                0x08002740       0x18 D:\MyDocuments\GitHub\Sensor-Board/mbed/TARGET_NUCLEO_F401RE/TOOLCHAIN_GCC_ARM\libmbed.a(serial_api.o)
                0x08002740                serial_getc
 .text.serial_putc
                0x08002758       0x18 D:\MyDocuments\GitHub\Sensor-Board/mbed/TARGET_NUCLEO_F401RE/TOOLCHAIN_GCC_ARM\libmbed.a(serial_api.o)
                0x08002758                serial_putc
 .text.mbed_assert_internal
                0x08002770       0x2c D:\MyDocuments\GitHub\Sensor-Board/mbed/TARGET_NUCLEO_F401RE/TOOLCHAIN_GCC_ARM\libmbed.a(assert.o)
                0x08002770                mbed_assert_internal
 .text.error    0x0800279c       0x24 D:\MyDocuments\GitHub\Sensor-Board/mbed/TARGET_NUCLEO_F401RE/TOOLCHAIN_GCC_ARM\libmbed.a(error.o)
                0x0800279c                error
 .text.gpio_init_out
                0x080027c0       0x48 D:\MyDocuments\GitHub\Sensor-Board/mbed/TARGET_NUCLEO_F401RE/TOOLCHAIN_GCC_ARM\libmbed.a(gpio.o)
                0x080027c0                gpio_init_out
 .text.pinmap_pinout
                0x08002808       0x44 D:\MyDocuments\GitHub\Sensor-Board/mbed/TARGET_NUCLEO_F401RE/TOOLCHAIN_GCC_ARM\libmbed.a(pinmap_common.o)
                0x08002808                pinmap_pinout
 .text.pinmap_merge
                0x0800284c       0x24 D:\MyDocuments\GitHub\Sensor-Board/mbed/TARGET_NUCLEO_F401RE/TOOLCHAIN_GCC_ARM\libmbed.a(pinmap_common.o)
                0x0800284c                pinmap_merge
 .text.pinmap_peripheral
                0x08002870       0x34 D:\MyDocuments\GitHub\Sensor-Board/mbed/TARGET_NUCLEO_F401RE/TOOLCHAIN_GCC_ARM\libmbed.a(pinmap_common.o)
                0x08002870                pinmap_peripheral
 .text.us_ticker_irq_handler
                0x080028a4       0x48 D:\MyDocuments\GitHub\Sensor-Board/mbed/TARGET_NUCLEO_F401RE/TOOLCHAIN_GCC_ARM\libmbed.a(us_ticker_api.o)
                0x080028a4                us_ticker_irq_handler
 .text.wait_us  0x080028ec       0x18 D:\MyDocuments\GitHub\Sensor-Board/mbed/TARGET_NUCLEO_F401RE/TOOLCHAIN_GCC_ARM\libmbed.a(wait_api.o)
                0x080028ec                wait_us
 .text.wait_ms  0x08002904        0xc D:\MyDocuments\GitHub\Sensor-Board/mbed/TARGET_NUCLEO_F401RE/TOOLCHAIN_GCC_ARM\libmbed.a(wait_api.o)
                0x08002904                wait_ms
 .text.gpio_set
                0x08002910       0x30 D:\MyDocuments\GitHub\Sensor-Board/mbed/TARGET_NUCLEO_F401RE/TOOLCHAIN_GCC_ARM\libmbed.a(gpio_api.o)
                0x08002910                gpio_set
 .text.gpio_init
                0x08002940       0x30 D:\MyDocuments\GitHub\Sensor-Board/mbed/TARGET_NUCLEO_F401RE/TOOLCHAIN_GCC_ARM\libmbed.a(gpio_api.o)
                0x08002940                gpio_init
 .text.gpio_mode
                0x08002970        0x8 D:\MyDocuments\GitHub\Sensor-Board/mbed/TARGET_NUCLEO_F401RE/TOOLCHAIN_GCC_ARM\libmbed.a(gpio_api.o)
                0x08002970                gpio_mode
 .text.gpio_dir
                0x08002978       0x40 D:\MyDocuments\GitHub\Sensor-Board/mbed/TARGET_NUCLEO_F401RE/TOOLCHAIN_GCC_ARM\libmbed.a(gpio_api.o)
                0x08002978                gpio_dir
 .text.Set_GPIO_Clock
                0x080029b8       0x90 D:\MyDocuments\GitHub\Sensor-Board/mbed/TARGET_NUCLEO_F401RE/TOOLCHAIN_GCC_ARM\libmbed.a(pinmap.o)
                0x080029b8                Set_GPIO_Clock
 .text.pin_function
                0x08002a48       0x60 D:\MyDocuments\GitHub\Sensor-Board/mbed/TARGET_NUCLEO_F401RE/TOOLCHAIN_GCC_ARM\libmbed.a(pinmap.o)
                0x08002a48                pin_function
 .text.pin_mode
                0x08002aa8       0x50 D:\MyDocuments\GitHub\Sensor-Board/mbed/TARGET_NUCLEO_F401RE/TOOLCHAIN_GCC_ARM\libmbed.a(pinmap.o)
                0x08002aa8                pin_mode
 .text.us_ticker_init
                0x08002af8       0x24 D:\MyDocuments\GitHub\Sensor-Board/mbed/TARGET_NUCLEO_F401RE/TOOLCHAIN_GCC_ARM\libmbed.a(us_ticker.o)
                0x08002af8                us_ticker_init
 .text.us_ticker_read
                0x08002b1c       0x1c D:\MyDocuments\GitHub\Sensor-Board/mbed/TARGET_NUCLEO_F401RE/TOOLCHAIN_GCC_ARM\libmbed.a(us_ticker.o)
                0x08002b1c                us_ticker_read
 .text.us_ticker_set_interrupt
                0x08002b38       0x14 D:\MyDocuments\GitHub\Sensor-Board/mbed/TARGET_NUCLEO_F401RE/TOOLCHAIN_GCC_ARM\libmbed.a(us_ticker.o)
                0x08002b38                us_ticker_set_interrupt
 .text.us_ticker_disable_interrupt
                0x08002b4c       0x14 D:\MyDocuments\GitHub\Sensor-Board/mbed/TARGET_NUCLEO_F401RE/TOOLCHAIN_GCC_ARM\libmbed.a(us_ticker.o)
                0x08002b4c                us_ticker_disable_interrupt
 .text.us_ticker_clear_interrupt
                0x08002b60       0x10 D:\MyDocuments\GitHub\Sensor-Board/mbed/TARGET_NUCLEO_F401RE/TOOLCHAIN_GCC_ARM\libmbed.a(us_ticker.o)
                0x08002b60                us_ticker_clear_interrupt
 .text._Znwj    0x08002b70       0x22 d:/program files (x86)/gnu tools arm embedded/4.9 2014q4/bin/../lib/gcc/arm-none-eabi/4.9.3/../../../../arm-none-eabi/lib/armv7e-m/softfp\libstdc++_nano.a(new_op.o)
                0x08002b70                operator new(unsigned int)
 .text._ZdlPv   0x08002b92        0x4 d:/program files (x86)/gnu tools arm embedded/4.9 2014q4/bin/../lib/gcc/arm-none-eabi/4.9.3/../../../../arm-none-eabi/lib/armv7e-m/softfp\libstdc++_nano.a(del_op.o)
                0x08002b92                operator delete(void*)
 *fill*         0x08002b96        0x2 
 .text._ZSt15get_new_handlerv
                0x08002b98       0x10 d:/program files (x86)/gnu tools arm embedded/4.9 2014q4/bin/../lib/gcc/arm-none-eabi/4.9.3/../../../../arm-none-eabi/lib/armv7e-m/softfp\libstdc++_nano.a(new_handler.o)
                0x08002b98                std::get_new_handler()
 .text._ZdaPv   0x08002ba8        0x4 d:/program files (x86)/gnu tools arm embedded/4.9 2014q4/bin/../lib/gcc/arm-none-eabi/4.9.3/../../../../arm-none-eabi/lib/armv7e-m/softfp\libstdc++_nano.a(del_opv.o)
                0x08002ba8                operator delete[](void*)
 .text._Znaj    0x08002bac        0x4 d:/program files (x86)/gnu tools arm embedded/4.9 2014q4/bin/../lib/gcc/arm-none-eabi/4.9.3/../../../../arm-none-eabi/lib/armv7e-m/softfp\libstdc++_nano.a(new_opv.o)
                0x08002bac                operator new[](unsigned int)
 .text.abort    0x08002bb0        0xe d:/program files (x86)/gnu tools arm embedded/4.9 2014q4/bin/../lib/gcc/arm-none-eabi/4.9.3/../../../../arm-none-eabi/lib/armv7e-m/softfp\libc_nano.a(lib_a-abort.o)
                0x08002bb0                abort
 .text.atexit   0x08002bbe        0xc d:/program files (x86)/gnu tools arm embedded/4.9 2014q4/bin/../lib/gcc/arm-none-eabi/4.9.3/../../../../arm-none-eabi/lib/armv7e-m/softfp\libc_nano.a(lib_a-atexit.o)
                0x08002bbe                atexit
 *fill*         0x08002bca        0x2 
 .text.__errno  0x08002bcc        0xc d:/program files (x86)/gnu tools arm embedded/4.9 2014q4/bin/../lib/gcc/arm-none-eabi/4.9.3/../../../../arm-none-eabi/lib/armv7e-m/softfp\libc_nano.a(lib_a-errno.o)
                0x08002bcc                __errno
 .text.exit     0x08002bd8       0x28 d:/program files (x86)/gnu tools arm embedded/4.9 2014q4/bin/../lib/gcc/arm-none-eabi/4.9.3/../../../../arm-none-eabi/lib/armv7e-m/softfp\libc_nano.a(lib_a-exit.o)
                0x08002bd8                exit
 .text.__sflush_r
                0x08002c00      0x108 d:/program files (x86)/gnu tools arm embedded/4.9 2014q4/bin/../lib/gcc/arm-none-eabi/4.9.3/../../../../arm-none-eabi/lib/armv7e-m/softfp\libc_nano.a(lib_a-fflush.o)
                0x08002c00                __sflush_r
 .text._fflush_r
                0x08002d08       0x54 d:/program files (x86)/gnu tools arm embedded/4.9 2014q4/bin/../lib/gcc/arm-none-eabi/4.9.3/../../../../arm-none-eabi/lib/armv7e-m/softfp\libc_nano.a(lib_a-fflush.o)
                0x08002d08                _fflush_r
 .text.fflush   0x08002d5c       0x24 d:/program files (x86)/gnu tools arm embedded/4.9 2014q4/bin/../lib/gcc/arm-none-eabi/4.9.3/../../../../arm-none-eabi/lib/armv7e-m/softfp\libc_nano.a(lib_a-fflush.o)
                0x08002d5c                fflush
 .text._cleanup_r
                0x08002d80        0xc d:/program files (x86)/gnu tools arm embedded/4.9 2014q4/bin/../lib/gcc/arm-none-eabi/4.9.3/../../../../arm-none-eabi/lib/armv7e-m/softfp\libc_nano.a(lib_a-findfp.o)
                0x08002d80                _cleanup_r
 .text.std.isra.0
                0x08002d8c       0x48 d:/program files (x86)/gnu tools arm embedded/4.9 2014q4/bin/../lib/gcc/arm-none-eabi/4.9.3/../../../../arm-none-eabi/lib/armv7e-m/softfp\libc_nano.a(lib_a-findfp.o)
 .text.__sfmoreglue
                0x08002dd4       0x2c d:/program files (x86)/gnu tools arm embedded/4.9 2014q4/bin/../lib/gcc/arm-none-eabi/4.9.3/../../../../arm-none-eabi/lib/armv7e-m/softfp\libc_nano.a(lib_a-findfp.o)
                0x08002dd4                __sfmoreglue
 .text.__sinit  0x08002e00       0x60 d:/program files (x86)/gnu tools arm embedded/4.9 2014q4/bin/../lib/gcc/arm-none-eabi/4.9.3/../../../../arm-none-eabi/lib/armv7e-m/softfp\libc_nano.a(lib_a-findfp.o)
                0x08002e00                __sinit
 .text.__sfp    0x08002e60       0x74 d:/program files (x86)/gnu tools arm embedded/4.9 2014q4/bin/../lib/gcc/arm-none-eabi/4.9.3/../../../../arm-none-eabi/lib/armv7e-m/softfp\libc_nano.a(lib_a-findfp.o)
                0x08002e60                __sfp
 .text.__libc_fini_array
                0x08002ed4       0x28 d:/program files (x86)/gnu tools arm embedded/4.9 2014q4/bin/../lib/gcc/arm-none-eabi/4.9.3/../../../../arm-none-eabi/lib/armv7e-m/softfp\libc_nano.a(lib_a-fini.o)
                0x08002ed4                __libc_fini_array
 .text.fprintf  0x08002efc       0x24 d:/program files (x86)/gnu tools arm embedded/4.9 2014q4/bin/../lib/gcc/arm-none-eabi/4.9.3/../../../../arm-none-eabi/lib/armv7e-m/softfp\libc_nano.a(lib_a-fprintf.o)
                0x08002efc                fiprintf
                0x08002efc                fprintf
 .text._fwalk_reent
                0x08002f20       0x3c d:/program files (x86)/gnu tools arm embedded/4.9 2014q4/bin/../lib/gcc/arm-none-eabi/4.9.3/../../../../arm-none-eabi/lib/armv7e-m/softfp\libc_nano.a(lib_a-fwalk.o)
                0x08002f20                _fwalk_reent
 .text.__libc_init_array
                0x08002f5c       0x4c d:/program files (x86)/gnu tools arm embedded/4.9 2014q4/bin/../lib/gcc/arm-none-eabi/4.9.3/../../../../arm-none-eabi/lib/armv7e-m/softfp\libc_nano.a(lib_a-init.o)
                0x08002f5c                __libc_init_array
 .text.__smakebuf_r
                0x08002fa8       0x9c d:/program files (x86)/gnu tools arm embedded/4.9 2014q4/bin/../lib/gcc/arm-none-eabi/4.9.3/../../../../arm-none-eabi/lib/armv7e-m/softfp\libc_nano.a(lib_a-makebuf.o)
                0x08002fa8                __smakebuf_r
 .text.malloc   0x08003044       0x10 d:/program files (x86)/gnu tools arm embedded/4.9 2014q4/bin/../lib/gcc/arm-none-eabi/4.9.3/../../../../arm-none-eabi/lib/armv7e-m/softfp\libc_nano.a(lib_a-malloc.o)
                0x08003044                malloc
 .text.free     0x08003054       0x10 d:/program files (x86)/gnu tools arm embedded/4.9 2014q4/bin/../lib/gcc/arm-none-eabi/4.9.3/../../../../arm-none-eabi/lib/armv7e-m/softfp\libc_nano.a(lib_a-malloc.o)
                0x08003054                free
 .text.memchr   0x08003064       0x1e d:/program files (x86)/gnu tools arm embedded/4.9 2014q4/bin/../lib/gcc/arm-none-eabi/4.9.3/../../../../arm-none-eabi/lib/armv7e-m/softfp\libc_nano.a(lib_a-memchr.o)
                0x08003064                memchr
 .text.memcpy   0x08003082       0x16 d:/program files (x86)/gnu tools arm embedded/4.9 2014q4/bin/../lib/gcc/arm-none-eabi/4.9.3/../../../../arm-none-eabi/lib/armv7e-m/softfp\libc_nano.a(lib_a-memcpy.o)
                0x08003082                memcpy
 .text.memset   0x08003098       0x10 d:/program files (x86)/gnu tools arm embedded/4.9 2014q4/bin/../lib/gcc/arm-none-eabi/4.9.3/../../../../arm-none-eabi/lib/armv7e-m/softfp\libc_nano.a(lib_a-memset.o)
                0x08003098                memset
 .text._free_r  0x080030a8       0x88 d:/program files (x86)/gnu tools arm embedded/4.9 2014q4/bin/../lib/gcc/arm-none-eabi/4.9.3/../../../../arm-none-eabi/lib/armv7e-m/softfp\libc_nano.a(lib_a-nano-freer.o)
                0x080030a8                _free_r
 .text._malloc_r
                0x08003130       0xac d:/program files (x86)/gnu tools arm embedded/4.9 2014q4/bin/../lib/gcc/arm-none-eabi/4.9.3/../../../../arm-none-eabi/lib/armv7e-m/softfp\libc_nano.a(lib_a-nano-mallocr.o)
                0x08003130                _malloc_r
 .text.__sfputc_r
                0x080031dc       0x2c d:/program files (x86)/gnu tools arm embedded/4.9 2014q4/bin/../lib/gcc/arm-none-eabi/4.9.3/../../../../arm-none-eabi/lib/armv7e-m/softfp\libc_nano.a(lib_a-nano-vfprintf.o)
 .text.__sfputs_r
                0x08003208       0x24 d:/program files (x86)/gnu tools arm embedded/4.9 2014q4/bin/../lib/gcc/arm-none-eabi/4.9.3/../../../../arm-none-eabi/lib/armv7e-m/softfp\libc_nano.a(lib_a-nano-vfprintf.o)
                0x08003208                __sfputs_r
 .text._vfprintf_r
                0x0800322c      0x210 d:/program files (x86)/gnu tools arm embedded/4.9 2014q4/bin/../lib/gcc/arm-none-eabi/4.9.3/../../../../arm-none-eabi/lib/armv7e-m/softfp\libc_nano.a(lib_a-nano-vfprintf.o)
                0x0800322c                _vfprintf_r
                0x0800322c                _vfiprintf_r
 .text.vfprintf
                0x0800343c       0x1c d:/program files (x86)/gnu tools arm embedded/4.9 2014q4/bin/../lib/gcc/arm-none-eabi/4.9.3/../../../../arm-none-eabi/lib/armv7e-m/softfp\libc_nano.a(lib_a-nano-vfprintf.o)
                0x0800343c                vfprintf
                0x0800343c                vfiprintf
 .text._printf_common
                0x08003458       0xea d:/program files (x86)/gnu tools arm embedded/4.9 2014q4/bin/../lib/gcc/arm-none-eabi/4.9.3/../../../../arm-none-eabi/lib/armv7e-m/softfp\libc_nano.a(lib_a-nano-vfprintf_i.o)
                0x08003458                _printf_common
 *fill*         0x08003542        0x2 
 .text._printf_i
                0x08003544      0x234 d:/program files (x86)/gnu tools arm embedded/4.9 2014q4/bin/../lib/gcc/arm-none-eabi/4.9.3/../../../../arm-none-eabi/lib/armv7e-m/softfp\libc_nano.a(lib_a-nano-vfprintf_i.o)
                0x08003544                _printf_i
 .text._sbrk_r  0x08003778       0x20 d:/program files (x86)/gnu tools arm embedded/4.9 2014q4/bin/../lib/gcc/arm-none-eabi/4.9.3/../../../../arm-none-eabi/lib/armv7e-m/softfp\libc_nano.a(lib_a-sbrkr.o)
                0x08003778                _sbrk_r
 .text._raise_r
                0x08003798       0x50 d:/program files (x86)/gnu tools arm embedded/4.9 2014q4/bin/../lib/gcc/arm-none-eabi/4.9.3/../../../../arm-none-eabi/lib/armv7e-m/softfp\libc_nano.a(lib_a-signal.o)
                0x08003798                _raise_r
 .text.raise    0x080037e8       0x10 d:/program files (x86)/gnu tools arm embedded/4.9 2014q4/bin/../lib/gcc/arm-none-eabi/4.9.3/../../../../arm-none-eabi/lib/armv7e-m/softfp\libc_nano.a(lib_a-signal.o)
                0x080037e8                raise
 .text._kill_r  0x080037f8       0x24 d:/program files (x86)/gnu tools arm embedded/4.9 2014q4/bin/../lib/gcc/arm-none-eabi/4.9.3/../../../../arm-none-eabi/lib/armv7e-m/softfp\libc_nano.a(lib_a-signalr.o)
                0x080037f8                _kill_r
 .text._getpid_r
                0x0800381c        0x4 d:/program files (x86)/gnu tools arm embedded/4.9 2014q4/bin/../lib/gcc/arm-none-eabi/4.9.3/../../../../arm-none-eabi/lib/armv7e-m/softfp\libc_nano.a(lib_a-signalr.o)
                0x0800381c                _getpid_r
 .text.__sread  0x08003820       0x22 d:/program files (x86)/gnu tools arm embedded/4.9 2014q4/bin/../lib/gcc/arm-none-eabi/4.9.3/../../../../arm-none-eabi/lib/armv7e-m/softfp\libc_nano.a(lib_a-stdio.o)
                0x08003820                __sread
 .text.__swrite
                0x08003842       0x38 d:/program files (x86)/gnu tools arm embedded/4.9 2014q4/bin/../lib/gcc/arm-none-eabi/4.9.3/../../../../arm-none-eabi/lib/armv7e-m/softfp\libc_nano.a(lib_a-stdio.o)
                0x08003842                __swrite
 .text.__sseek  0x0800387a       0x24 d:/program files (x86)/gnu tools arm embedded/4.9 2014q4/bin/../lib/gcc/arm-none-eabi/4.9.3/../../../../arm-none-eabi/lib/armv7e-m/softfp\libc_nano.a(lib_a-stdio.o)
                0x0800387a                __sseek
 .text.__sclose
                0x0800389e        0x8 d:/program files (x86)/gnu tools arm embedded/4.9 2014q4/bin/../lib/gcc/arm-none-eabi/4.9.3/../../../../arm-none-eabi/lib/armv7e-m/softfp\libc_nano.a(lib_a-stdio.o)
                0x0800389e                __sclose
 *fill*         0x080038a6        0x2 
 .text.__swbuf_r
                0x080038a8       0xa8 d:/program files (x86)/gnu tools arm embedded/4.9 2014q4/bin/../lib/gcc/arm-none-eabi/4.9.3/../../../../arm-none-eabi/lib/armv7e-m/softfp\libc_nano.a(lib_a-wbuf.o)
                0x080038a8                __swbuf_r
 .text._write_r
                0x08003950       0x24 d:/program files (x86)/gnu tools arm embedded/4.9 2014q4/bin/../lib/gcc/arm-none-eabi/4.9.3/../../../../arm-none-eabi/lib/armv7e-m/softfp\libc_nano.a(lib_a-writer.o)
                0x08003950                _write_r
 .text.__swsetup_r
                0x08003974       0xd8 d:/program files (x86)/gnu tools arm embedded/4.9 2014q4/bin/../lib/gcc/arm-none-eabi/4.9.3/../../../../arm-none-eabi/lib/armv7e-m/softfp\libc_nano.a(lib_a-wsetup.o)
                0x08003974                __swsetup_r
 .text.__register_exitproc
                0x08003a4c       0xb8 d:/program files (x86)/gnu tools arm embedded/4.9 2014q4/bin/../lib/gcc/arm-none-eabi/4.9.3/../../../../arm-none-eabi/lib/armv7e-m/softfp\libc_nano.a(lib_a-__atexit.o)
                0x08003a4c                __register_exitproc
 .text.__call_exitprocs
                0x08003b04       0xd4 d:/program files (x86)/gnu tools arm embedded/4.9 2014q4/bin/../lib/gcc/arm-none-eabi/4.9.3/../../../../arm-none-eabi/lib/armv7e-m/softfp\libc_nano.a(lib_a-__call_atexit.o)
                0x08003b04                __call_exitprocs
 .text._close_r
                0x08003bd8       0x20 d:/program files (x86)/gnu tools arm embedded/4.9 2014q4/bin/../lib/gcc/arm-none-eabi/4.9.3/../../../../arm-none-eabi/lib/armv7e-m/softfp\libc_nano.a(lib_a-closer.o)
                0x08003bd8                _close_r
 .text._fstat_r
                0x08003bf8       0x24 d:/program files (x86)/gnu tools arm embedded/4.9 2014q4/bin/../lib/gcc/arm-none-eabi/4.9.3/../../../../arm-none-eabi/lib/armv7e-m/softfp\libc_nano.a(lib_a-fstatr.o)
                0x08003bf8                _fstat_r
 .text._isatty_r
                0x08003c1c       0x20 d:/program files (x86)/gnu tools arm embedded/4.9 2014q4/bin/../lib/gcc/arm-none-eabi/4.9.3/../../../../arm-none-eabi/lib/armv7e-m/softfp\libc_nano.a(lib_a-isattyr.o)
                0x08003c1c                _isatty_r
 .text._lseek_r
                0x08003c3c       0x24 d:/program files (x86)/gnu tools arm embedded/4.9 2014q4/bin/../lib/gcc/arm-none-eabi/4.9.3/../../../../arm-none-eabi/lib/armv7e-m/softfp\libc_nano.a(lib_a-lseekr.o)
                0x08003c3c                _lseek_r
 .text._read_r  0x08003c60       0x24 d:/program files (x86)/gnu tools arm embedded/4.9 2014q4/bin/../lib/gcc/arm-none-eabi/4.9.3/../../../../arm-none-eabi/lib/armv7e-m/softfp\libc_nano.a(lib_a-readr.o)
                0x08003c60                _read_r
 .text._getpid  0x08003c84       0x10 d:/program files (x86)/gnu tools arm embedded/4.9 2014q4/bin/../lib/gcc/arm-none-eabi/4.9.3/../../../../arm-none-eabi/lib/armv7e-m/softfp\libnosys.a(getpid.o)
                0x08003c84                _getpid
 .text._kill    0x08003c94       0x10 d:/program files (x86)/gnu tools arm embedded/4.9 2014q4/bin/../lib/gcc/arm-none-eabi/4.9.3/../../../../arm-none-eabi/lib/armv7e-m/softfp\libnosys.a(kill.o)
                0x08003c94                _kill
 *(.init)
 .init          0x08003ca4        0x4 d:/program files (x86)/gnu tools arm embedded/4.9 2014q4/bin/../lib/gcc/arm-none-eabi/4.9.3/armv7e-m/softfp/crti.o
                0x08003ca4                _init
 .init          0x08003ca8        0x8 d:/program files (x86)/gnu tools arm embedded/4.9 2014q4/bin/../lib/gcc/arm-none-eabi/4.9.3/armv7e-m/softfp/crtn.o
 *(.fini)
 .fini          0x08003cb0        0x4 d:/program files (x86)/gnu tools arm embedded/4.9 2014q4/bin/../lib/gcc/arm-none-eabi/4.9.3/armv7e-m/softfp/crti.o
                0x08003cb0                _fini
 .fini          0x08003cb4        0x8 d:/program files (x86)/gnu tools arm embedded/4.9 2014q4/bin/../lib/gcc/arm-none-eabi/4.9.3/armv7e-m/softfp/crtn.o
 *crtbegin.o(.ctors)
 *crtbegin?.o(.ctors)
 *(EXCLUDE_FILE(*crtend.o *crtend?.o) .ctors)
 *(SORT(.ctors.*))
 *(.ctors)
 *crtbegin.o(.dtors)
 *crtbegin?.o(.dtors)
 *(EXCLUDE_FILE(*crtend.o *crtend?.o) .dtors)
 *(SORT(.dtors.*))
 *(.dtors)
 *(.rodata*)
 .rodata.APBAHBPrescTable
                0x08003cbc       0x10 D:\MyDocuments\GitHub\Sensor-Board/mbed/TARGET_NUCLEO_F401RE/TOOLCHAIN_GCC_ARM/stm32f4xx_hal_rcc.o
                0x08003cbc                APBAHBPrescTable
 .rodata.AHBPrescTable
                0x08003ccc       0x10 D:\MyDocuments\GitHub\Sensor-Board/mbed/TARGET_NUCLEO_F401RE/TOOLCHAIN_GCC_ARM/system_stm32f4xx.o
                0x08003ccc                AHBPrescTable
 .rodata.os_maxtaskrun
                0x08003cdc        0x2 ..\obj\RTX_Conf_CM.o
                0x08003cdc                os_maxtaskrun
 .rodata.os_flags
                0x08003cde        0x1 ..\obj\RTX_Conf_CM.o
                0x08003cde                os_flags
 *fill*         0x08003cdf        0x1 
 .rodata.os_clockrate
                0x08003ce0        0x4 ..\obj\RTX_Conf_CM.o
                0x08003ce0                os_clockrate
 .rodata.idle_task_stack_size
                0x08003ce4        0x2 ..\obj\RTX_Conf_CM.o
                0x08003ce4                idle_task_stack_size
 .rodata.os_fifo_size
                0x08003ce6        0x1 ..\obj\RTX_Conf_CM.o
                0x08003ce6                os_fifo_size
 *fill*         0x08003ce7        0x1 
 .rodata.os_trv
                0x08003ce8        0x4 ..\obj\RTX_Conf_CM.o
                0x08003ce8                os_trv
 .rodata.os_rrobin
                0x08003cec        0x4 ..\obj\RTX_Conf_CM.o
                0x08003cec                os_rrobin
 .rodata.str1.1
                0x08003cf0       0x7d ..\obj\main.o
 *fill*         0x08003d6d        0x3 
 .rodata._ZTVN4rtos6ThreadE
                0x08003d70       0x10 ..\obj\Thread.o
                0x08003d70                vtable for rtos::Thread
 .rodata.str1.4
                0x08003d80       0x84 D:\MyDocuments\GitHub\Sensor-Board/mbed/TARGET_NUCLEO_F401RE/TOOLCHAIN_GCC_ARM\libmbed.a(serial_api.o)
 .rodata.str1.4
                0x08003e04       0x31 D:\MyDocuments\GitHub\Sensor-Board/mbed/TARGET_NUCLEO_F401RE/TOOLCHAIN_GCC_ARM\libmbed.a(assert.o)
                                 0x34 (size before relaxing)
 *fill*         0x08003e35        0x3 
 .rodata.str1.4
                0x08003e38       0x86 D:\MyDocuments\GitHub\Sensor-Board/mbed/TARGET_NUCLEO_F401RE/TOOLCHAIN_GCC_ARM\libmbed.a(gpio.o)
                                 0x88 (size before relaxing)
 *fill*         0x08003ebe        0x2 
 .rodata.str1.4
                0x08003ec0       0x48 D:\MyDocuments\GitHub\Sensor-Board/mbed/TARGET_NUCLEO_F401RE/TOOLCHAIN_GCC_ARM\libmbed.a(pinmap_common.o)
 .rodata.PinMap_UART_RX
                0x08003f08       0x48 D:\MyDocuments\GitHub\Sensor-Board/mbed/TARGET_NUCLEO_F401RE/TOOLCHAIN_GCC_ARM\libmbed.a(PeripheralPins.o)
                0x08003f08                PinMap_UART_RX
 .rodata.PinMap_UART_TX
                0x08003f50       0x48 D:\MyDocuments\GitHub\Sensor-Board/mbed/TARGET_NUCLEO_F401RE/TOOLCHAIN_GCC_ARM\libmbed.a(PeripheralPins.o)
                0x08003f50                PinMap_UART_TX
 .rodata.str1.4
                0x08003f98       0x7a D:\MyDocuments\GitHub\Sensor-Board/mbed/TARGET_NUCLEO_F401RE/TOOLCHAIN_GCC_ARM\libmbed.a(gpio_api.o)
                                 0x94 (size before relaxing)
 *fill*         0x08004012        0x2 
 .rodata.gpio_mode
                0x08004014       0x34 D:\MyDocuments\GitHub\Sensor-Board/mbed/TARGET_NUCLEO_F401RE/TOOLCHAIN_GCC_ARM\libmbed.a(pinmap.o)
 .rodata.str1.4
                0x08004048       0x88 D:\MyDocuments\GitHub\Sensor-Board/mbed/TARGET_NUCLEO_F401RE/TOOLCHAIN_GCC_ARM\libmbed.a(pinmap.o)
                                 0x9c (size before relaxing)
 .rodata.__sf_fake_stdin
                0x080040d0       0x20 d:/program files (x86)/gnu tools arm embedded/4.9 2014q4/bin/../lib/gcc/arm-none-eabi/4.9.3/../../../../arm-none-eabi/lib/armv7e-m/softfp\libc_nano.a(lib_a-findfp.o)
                0x080040d0                __sf_fake_stdin
 .rodata.__sf_fake_stdout
                0x080040f0       0x20 d:/program files (x86)/gnu tools arm embedded/4.9 2014q4/bin/../lib/gcc/arm-none-eabi/4.9.3/../../../../arm-none-eabi/lib/armv7e-m/softfp\libc_nano.a(lib_a-findfp.o)
                0x080040f0                __sf_fake_stdout
 .rodata.__sf_fake_stderr
                0x08004110       0x20 d:/program files (x86)/gnu tools arm embedded/4.9 2014q4/bin/../lib/gcc/arm-none-eabi/4.9.3/../../../../arm-none-eabi/lib/armv7e-m/softfp\libc_nano.a(lib_a-findfp.o)
                0x08004110                __sf_fake_stderr
 .rodata.str1.1
                0x00000000       0x7d d:/program files (x86)/gnu tools arm embedded/4.9 2014q4/bin/../lib/gcc/arm-none-eabi/4.9.3/../../../../arm-none-eabi/lib/armv7e-m/softfp\libc_nano.a(lib_a-impure.o)
                                  0x2 (size before relaxing)
 .rodata._global_impure_ptr
                0x08004130        0x4 d:/program files (x86)/gnu tools arm embedded/4.9 2014q4/bin/../lib/gcc/arm-none-eabi/4.9.3/../../../../arm-none-eabi/lib/armv7e-m/softfp\libc_nano.a(lib_a-impure.o)
                0x08004130                _global_impure_ptr
 .rodata.str1.1
                0x08004134       0x11 d:/program files (x86)/gnu tools arm embedded/4.9 2014q4/bin/../lib/gcc/arm-none-eabi/4.9.3/../../../../arm-none-eabi/lib/armv7e-m/softfp\libc_nano.a(lib_a-nano-vfprintf.o)
 .rodata.str1.1
                0x08004145       0x22 d:/program files (x86)/gnu tools arm embedded/4.9 2014q4/bin/../lib/gcc/arm-none-eabi/4.9.3/../../../../arm-none-eabi/lib/armv7e-m/softfp\libc_nano.a(lib_a-nano-vfprintf_i.o)
 *(.eh_frame*)
 *fill*         0x08004167        0x1 
 .eh_frame      0x08004168        0x0 d:/program files (x86)/gnu tools arm embedded/4.9 2014q4/bin/../lib/gcc/arm-none-eabi/4.9.3/armv7e-m/softfp/crtbegin.o
 .eh_frame      0x08004168        0x0 d:/program files (x86)/gnu tools arm embedded/4.9 2014q4/bin/../lib/gcc/arm-none-eabi/4.9.3/../../../../arm-none-eabi/lib/armv7e-m/softfp\libc_nano.a(lib_a-strcmp.o)
                                 0x28 (size before relaxing)
 .eh_frame      0x08004168        0x4 d:/program files (x86)/gnu tools arm embedded/4.9 2014q4/bin/../lib/gcc/arm-none-eabi/4.9.3/armv7e-m/softfp/crtend.o

.glue_7         0x0800416c        0x0
 .glue_7        0x00000000        0x0 linker stubs

.glue_7t        0x0800416c        0x0
 .glue_7t       0x00000000        0x0 linker stubs

.vfp11_veneer   0x0800416c        0x0
 .vfp11_veneer  0x00000000        0x0 linker stubs

.v4_bx          0x0800416c        0x0
 .v4_bx         0x00000000        0x0 linker stubs

.iplt           0x0800416c        0x0
 .iplt          0x00000000        0x0 d:/program files (x86)/gnu tools arm embedded/4.9 2014q4/bin/../lib/gcc/arm-none-eabi/4.9.3/armv7e-m/softfp/crtbegin.o

.ARM.extab
 *(.ARM.extab* .gnu.linkonce.armextab.*)
                0x0800416c                __exidx_start = .

.ARM.exidx      0x0800416c        0x8
 *(.ARM.exidx* .gnu.linkonce.armexidx.*)
 .ARM.exidx     0x0800416c        0x8 d:/program files (x86)/gnu tools arm embedded/4.9 2014q4/bin/../lib/gcc/arm-none-eabi/4.9.3/../../../../arm-none-eabi/lib/armv7e-m/softfp/crt0.o
 .ARM.exidx     0x08004174        0x0 ..\obj\HAL_CM4.o
                                 0x48 (size before relaxing)
                0x08004174                __exidx_end = .
                0x08004174                __etext = .
                0x08004174                _sidata = .

.rel.dyn        0x08004174        0x0
 .rel.iplt      0x00000000        0x0 d:/program files (x86)/gnu tools arm embedded/4.9 2014q4/bin/../lib/gcc/arm-none-eabi/4.9.3/armv7e-m/softfp/crtbegin.o

.data           0x20000194      0x10c load address 0x08004174
                0x20000194                __data_start__ = .
                0x20000194                _sdata = .
 *(vtable)
 *(.data*)
 .data.SystemCoreClock
                0x20000194        0x4 D:\MyDocuments\GitHub\Sensor-Board/mbed/TARGET_NUCLEO_F401RE/TOOLCHAIN_GCC_ARM/system_stm32f4xx.o
                0x20000194                SystemCoreClock
 .data._ZZ5_sbrkE4heap
                0x20000198        0x4 D:\MyDocuments\GitHub\Sensor-Board/mbed/TARGET_NUCLEO_F401RE/TOOLCHAIN_GCC_ARM/retarget.o
 .data.os_thread_def_main
                0x2000019c       0x44 ..\obj\RTX_Conf_CM.o
                0x2000019c                os_thread_def_main
 .data.os_messageQ_def_osTimerMessageQ
                0x200001e0        0x8 ..\obj\RTX_Conf_CM.o
                0x200001e0                os_messageQ_def_osTimerMessageQ
 .data.os_thread_def_osTimerThread
                0x200001e8       0x44 ..\obj\RTX_Conf_CM.o
                0x200001e8                os_thread_def_osTimerThread
 .data.impure_data
                0x2000022c       0x60 d:/program files (x86)/gnu tools arm embedded/4.9 2014q4/bin/../lib/gcc/arm-none-eabi/4.9.3/../../../../arm-none-eabi/lib/armv7e-m/softfp\libc_nano.a(lib_a-impure.o)
 .data._impure_ptr
                0x2000028c        0x4 d:/program files (x86)/gnu tools arm embedded/4.9 2014q4/bin/../lib/gcc/arm-none-eabi/4.9.3/../../../../arm-none-eabi/lib/armv7e-m/softfp\libc_nano.a(lib_a-impure.o)
                0x2000028c                _impure_ptr
                0x20000290                . = ALIGN (0x4)
                0x20000290                PROVIDE (__preinit_array_start, .)
 *(.preinit_array)
                0x20000290                PROVIDE (__preinit_array_end, .)
                0x20000290                . = ALIGN (0x4)
                0x20000290                PROVIDE (__init_array_start, .)
 *(SORT(.init_array.*))
 *(.init_array)
 .init_array    0x20000290        0x4 d:/program files (x86)/gnu tools arm embedded/4.9 2014q4/bin/../lib/gcc/arm-none-eabi/4.9.3/armv7e-m/softfp/crtbegin.o
 .init_array    0x20000294        0x4 ..\obj\main.o
                0x20000298                PROVIDE (__init_array_end, .)
                0x20000298                . = ALIGN (0x4)
                0x20000298                PROVIDE (__fini_array_start, .)
 *(SORT(.fini_array.*))
 *(.fini_array)
 .fini_array    0x20000298        0x4 d:/program files (x86)/gnu tools arm embedded/4.9 2014q4/bin/../lib/gcc/arm-none-eabi/4.9.3/armv7e-m/softfp/crtbegin.o
                0x2000029c                PROVIDE (__fini_array_end, .)
 *(.jcr*)
 .jcr           0x2000029c        0x0 d:/program files (x86)/gnu tools arm embedded/4.9 2014q4/bin/../lib/gcc/arm-none-eabi/4.9.3/armv7e-m/softfp/crtbegin.o
 .jcr           0x2000029c        0x4 d:/program files (x86)/gnu tools arm embedded/4.9 2014q4/bin/../lib/gcc/arm-none-eabi/4.9.3/armv7e-m/softfp/crtend.o
                0x200002a0                . = ALIGN (0x4)
                0x200002a0                __data_end__ = .
                0x200002a0                _edata = .

.igot.plt       0x200002a0        0x0 load address 0x08004280
 .igot.plt      0x00000000        0x0 d:/program files (x86)/gnu tools arm embedded/4.9 2014q4/bin/../lib/gcc/arm-none-eabi/4.9.3/armv7e-m/softfp/crtbegin.o

.bss            0x200002a0      0xe40 load address 0x08004280
                0x200002a0                . = ALIGN (0x4)
                0x200002a0                __bss_start__ = .
                0x200002a0                _sbss = .
 *(.bss*)
 .bss           0x200002a0       0x1c d:/program files (x86)/gnu tools arm embedded/4.9 2014q4/bin/../lib/gcc/arm-none-eabi/4.9.3/armv7e-m/softfp/crtbegin.o
 .bss.uwTick    0x200002bc        0x4 D:\MyDocuments\GitHub\Sensor-Board/mbed/TARGET_NUCLEO_F401RE/TOOLCHAIN_GCC_ARM/stm32f4xx_hal.o
 .bss.PreviousVal
                0x200002c0        0x4 D:\MyDocuments\GitHub\Sensor-Board/mbed/TARGET_NUCLEO_F401RE/TOOLCHAIN_GCC_ARM/hal_tick.o
                0x200002c0                PreviousVal
 .bss._ZL11filehandles
                0x200002c4      0x100 D:\MyDocuments\GitHub\Sensor-Board/mbed/TARGET_NUCLEO_F401RE/TOOLCHAIN_GCC_ARM/retarget.o
 .bss.os_thread_def_stack_osTimerThread
                0x200003c4      0x800 ..\obj\RTX_Conf_CM.o
                0x200003c4                os_thread_def_stack_osTimerThread
 .bss.os_fifo   0x20000bc4       0x84 ..\obj\RTX_Conf_CM.o
                0x20000bc4                os_fifo
 .bss.os_active_TCB
                0x20000c48       0x3c ..\obj\RTX_Conf_CM.o
                0x20000c48                os_active_TCB
 .bss.os_messageQ_q_osTimerMessageQ
                0x20000c84       0x20 ..\obj\RTX_Conf_CM.o
                0x20000c84                os_messageQ_q_osTimerMessageQ
 .bss.idle_task_stack
                0x20000ca4      0x200 ..\obj\RTX_Conf_CM.o
                0x20000ca4                idle_task_stack
 .bss.osThreadId_osTimerThread
                0x20000ea4        0x4 ..\obj\RTX_Conf_CM.o
                0x20000ea4                osThreadId_osTimerThread
 .bss.osMessageQId_osTimerMessageQ
                0x20000ea8        0x4 ..\obj\RTX_Conf_CM.o
                0x20000ea8                osMessageQId_osTimerMessageQ
 .bss.os_robin  0x20000eac        0x8 ..\obj\rt_Robin.o
                0x20000eac                os_robin
 .bss.os_tick_irqn
                0x20000eb4        0x4 ..\obj\rt_System.o
                0x20000eb4                os_tick_irqn
 .bss.os_psh_flag
                0x20000eb8        0x1 ..\obj\rt_System.o
 .bss.os_lock   0x20000eb9        0x1 ..\obj\rt_System.o
 *fill*         0x20000eba        0x2 
 .bss.os_tsk    0x20000ebc        0x8 ..\obj\rt_Task.o
                0x20000ebc                os_tsk
 .bss.os_idle_TCB
                0x20000ec4       0x34 ..\obj\rt_Task.o
                0x20000ec4                os_idle_TCB
 .bss.led1      0x20000ef8       0x14 ..\obj\main.o
                0x20000ef8                led1
 .bss.led2      0x20000f0c       0x14 ..\obj\main.o
                0x20000f0c                led2
 .bss.os_time   0x20000f20        0x4 ..\obj\rt_Time.o
                0x20000f20                os_time
 .bss.os_dly    0x20000f24       0x18 ..\obj\rt_List.o
                0x20000f24                os_dly
 .bss.os_rdy    0x20000f3c       0x18 ..\obj\rt_List.o
                0x20000f3c                os_rdy
 .bss.os_initialized
                0x20000f54        0x1 ..\obj\rt_CMSIS.o
                0x20000f54                os_initialized
 *fill*         0x20000f55        0x3 
 .bss.os_timer_head
                0x20000f58        0x4 ..\obj\rt_CMSIS.o
                0x20000f58                os_timer_head
 .bss.os_running
                0x20000f5c        0x1 ..\obj\rt_CMSIS.o
                0x20000f5c                os_running
 *fill*         0x20000f5d        0x3 
 .bss.stdio_uart_inited
                0x20000f60        0x4 D:\MyDocuments\GitHub\Sensor-Board/mbed/TARGET_NUCLEO_F401RE/TOOLCHAIN_GCC_ARM\libmbed.a(serial_api.o)
                0x20000f60                stdio_uart_inited
 .bss.head      0x20000f64        0x4 D:\MyDocuments\GitHub\Sensor-Board/mbed/TARGET_NUCLEO_F401RE/TOOLCHAIN_GCC_ARM\libmbed.a(us_ticker_api.o)
 .bss.event_handler
                0x20000f68        0x4 D:\MyDocuments\GitHub\Sensor-Board/mbed/TARGET_NUCLEO_F401RE/TOOLCHAIN_GCC_ARM\libmbed.a(us_ticker_api.o)
 .bss.TimMasterHandle
                0x20000f6c       0x3c D:\MyDocuments\GitHub\Sensor-Board/mbed/TARGET_NUCLEO_F401RE/TOOLCHAIN_GCC_ARM\libmbed.a(us_ticker.o)
 .bss.us_ticker_inited
                0x20000fa8        0x4 D:\MyDocuments\GitHub\Sensor-Board/mbed/TARGET_NUCLEO_F401RE/TOOLCHAIN_GCC_ARM\libmbed.a(us_ticker.o)
 .bss._ZN12_GLOBAL__N_113__new_handlerE
                0x20000fac        0x4 d:/program files (x86)/gnu tools arm embedded/4.9 2014q4/bin/../lib/gcc/arm-none-eabi/4.9.3/../../../../arm-none-eabi/lib/armv7e-m/softfp\libstdc++_nano.a(new_handler.o)
 .bss.__malloc_sbrk_start
                0x20000fb0        0x4 d:/program files (x86)/gnu tools arm embedded/4.9 2014q4/bin/../lib/gcc/arm-none-eabi/4.9.3/../../../../arm-none-eabi/lib/armv7e-m/softfp\libc_nano.a(lib_a-nano-mallocr.o)
                0x20000fb0                __malloc_sbrk_start
 .bss.__malloc_free_list
                0x20000fb4        0x4 d:/program files (x86)/gnu tools arm embedded/4.9 2014q4/bin/../lib/gcc/arm-none-eabi/4.9.3/../../../../arm-none-eabi/lib/armv7e-m/softfp\libc_nano.a(lib_a-nano-mallocr.o)
                0x20000fb4                __malloc_free_list
 .bss._global_atexit0
                0x20000fb8       0x8c d:/program files (x86)/gnu tools arm embedded/4.9 2014q4/bin/../lib/gcc/arm-none-eabi/4.9.3/../../../../arm-none-eabi/lib/armv7e-m/softfp\libc_nano.a(lib_a-__atexit.o)
 .bss._global_atexit
                0x20001044        0x4 d:/program files (x86)/gnu tools arm embedded/4.9 2014q4/bin/../lib/gcc/arm-none-eabi/4.9.3/../../../../arm-none-eabi/lib/armv7e-m/softfp\libc_nano.a(lib_a-__call_atexit.o)
                0x20001044                _global_atexit
 *(COMMON)
 COMMON         0x20001048       0x3c D:\MyDocuments\GitHub\Sensor-Board/mbed/TARGET_NUCLEO_F401RE/TOOLCHAIN_GCC_ARM/hal_tick.o
                0x20001048                TimMasterHandle
 COMMON         0x20001084       0x58 D:\MyDocuments\GitHub\Sensor-Board/mbed/TARGET_NUCLEO_F401RE/TOOLCHAIN_GCC_ARM\libmbed.a(serial_api.o)
                0x20001084                UartHandle
                0x200010c0                stdio_uart
 COMMON         0x200010dc        0x4 d:/program files (x86)/gnu tools arm embedded/4.9 2014q4/bin/../lib/gcc/arm-none-eabi/4.9.3/../../../../arm-none-eabi/lib/armv7e-m/softfp\libc_nano.a(lib_a-reent.o)
                0x200010dc                errno
                0x200010e0                . = ALIGN (0x4)
                0x200010e0                __bss_end__ = .
                0x200010e0                _ebss = .

.heap           0x200010e0        0x0
                0x200010e0                __end__ = .
                0x200010e0                end = __end__
 *(.heap*)
                0x200010e0                __HeapLimit = .

.stack_dummy    0x200010e0        0x0
 *(.stack*)
                0x20018000                __StackTop = (ORIGIN (RAM) + 0x17e6c)
                0x20018000                _estack = __StackTop
                0x20018000                __StackLimit = (__StackTop - SIZEOF (.stack_dummy))
                0x20018000                PROVIDE (__stack, __StackTop)
                0x00000001                ASSERT ((__StackLimit >= __HeapLimit), region RAM overflowed with stack)
LOAD ..\obj\arm_mat_inverse_f32.o
LOAD ..\obj\arm_bitreversal2.o
LOAD ..\obj\rabbit.o
LOAD ..\obj\arm_cfft_radix2_q31.o
LOAD ..\obj\arm_add_q7.o
LOAD ..\obj\arm_scale_q7.o
LOAD ..\obj\arm_mat_add_f32.o
LOAD ..\obj\arm_q31_to_float.o
LOAD ..\obj\arm_cfft_radix4_q15.o
LOAD ..\obj\arm_pid_init_q31.o
LOAD ..\obj\arm_float_to_q7.o
LOAD ..\obj\arm_q31_to_q7.o
LOAD ..\obj\RTX_Conf_CM.o
LOAD ..\obj\arm_conv_partial_opt_q15.o
LOAD ..\obj\arm_biquad_cascade_df1_q15.o
LOAD ..\obj\sha.o
LOAD ..\obj\arm_cmplx_dot_prod_q15.o
LOAD ..\obj\arm_fir_decimate_fast_q15.o
LOAD ..\obj\arm_cfft_radix4_f32.o
LOAD ..\obj\arm_sin_cos_q31.o
LOAD ..\obj\arm_scale_q31.o
LOAD ..\obj\rt_Robin.o
LOAD ..\obj\tls.o
LOAD ..\obj\arm_fir_sparse_init_q31.o
LOAD ..\obj\arm_rfft_q15.o
LOAD ..\obj\arm_correlate_q7.o
LOAD ..\obj\Mutex.o
LOAD ..\obj\arm_biquad_cascade_df1_f32.o
LOAD ..\obj\arm_cmplx_dot_prod_f32.o
LOAD ..\obj\arm_conv_partial_opt_q7.o
LOAD ..\obj\pwdbased.o
LOAD ..\obj\arm_cmplx_mult_real_q31.o
LOAD ..\obj\keys.o
LOAD ..\obj\arm_q15_to_q31.o
LOAD ..\obj\arm_abs_q7.o
LOAD ..\obj\arm_common_tables.o
LOAD ..\obj\arm_fill_q31.o
LOAD ..\obj\arm_rfft_f32.o
LOAD ..\obj\arm_q7_to_q15.o
LOAD ..\obj\arm_conv_q7.o
LOAD ..\obj\arm_sin_q31.o
LOAD ..\obj\arm_fir_sparse_q15.o
LOAD ..\obj\arm_dot_prod_q15.o
LOAD ..\obj\arm_q15_to_float.o
LOAD ..\obj\arm_correlate_fast_q15.o
LOAD ..\obj\Display.o
LOAD ..\obj\cyassl_int.o
LOAD ..\obj\arm_biquad_cascade_df2T_init_f32.o
LOAD ..\obj\arm_lms_init_q15.o
LOAD ..\obj\arm_correlate_q31.o
LOAD ..\obj\arm_fir_sparse_f32.o
LOAD ..\obj\arm_max_q31.o
LOAD ..\obj\arm_conv_partial_q15.o
LOAD ..\obj\arm_biquad_cascade_df1_32x64_q31.o
LOAD ..\obj\arm_dot_prod_f32.o
LOAD ..\obj\arm_conv_fast_opt_q15.o
LOAD ..\obj\arm_dct4_init_q15.o
LOAD ..\obj\arm_cfft_radix4_init_q31.o
LOAD ..\obj\arm_cfft_f32.o
LOAD ..\obj\arm_lms_init_f32.o
LOAD ..\obj\arm_rms_q15.o
LOAD ..\obj\coding.o
LOAD ..\obj\arm_conv_partial_f32.o
LOAD ..\obj\arm_dct4_init_f32.o
LOAD ..\obj\arm_mat_mult_q31.o
LOAD ..\obj\arm_fir_interpolate_init_q31.o
LOAD ..\obj\arm_fill_q7.o
LOAD ..\obj\arm_iir_lattice_init_q15.o
LOAD ..\obj\arm_shift_q31.o
LOAD ..\obj\arm_mult_q31.o
LOAD ..\obj\arm_fir_lattice_q15.o
LOAD ..\obj\arm_rms_f32.o
LOAD ..\obj\arm_biquad_cascade_df1_init_q15.o
LOAD ..\obj\arm_std_q15.o
LOAD ..\obj\rt_System.o
LOAD ..\obj\arm_iir_lattice_init_f32.o
LOAD ..\obj\arm_mat_add_q31.o
LOAD ..\obj\asn.o
LOAD ..\obj\arm_abs_q15.o
LOAD ..\obj\arm_fir_sparse_q7.o
LOAD ..\obj\arm_fir_lattice_f32.o
LOAD ..\obj\arm_negate_q7.o
LOAD ..\obj\arm_sub_q15.o
LOAD ..\obj\arm_biquad_cascade_df1_init_f32.o
LOAD ..\obj\arm_std_f32.o
LOAD ..\obj\integer.o
LOAD ..\obj\arm_mat_init_q15.o
LOAD ..\obj\arm_abs_f32.o
LOAD ..\obj\arm_conv_q15.o
LOAD ..\obj\arm_fir_lattice_init_q15.o
LOAD ..\obj\arm_sub_f32.o
LOAD ..\obj\arm_cfft_radix4_q31.o
LOAD ..\obj\rt_Task.o
LOAD ..\obj\arm_q15_to_q7.o
LOAD ..\obj\arm_mat_init_f32.o
LOAD ..\obj\arm_conv_f32.o
LOAD ..\obj\arm_fir_lattice_init_f32.o
LOAD ..\obj\arm_biquad_cascade_df1_q31.o
LOAD ..\obj\arm_cmplx_dot_prod_q31.o
LOAD ..\obj\arm_fir_decimate_fast_q31.o
LOAD ..\obj\arm_rfft_init_q15.o
LOAD ..\obj\arm_conv_partial_fast_q15.o
LOAD ..\obj\arm_min_q15.o
LOAD ..\obj\arm_q7_to_float.o
LOAD ..\obj\arm_correlate_fast_opt_q15.o
LOAD ..\obj\main.o
LOAD ..\obj\arm_conv_opt_q15.o
LOAD ..\obj\rt_Event.o
LOAD ..\obj\arm_rfft_q31.o
LOAD ..\obj\arm_fir_q7.o
LOAD ..\obj\arm_cfft_radix2_init_q15.o
LOAD ..\obj\arm_rfft_init_f32.o
LOAD ..\obj\arm_min_f32.o
LOAD ..\obj\arm_fir_sparse_init_q7.o
LOAD ..\obj\sha256.o
LOAD ..\obj\arm_q7_to_q31.o
LOAD ..\obj\arm_cfft_radix2_init_f32.o
LOAD ..\obj\W5200.o
LOAD ..\obj\arm_dct4_q15.o
LOAD ..\obj\arm_fir_sparse_q31.o
LOAD ..\obj\arm_fir_init_q15.o
LOAD ..\obj\arm_dot_prod_q31.o
LOAD ..\obj\Thread.o
LOAD ..\obj\des3.o
LOAD ..\obj\arm_correlate_fast_q31.o
LOAD ..\obj\arm_cmplx_conj_q15.o
LOAD ..\obj\arm_dct4_f32.o
LOAD ..\obj\arm_lms_init_q31.o
LOAD ..\obj\arm_iir_lattice_q15.o
LOAD ..\obj\arm_fir_init_f32.o
LOAD ..\obj\arm_conv_partial_q31.o
LOAD ..\obj\arm_dct4_init_q31.o
LOAD ..\obj\arm_rfft_fast_f32.o
LOAD ..\obj\arm_cmplx_conj_f32.o
LOAD ..\obj\rt_Mutex.o
LOAD ..\obj\arm_power_q15.o
LOAD ..\obj\rt_Semaphore.o
LOAD ..\obj\arm_rms_q31.o
LOAD ..\obj\arm_iir_lattice_f32.o
LOAD ..\obj\WIZnetInterface.o
LOAD ..\obj\arm_shift_q7.o
LOAD ..\obj\arm_iir_lattice_init_q31.o
LOAD ..\obj\arm_fir_fast_q15.o
LOAD ..\obj\arm_fir_lattice_q31.o
LOAD ..\obj\arm_power_f32.o
LOAD ..\obj\arm_lms_norm_q15.o
LOAD ..\obj\arm_cmplx_mag_q15.o
LOAD ..\obj\arm_biquad_cascade_df1_init_q31.o
LOAD ..\obj\arm_std_q31.o
LOAD ..\obj\arm_fir_decimate_q15.o
LOAD ..\obj\arm_abs_q31.o
LOAD ..\obj\aes.o
LOAD ..\obj\arm_copy_q15.o
LOAD ..\obj\arm_pid_reset_q15.o
LOAD ..\obj\arm_sub_q31.o
LOAD ..\obj\arm_lms_norm_f32.o
LOAD ..\obj\arm_cmplx_mag_f32.o
LOAD ..\obj\RtosTimer.o
LOAD ..\obj\arm_fir_decimate_f32.o
LOAD ..\obj\arm_mat_init_q31.o
LOAD ..\obj\arm_cmplx_mag_squared_q15.o
LOAD ..\obj\arm_conv_q31.o
LOAD ..\obj\arm_copy_f32.o
LOAD ..\obj\arm_pid_reset_f32.o
LOAD ..\obj\arm_fir_lattice_init_q31.o
LOAD ..\obj\arm_conv_partial_fast_opt_q15.o
LOAD ..\obj\arm_fir_q15.o
LOAD ..\obj\arm_rfft_fast_init_f32.o
LOAD ..\obj\arm_add_q15.o
LOAD ..\obj\arm_fir_interpolate_q15.o
LOAD ..\obj\arm_cmplx_mag_squared_f32.o
LOAD ..\obj\arm_fir_f32.o
LOAD ..\obj\arm_add_f32.o
LOAD ..\obj\arm_rfft_init_q31.o
LOAD ..\obj\arm_conv_partial_fast_q31.o
LOAD ..\obj\arm_min_q31.o
LOAD ..\obj\md4.o
LOAD ..\obj\arm_conv_partial_q7.o
LOAD ..\obj\arm_fir_interpolate_f32.o
LOAD ..\obj\arm_fir_init_q7.o
LOAD ..\obj\cyassl_io.o
LOAD ..\obj\arm_lms_norm_init_q15.o
LOAD ..\obj\arm_mean_q15.o
LOAD ..\obj\arm_cfft_radix2_init_q31.o
LOAD ..\obj\arm_biquad_cascade_df1_32x64_init_q31.o
LOAD ..\obj\md5.o
LOAD ..\obj\arm_fir_decimate_init_q15.o
LOAD ..\obj\arm_cfft_radix8_f32.o
LOAD ..\obj\rt_Time.o
LOAD ..\obj\TCPSocketConnection.o
LOAD ..\obj\arm_float_to_q15.o
LOAD ..\obj\arm_lms_norm_init_f32.o
LOAD ..\obj\arm_mean_f32.o
LOAD ..\obj\arm_dct4_q31.o
LOAD ..\obj\arm_cos_q15.o
LOAD ..\obj\arm_lms_q15.o
LOAD ..\obj\arm_fir_init_q31.o
LOAD ..\obj\arm_negate_q15.o
LOAD ..\obj\arm_biquad_cascade_df1_fast_q15.o
LOAD ..\obj\arm_sqrt_q15.o
LOAD ..\obj\TCPSocketServer.o
LOAD ..\obj\arm_fir_decimate_init_f32.o
LOAD ..\obj\Semaphore.o
LOAD ..\obj\arm_var_q15.o
LOAD ..\obj\arm_cmplx_conj_q31.o
LOAD ..\obj\HAL_CM4.o
LOAD ..\obj\arm_mat_sub_q15.o
LOAD ..\obj\arm_offset_q15.o
LOAD ..\obj\arm_mat_trans_q15.o
LOAD ..\obj\rt_List.o
LOAD ..\obj\arm_cos_f32.o
LOAD ..\obj\arm_iir_lattice_q31.o
LOAD ..\obj\arm_lms_f32.o
LOAD ..\obj\arm_negate_f32.o
LOAD ..\obj\DNSClient.o
LOAD ..\obj\arm_cmplx_mult_cmplx_q15.o
LOAD ..\obj\rt_Mailbox.o
LOAD ..\obj\arm_mat_mult_fast_q15.o
LOAD ..\obj\arm_conv_fast_q15.o
LOAD ..\obj\arm_var_f32.o
LOAD ..\obj\arm_mat_scale_q15.o
LOAD ..\obj\arm_mat_trans_f32.o
LOAD ..\obj\arm_offset_f32.o
LOAD ..\obj\arm_mat_sub_f32.o
LOAD ..\obj\arm_power_q31.o
LOAD ..\obj\arm_power_q7.o
LOAD ..\obj\arm_cmplx_mult_cmplx_f32.o
LOAD ..\obj\arm_fir_fast_q31.o
LOAD ..\obj\hmac.o
LOAD ..\obj\arm_cfft_radix2_q15.o
LOAD ..\obj\arm_mat_scale_f32.o
LOAD ..\obj\arm_lms_norm_q31.o
LOAD ..\obj\arm_cmplx_mag_q31.o
LOAD ..\obj\arm_offset_q7.o
LOAD ..\obj\arm_fir_decimate_q31.o
LOAD ..\obj\arm_pid_init_q15.o
LOAD ..\obj\arm_pid_reset_q31.o
LOAD ..\obj\arm_copy_q31.o
LOAD ..\obj\arm_cfft_radix2_f32.o
LOAD ..\obj\arm_correlate_opt_q15.o
LOAD ..\obj\random.o
LOAD ..\obj\arc4.o
LOAD ..\obj\ssl.o
LOAD ..\obj\arm_conv_opt_q7.o
LOAD ..\obj\arm_pid_init_f32.o
LOAD ..\obj\UDPSocket.o
LOAD ..\obj\Sine_f32.o
LOAD ..\obj\arm_cmplx_mag_squared_q31.o
LOAD ..\obj\arm_scale_q15.o
LOAD ..\obj\arm_fir_q31.o
LOAD ..\obj\arm_mult_q7.o
LOAD ..\obj\arm_add_q31.o
LOAD ..\obj\arm_fir_sparse_init_q15.o
LOAD ..\obj\W5500.o
LOAD ..\obj\HAL_CM.o
LOAD ..\obj\arm_fir_interpolate_q31.o
LOAD ..\obj\math_helper.o
LOAD ..\obj\misc.o
LOAD ..\obj\arm_sin_cos_f32.o
LOAD ..\obj\arm_cmplx_mult_real_q15.o
LOAD ..\obj\arm_scale_f32.o
LOAD ..\obj\arm_max_q7.o
LOAD ..\obj\arm_min_q7.o
LOAD ..\obj\arm_fill_q15.o
LOAD ..\obj\arm_fir_sparse_init_f32.o
LOAD ..\obj\arm_sin_q15.o
LOAD ..\obj\arm_cmplx_mult_real_f32.o
LOAD ..\obj\Socket.o
LOAD ..\obj\SVC_Table.o
LOAD ..\obj\arm_lms_norm_init_q31.o
LOAD ..\obj\arm_biquad_cascade_df2T_f32.o
LOAD ..\obj\rsa.o
LOAD ..\obj\arm_mean_q31.o
LOAD ..\obj\arm_fill_f32.o
LOAD ..\obj\arm_q31_to_q15.o
LOAD ..\obj\DHCPClient.o
LOAD ..\obj\arm_fir_decimate_init_q31.o
LOAD ..\obj\arm_sin_f32.o
LOAD ..\obj\arm_correlate_q15.o
LOAD ..\obj\arm_float_to_q31.o
LOAD ..\obj\arm_max_q15.o
LOAD ..\obj\arm_mean_q7.o
LOAD ..\obj\W5100.o
LOAD ..\obj\arm_cos_q31.o
LOAD ..\obj\rt_MemBox.o
LOAD ..\obj\arm_cfft_radix4_init_q15.o
LOAD ..\obj\arm_lms_q31.o
LOAD ..\obj\arm_negate_q31.o
LOAD ..\obj\arm_biquad_cascade_df1_fast_q31.o
LOAD ..\obj\arm_sqrt_q31.o
LOAD ..\obj\arm_bitreversal.o
LOAD ..\obj\arm_dot_prod_q7.o
LOAD ..\obj\arm_correlate_f32.o
LOAD ..\obj\arm_max_f32.o
LOAD ..\obj\arm_var_q31.o
LOAD ..\obj\arm_mat_mult_q15.o
LOAD ..\obj\arm_fir_interpolate_init_q15.o
LOAD ..\obj\arm_mat_sub_q31.o
LOAD ..\obj\arm_mat_trans_q31.o
LOAD ..\obj\arm_offset_q31.o
LOAD ..\obj\arm_shift_q15.o
LOAD ..\obj\Endpoint.o
LOAD ..\obj\arm_cfft_radix4_init_f32.o
LOAD ..\obj\arm_copy_q7.o
LOAD ..\obj\arm_mult_q15.o
LOAD ..\obj\arm_sub_q7.o
LOAD ..\obj\rt_CMSIS.o
LOAD ..\obj\arm_correlate_opt_q7.o
LOAD ..\obj\arm_cmplx_mult_cmplx_q31.o
LOAD ..\obj\arm_mat_mult_fast_q31.o
LOAD ..\obj\arm_conv_fast_q31.o
LOAD ..\obj\arm_mat_scale_q31.o
LOAD ..\obj\arm_mat_mult_f32.o
LOAD ..\obj\arm_fir_interpolate_init_f32.o
LOAD ..\obj\arm_mat_add_q15.o
LOAD ..\obj\arm_mult_f32.o
LOAD D:\MyDocuments\GitHub\Sensor-Board/mbed/TARGET_NUCLEO_F401RE/TOOLCHAIN_GCC_ARM\libmbed.a
LOAD d:/program files (x86)/gnu tools arm embedded/4.9 2014q4/bin/../lib/gcc/arm-none-eabi/4.9.3/../../../../arm-none-eabi/lib/armv7e-m/softfp\libstdc++_nano.a
LOAD d:/program files (x86)/gnu tools arm embedded/4.9 2014q4/bin/../lib/gcc/arm-none-eabi/4.9.3/../../../../arm-none-eabi/lib/armv7e-m/softfp\libsupc++_nano.a
LOAD d:/program files (x86)/gnu tools arm embedded/4.9 2014q4/bin/../lib/gcc/arm-none-eabi/4.9.3/../../../../arm-none-eabi/lib/armv7e-m/softfp\libm.a
LOAD d:/program files (x86)/gnu tools arm embedded/4.9 2014q4/bin/../lib/gcc/arm-none-eabi/4.9.3/armv7e-m/softfp\libgcc.a
LOAD d:/program files (x86)/gnu tools arm embedded/4.9 2014q4/bin/../lib/gcc/arm-none-eabi/4.9.3/../../../../arm-none-eabi/lib/armv7e-m/softfp\libc_nano.a
LOAD d:/program files (x86)/gnu tools arm embedded/4.9 2014q4/bin/../lib/gcc/arm-none-eabi/4.9.3/../../../../arm-none-eabi/lib/armv7e-m/softfp\libnosys.a
START GROUP
LOAD d:/program files (x86)/gnu tools arm embedded/4.9 2014q4/bin/../lib/gcc/arm-none-eabi/4.9.3/armv7e-m/softfp\libgcc.a
LOAD d:/program files (x86)/gnu tools arm embedded/4.9 2014q4/bin/../lib/gcc/arm-none-eabi/4.9.3/../../../../arm-none-eabi/lib/armv7e-m/softfp\libg_nano.a
LOAD d:/program files (x86)/gnu tools arm embedded/4.9 2014q4/bin/../lib/gcc/arm-none-eabi/4.9.3/../../../../arm-none-eabi/lib/armv7e-m/softfp\libc_nano.a
END GROUP
START GROUP
LOAD d:/program files (x86)/gnu tools arm embedded/4.9 2014q4/bin/../lib/gcc/arm-none-eabi/4.9.3/armv7e-m/softfp\libgcc.a
LOAD d:/program files (x86)/gnu tools arm embedded/4.9 2014q4/bin/../lib/gcc/arm-none-eabi/4.9.3/../../../../arm-none-eabi/lib/armv7e-m/softfp\libc_nano.a
END GROUP
LOAD d:/program files (x86)/gnu tools arm embedded/4.9 2014q4/bin/../lib/gcc/arm-none-eabi/4.9.3/armv7e-m/softfp/crtend.o
LOAD d:/program files (x86)/gnu tools arm embedded/4.9 2014q4/bin/../lib/gcc/arm-none-eabi/4.9.3/armv7e-m/softfp/crtn.o
OUTPUT(SensorBoard.elf elf32-littlearm)

.ARM.attributes
                0x00000000       0x2e
 .ARM.attributes
                0x00000000       0x22 d:/program files (x86)/gnu tools arm embedded/4.9 2014q4/bin/../lib/gcc/arm-none-eabi/4.9.3/armv7e-m/softfp/crti.o
 .ARM.attributes
                0x00000022       0x32 d:/program files (x86)/gnu tools arm embedded/4.9 2014q4/bin/../lib/gcc/arm-none-eabi/4.9.3/armv7e-m/softfp/crtbegin.o
 .ARM.attributes
                0x00000054       0x20 d:/program files (x86)/gnu tools arm embedded/4.9 2014q4/bin/../lib/gcc/arm-none-eabi/4.9.3/../../../../arm-none-eabi/lib/armv7e-m/softfp/crt0.o
 .ARM.attributes
                0x00000074       0x37 D:\MyDocuments\GitHub\Sensor-Board/mbed/TARGET_NUCLEO_F401RE/TOOLCHAIN_GCC_ARM/stm32f4xx_hal_rcc.o
 .ARM.attributes
                0x000000ab       0x37 D:\MyDocuments\GitHub\Sensor-Board/mbed/TARGET_NUCLEO_F401RE/TOOLCHAIN_GCC_ARM/cmsis_nvic.o
 .ARM.attributes
                0x000000e2       0x37 D:\MyDocuments\GitHub\Sensor-Board/mbed/TARGET_NUCLEO_F401RE/TOOLCHAIN_GCC_ARM/stm32f4xx_hal.o
 .ARM.attributes
                0x00000119       0x37 D:\MyDocuments\GitHub\Sensor-Board/mbed/TARGET_NUCLEO_F401RE/TOOLCHAIN_GCC_ARM/hal_tick.o
 .ARM.attributes
                0x00000150       0x37 D:\MyDocuments\GitHub\Sensor-Board/mbed/TARGET_NUCLEO_F401RE/TOOLCHAIN_GCC_ARM/stm32f4xx_hal_gpio.o
 .ARM.attributes
                0x00000187       0x37 D:\MyDocuments\GitHub\Sensor-Board/mbed/TARGET_NUCLEO_F401RE/TOOLCHAIN_GCC_ARM/board.o
 .ARM.attributes
                0x000001be       0x37 D:\MyDocuments\GitHub\Sensor-Board/mbed/TARGET_NUCLEO_F401RE/TOOLCHAIN_GCC_ARM/system_stm32f4xx.o
 .ARM.attributes
                0x000001f5       0x37 D:\MyDocuments\GitHub\Sensor-Board/mbed/TARGET_NUCLEO_F401RE/TOOLCHAIN_GCC_ARM/stm32f4xx_hal_uart.o
 .ARM.attributes
                0x0000022c       0x37 D:\MyDocuments\GitHub\Sensor-Board/mbed/TARGET_NUCLEO_F401RE/TOOLCHAIN_GCC_ARM/stm32f4xx_hal_cortex.o
 .ARM.attributes
                0x00000263       0x37 D:\MyDocuments\GitHub\Sensor-Board/mbed/TARGET_NUCLEO_F401RE/TOOLCHAIN_GCC_ARM/stm32f4xx_hal_tim.o
 .ARM.attributes
                0x0000029a       0x37 D:\MyDocuments\GitHub\Sensor-Board/mbed/TARGET_NUCLEO_F401RE/TOOLCHAIN_GCC_ARM/retarget.o
 .ARM.attributes
                0x000002d1       0x21 D:\MyDocuments\GitHub\Sensor-Board/mbed/TARGET_NUCLEO_F401RE/TOOLCHAIN_GCC_ARM/startup_stm32f401xe.o
 .ARM.attributes
                0x000002f2       0x37 D:\MyDocuments\GitHub\Sensor-Board/mbed/TARGET_NUCLEO_F401RE/TOOLCHAIN_GCC_ARM/mbed_overrides.o
 .ARM.attributes
                0x00000329       0x37 ..\obj\RTX_Conf_CM.o
 .ARM.attributes
                0x00000360       0x37 ..\obj\rt_Robin.o
 .ARM.attributes
                0x00000397       0x37 ..\obj\rt_System.o
 .ARM.attributes
                0x000003ce       0x37 ..\obj\rt_Task.o
 .ARM.attributes
                0x00000405       0x37 ..\obj\main.o
 .ARM.attributes
                0x0000043c       0x37 ..\obj\rt_Event.o
 .ARM.attributes
                0x00000473       0x37 ..\obj\Thread.o
 .ARM.attributes
                0x000004aa       0x37 ..\obj\rt_Semaphore.o
 .ARM.attributes
                0x000004e1       0x37 ..\obj\rt_Time.o
 .ARM.attributes
                0x00000518       0x25 ..\obj\HAL_CM4.o
 .ARM.attributes
                0x0000053d       0x37 ..\obj\rt_List.o
 .ARM.attributes
                0x00000574       0x37 ..\obj\rt_Mailbox.o
 .ARM.attributes
                0x000005ab       0x37 ..\obj\HAL_CM.o
 .ARM.attributes
                0x000005e2       0x25 ..\obj\SVC_Table.o
 .ARM.attributes
                0x00000607       0x37 ..\obj\rt_MemBox.o
 .ARM.attributes
                0x0000063e       0x37 ..\obj\rt_CMSIS.o
 .ARM.attributes
                0x00000675       0x37 D:\MyDocuments\GitHub\Sensor-Board/mbed/TARGET_NUCLEO_F401RE/TOOLCHAIN_GCC_ARM\libmbed.a(serial_api.o)
 .ARM.attributes
                0x000006ac       0x37 D:\MyDocuments\GitHub\Sensor-Board/mbed/TARGET_NUCLEO_F401RE/TOOLCHAIN_GCC_ARM\libmbed.a(assert.o)
 .ARM.attributes
                0x000006e3       0x37 D:\MyDocuments\GitHub\Sensor-Board/mbed/TARGET_NUCLEO_F401RE/TOOLCHAIN_GCC_ARM\libmbed.a(error.o)
 .ARM.attributes
                0x0000071a       0x37 D:\MyDocuments\GitHub\Sensor-Board/mbed/TARGET_NUCLEO_F401RE/TOOLCHAIN_GCC_ARM\libmbed.a(gpio.o)
 .ARM.attributes
                0x00000751       0x37 D:\MyDocuments\GitHub\Sensor-Board/mbed/TARGET_NUCLEO_F401RE/TOOLCHAIN_GCC_ARM\libmbed.a(pinmap_common.o)
 .ARM.attributes
                0x00000788       0x37 D:\MyDocuments\GitHub\Sensor-Board/mbed/TARGET_NUCLEO_F401RE/TOOLCHAIN_GCC_ARM\libmbed.a(us_ticker_api.o)
 .ARM.attributes
                0x000007bf       0x37 D:\MyDocuments\GitHub\Sensor-Board/mbed/TARGET_NUCLEO_F401RE/TOOLCHAIN_GCC_ARM\libmbed.a(wait_api.o)
 .ARM.attributes
                0x000007f6       0x37 D:\MyDocuments\GitHub\Sensor-Board/mbed/TARGET_NUCLEO_F401RE/TOOLCHAIN_GCC_ARM\libmbed.a(PeripheralPins.o)
 .ARM.attributes
                0x0000082d       0x37 D:\MyDocuments\GitHub\Sensor-Board/mbed/TARGET_NUCLEO_F401RE/TOOLCHAIN_GCC_ARM\libmbed.a(gpio_api.o)
 .ARM.attributes
                0x00000864       0x37 D:\MyDocuments\GitHub\Sensor-Board/mbed/TARGET_NUCLEO_F401RE/TOOLCHAIN_GCC_ARM\libmbed.a(pinmap.o)
 .ARM.attributes
                0x0000089b       0x37 D:\MyDocuments\GitHub\Sensor-Board/mbed/TARGET_NUCLEO_F401RE/TOOLCHAIN_GCC_ARM\libmbed.a(us_ticker.o)
 .ARM.attributes
                0x000008d2       0x32 d:/program files (x86)/gnu tools arm embedded/4.9 2014q4/bin/../lib/gcc/arm-none-eabi/4.9.3/../../../../arm-none-eabi/lib/armv7e-m/softfp\libstdc++_nano.a(new_op.o)
 .ARM.attributes
                0x00000904       0x32 d:/program files (x86)/gnu tools arm embedded/4.9 2014q4/bin/../lib/gcc/arm-none-eabi/4.9.3/../../../../arm-none-eabi/lib/armv7e-m/softfp\libstdc++_nano.a(del_op.o)
 .ARM.attributes
                0x00000936       0x32 d:/program files (x86)/gnu tools arm embedded/4.9 2014q4/bin/../lib/gcc/arm-none-eabi/4.9.3/../../../../arm-none-eabi/lib/armv7e-m/softfp\libstdc++_nano.a(new_handler.o)
 .ARM.attributes
                0x00000968       0x32 d:/program files (x86)/gnu tools arm embedded/4.9 2014q4/bin/../lib/gcc/arm-none-eabi/4.9.3/../../../../arm-none-eabi/lib/armv7e-m/softfp\libstdc++_nano.a(del_opv.o)
 .ARM.attributes
                0x0000099a       0x32 d:/program files (x86)/gnu tools arm embedded/4.9 2014q4/bin/../lib/gcc/arm-none-eabi/4.9.3/../../../../arm-none-eabi/lib/armv7e-m/softfp\libstdc++_nano.a(new_opv.o)
 .ARM.attributes
                0x000009cc       0x32 d:/program files (x86)/gnu tools arm embedded/4.9 2014q4/bin/../lib/gcc/arm-none-eabi/4.9.3/../../../../arm-none-eabi/lib/armv7e-m/softfp\libc_nano.a(lib_a-abort.o)
 .ARM.attributes
                0x000009fe       0x32 d:/program files (x86)/gnu tools arm embedded/4.9 2014q4/bin/../lib/gcc/arm-none-eabi/4.9.3/../../../../arm-none-eabi/lib/armv7e-m/softfp\libc_nano.a(lib_a-atexit.o)
 .ARM.attributes
                0x00000a30       0x32 d:/program files (x86)/gnu tools arm embedded/4.9 2014q4/bin/../lib/gcc/arm-none-eabi/4.9.3/../../../../arm-none-eabi/lib/armv7e-m/softfp\libc_nano.a(lib_a-errno.o)
 .ARM.attributes
                0x00000a62       0x32 d:/program files (x86)/gnu tools arm embedded/4.9 2014q4/bin/../lib/gcc/arm-none-eabi/4.9.3/../../../../arm-none-eabi/lib/armv7e-m/softfp\libc_nano.a(lib_a-exit.o)
 .ARM.attributes
                0x00000a94       0x32 d:/program files (x86)/gnu tools arm embedded/4.9 2014q4/bin/../lib/gcc/arm-none-eabi/4.9.3/../../../../arm-none-eabi/lib/armv7e-m/softfp\libc_nano.a(lib_a-fflush.o)
 .ARM.attributes
                0x00000ac6       0x32 d:/program files (x86)/gnu tools arm embedded/4.9 2014q4/bin/../lib/gcc/arm-none-eabi/4.9.3/../../../../arm-none-eabi/lib/armv7e-m/softfp\libc_nano.a(lib_a-findfp.o)
 .ARM.attributes
                0x00000af8       0x32 d:/program files (x86)/gnu tools arm embedded/4.9 2014q4/bin/../lib/gcc/arm-none-eabi/4.9.3/../../../../arm-none-eabi/lib/armv7e-m/softfp\libc_nano.a(lib_a-fini.o)
 .ARM.attributes
                0x00000b2a       0x32 d:/program files (x86)/gnu tools arm embedded/4.9 2014q4/bin/../lib/gcc/arm-none-eabi/4.9.3/../../../../arm-none-eabi/lib/armv7e-m/softfp\libc_nano.a(lib_a-fprintf.o)
 .ARM.attributes
                0x00000b5c       0x32 d:/program files (x86)/gnu tools arm embedded/4.9 2014q4/bin/../lib/gcc/arm-none-eabi/4.9.3/../../../../arm-none-eabi/lib/armv7e-m/softfp\libc_nano.a(lib_a-fwalk.o)
 .ARM.attributes
                0x00000b8e       0x32 d:/program files (x86)/gnu tools arm embedded/4.9 2014q4/bin/../lib/gcc/arm-none-eabi/4.9.3/../../../../arm-none-eabi/lib/armv7e-m/softfp\libc_nano.a(lib_a-impure.o)
 .ARM.attributes
                0x00000bc0       0x32 d:/program files (x86)/gnu tools arm embedded/4.9 2014q4/bin/../lib/gcc/arm-none-eabi/4.9.3/../../../../arm-none-eabi/lib/armv7e-m/softfp\libc_nano.a(lib_a-init.o)
 .ARM.attributes
                0x00000bf2       0x32 d:/program files (x86)/gnu tools arm embedded/4.9 2014q4/bin/../lib/gcc/arm-none-eabi/4.9.3/../../../../arm-none-eabi/lib/armv7e-m/softfp\libc_nano.a(lib_a-makebuf.o)
 .ARM.attributes
                0x00000c24       0x32 d:/program files (x86)/gnu tools arm embedded/4.9 2014q4/bin/../lib/gcc/arm-none-eabi/4.9.3/../../../../arm-none-eabi/lib/armv7e-m/softfp\libc_nano.a(lib_a-malloc.o)
 .ARM.attributes
                0x00000c56       0x32 d:/program files (x86)/gnu tools arm embedded/4.9 2014q4/bin/../lib/gcc/arm-none-eabi/4.9.3/../../../../arm-none-eabi/lib/armv7e-m/softfp\libc_nano.a(lib_a-memchr.o)
 .ARM.attributes
                0x00000c88       0x32 d:/program files (x86)/gnu tools arm embedded/4.9 2014q4/bin/../lib/gcc/arm-none-eabi/4.9.3/../../../../arm-none-eabi/lib/armv7e-m/softfp\libc_nano.a(lib_a-memcpy.o)
 .ARM.attributes
                0x00000cba       0x32 d:/program files (x86)/gnu tools arm embedded/4.9 2014q4/bin/../lib/gcc/arm-none-eabi/4.9.3/../../../../arm-none-eabi/lib/armv7e-m/softfp\libc_nano.a(lib_a-memset.o)
 .ARM.attributes
                0x00000cec       0x32 d:/program files (x86)/gnu tools arm embedded/4.9 2014q4/bin/../lib/gcc/arm-none-eabi/4.9.3/../../../../arm-none-eabi/lib/armv7e-m/softfp\libc_nano.a(lib_a-nano-freer.o)
 .ARM.attributes
                0x00000d1e       0x32 d:/program files (x86)/gnu tools arm embedded/4.9 2014q4/bin/../lib/gcc/arm-none-eabi/4.9.3/../../../../arm-none-eabi/lib/armv7e-m/softfp\libc_nano.a(lib_a-nano-mallocr.o)
 .ARM.attributes
                0x00000d50       0x32 d:/program files (x86)/gnu tools arm embedded/4.9 2014q4/bin/../lib/gcc/arm-none-eabi/4.9.3/../../../../arm-none-eabi/lib/armv7e-m/softfp\libc_nano.a(lib_a-nano-vfprintf.o)
 .ARM.attributes
                0x00000d82       0x32 d:/program files (x86)/gnu tools arm embedded/4.9 2014q4/bin/../lib/gcc/arm-none-eabi/4.9.3/../../../../arm-none-eabi/lib/armv7e-m/softfp\libc_nano.a(lib_a-nano-vfprintf_i.o)
 .ARM.attributes
                0x00000db4       0x32 d:/program files (x86)/gnu tools arm embedded/4.9 2014q4/bin/../lib/gcc/arm-none-eabi/4.9.3/../../../../arm-none-eabi/lib/armv7e-m/softfp\libc_nano.a(lib_a-reent.o)
 .ARM.attributes
                0x00000de6       0x32 d:/program files (x86)/gnu tools arm embedded/4.9 2014q4/bin/../lib/gcc/arm-none-eabi/4.9.3/../../../../arm-none-eabi/lib/armv7e-m/softfp\libc_nano.a(lib_a-sbrkr.o)
 .ARM.attributes
                0x00000e18       0x32 d:/program files (x86)/gnu tools arm embedded/4.9 2014q4/bin/../lib/gcc/arm-none-eabi/4.9.3/../../../../arm-none-eabi/lib/armv7e-m/softfp\libc_nano.a(lib_a-signal.o)
 .ARM.attributes